Archive member included to satisfy reference by file (symbol)

c:/users/swallen/appdata/roaming/xpacks/@gnu-mcu-eclipse/arm-none-eabi-gcc/8.2.1-1.3.1/.content/bin/../lib/gcc/arm-none-eabi/8.2.1/../../../../arm-none-eabi/lib/thumb/v7e-m/nofp\libm.a(lib_a-w_atan2.o)
                              ./src/serial.o (atan2)
c:/users/swallen/appdata/roaming/xpacks/@gnu-mcu-eclipse/arm-none-eabi-gcc/8.2.1-1.3.1/.content/bin/../lib/gcc/arm-none-eabi/8.2.1/../../../../arm-none-eabi/lib/thumb/v7e-m/nofp\libm.a(lib_a-w_sqrt.o)
                              ./src/accelerometer.o (sqrt)
c:/users/swallen/appdata/roaming/xpacks/@gnu-mcu-eclipse/arm-none-eabi-gcc/8.2.1-1.3.1/.content/bin/../lib/gcc/arm-none-eabi/8.2.1/../../../../arm-none-eabi/lib/thumb/v7e-m/nofp\libm.a(lib_a-e_atan2.o)
                              c:/users/swallen/appdata/roaming/xpacks/@gnu-mcu-eclipse/arm-none-eabi-gcc/8.2.1-1.3.1/.content/bin/../lib/gcc/arm-none-eabi/8.2.1/../../../../arm-none-eabi/lib/thumb/v7e-m/nofp\libm.a(lib_a-w_atan2.o) (__ieee754_atan2)
c:/users/swallen/appdata/roaming/xpacks/@gnu-mcu-eclipse/arm-none-eabi-gcc/8.2.1-1.3.1/.content/bin/../lib/gcc/arm-none-eabi/8.2.1/../../../../arm-none-eabi/lib/thumb/v7e-m/nofp\libm.a(lib_a-e_sqrt.o)
                              c:/users/swallen/appdata/roaming/xpacks/@gnu-mcu-eclipse/arm-none-eabi-gcc/8.2.1-1.3.1/.content/bin/../lib/gcc/arm-none-eabi/8.2.1/../../../../arm-none-eabi/lib/thumb/v7e-m/nofp\libm.a(lib_a-w_sqrt.o) (__ieee754_sqrt)
c:/users/swallen/appdata/roaming/xpacks/@gnu-mcu-eclipse/arm-none-eabi-gcc/8.2.1-1.3.1/.content/bin/../lib/gcc/arm-none-eabi/8.2.1/../../../../arm-none-eabi/lib/thumb/v7e-m/nofp\libm.a(lib_a-s_atan.o)
                              c:/users/swallen/appdata/roaming/xpacks/@gnu-mcu-eclipse/arm-none-eabi-gcc/8.2.1-1.3.1/.content/bin/../lib/gcc/arm-none-eabi/8.2.1/../../../../arm-none-eabi/lib/thumb/v7e-m/nofp\libm.a(lib_a-e_atan2.o) (atan)
c:/users/swallen/appdata/roaming/xpacks/@gnu-mcu-eclipse/arm-none-eabi-gcc/8.2.1-1.3.1/.content/bin/../lib/gcc/arm-none-eabi/8.2.1/../../../../arm-none-eabi/lib/thumb/v7e-m/nofp\libm.a(lib_a-s_fabs.o)
                              c:/users/swallen/appdata/roaming/xpacks/@gnu-mcu-eclipse/arm-none-eabi-gcc/8.2.1-1.3.1/.content/bin/../lib/gcc/arm-none-eabi/8.2.1/../../../../arm-none-eabi/lib/thumb/v7e-m/nofp\libm.a(lib_a-e_atan2.o) (fabs)
c:/users/swallen/appdata/roaming/xpacks/@gnu-mcu-eclipse/arm-none-eabi-gcc/8.2.1-1.3.1/.content/bin/../lib/gcc/arm-none-eabi/8.2.1/../../../../arm-none-eabi/lib/thumb/v7e-m/nofp\libm.a(lib_a-s_lib_ver.o)
                              c:/users/swallen/appdata/roaming/xpacks/@gnu-mcu-eclipse/arm-none-eabi-gcc/8.2.1-1.3.1/.content/bin/../lib/gcc/arm-none-eabi/8.2.1/../../../../arm-none-eabi/lib/thumb/v7e-m/nofp\libm.a(lib_a-w_sqrt.o) (__fdlib_version)
c:/users/swallen/appdata/roaming/xpacks/@gnu-mcu-eclipse/arm-none-eabi-gcc/8.2.1-1.3.1/.content/bin/../lib/gcc/arm-none-eabi/8.2.1/../../../../arm-none-eabi/lib/thumb/v7e-m/nofp\libm.a(lib_a-s_matherr.o)
                              c:/users/swallen/appdata/roaming/xpacks/@gnu-mcu-eclipse/arm-none-eabi-gcc/8.2.1-1.3.1/.content/bin/../lib/gcc/arm-none-eabi/8.2.1/../../../../arm-none-eabi/lib/thumb/v7e-m/nofp\libm.a(lib_a-w_sqrt.o) (matherr)
c:/users/swallen/appdata/roaming/xpacks/@gnu-mcu-eclipse/arm-none-eabi-gcc/8.2.1-1.3.1/.content/bin/../lib/gcc/arm-none-eabi/8.2.1/thumb/v7e-m/nofp\libgcc.a(_arm_addsubdf3.o)
                              c:/users/swallen/appdata/roaming/xpacks/@gnu-mcu-eclipse/arm-none-eabi-gcc/8.2.1-1.3.1/.content/bin/../lib/gcc/arm-none-eabi/8.2.1/../../../../arm-none-eabi/lib/thumb/v7e-m/nofp\libm.a(lib_a-e_atan2.o) (__aeabi_dsub)
c:/users/swallen/appdata/roaming/xpacks/@gnu-mcu-eclipse/arm-none-eabi-gcc/8.2.1-1.3.1/.content/bin/../lib/gcc/arm-none-eabi/8.2.1/thumb/v7e-m/nofp\libgcc.a(_arm_muldivdf3.o)
                              ./src/serial.o (__aeabi_dmul)
c:/users/swallen/appdata/roaming/xpacks/@gnu-mcu-eclipse/arm-none-eabi-gcc/8.2.1-1.3.1/.content/bin/../lib/gcc/arm-none-eabi/8.2.1/thumb/v7e-m/nofp\libgcc.a(_arm_cmpdf2.o)
                              c:/users/swallen/appdata/roaming/xpacks/@gnu-mcu-eclipse/arm-none-eabi-gcc/8.2.1-1.3.1/.content/bin/../lib/gcc/arm-none-eabi/8.2.1/../../../../arm-none-eabi/lib/thumb/v7e-m/nofp\libm.a(lib_a-w_sqrt.o) (__aeabi_dcmplt)
c:/users/swallen/appdata/roaming/xpacks/@gnu-mcu-eclipse/arm-none-eabi-gcc/8.2.1-1.3.1/.content/bin/../lib/gcc/arm-none-eabi/8.2.1/thumb/v7e-m/nofp\libgcc.a(_arm_unorddf2.o)
                              c:/users/swallen/appdata/roaming/xpacks/@gnu-mcu-eclipse/arm-none-eabi-gcc/8.2.1-1.3.1/.content/bin/../lib/gcc/arm-none-eabi/8.2.1/../../../../arm-none-eabi/lib/thumb/v7e-m/nofp\libm.a(lib_a-w_sqrt.o) (__aeabi_dcmpun)
c:/users/swallen/appdata/roaming/xpacks/@gnu-mcu-eclipse/arm-none-eabi-gcc/8.2.1-1.3.1/.content/bin/../lib/gcc/arm-none-eabi/8.2.1/thumb/v7e-m/nofp\libgcc.a(_arm_fixdfsi.o)
                              ./src/serial.o (__aeabi_d2iz)
[...]
Memory Configuration

Name             Origin             Length             Attributes
RAM              0x0000000020000000 0x0000000000020000 xrw
CCMRAM           0x0000000010000000 0x0000000000010000 xrw
FLASH            0x0000000008000000 0x0000000000080000 xr
FLASHB1          0x0000000000000000 0x0000000000000000 xr
EXTMEMB0         0x0000000000000000 0x0000000000000000 xr
EXTMEMB1         0x0000000000000000 0x0000000000000000 xr
EXTMEMB2         0x0000000000000000 0x0000000000000000 xr
EXTMEMB3         0x0000000000000000 0x0000000000000000 xr
MEMORY_ARRAY     0x0000000020002000 0x0000000000000020 xrw
*default*        0x0000000000000000 0xffffffffffffffff

Linker script and memory map

LOAD ./system/src/stm32f4-hal/stm32f4xx_hal.o
LOAD ./system/src/stm32f4-hal/stm32f4xx_hal_adc.o
LOAD ./system/src/stm32f4-hal/stm32f4xx_hal_adc_ex.o
LOAD ./system/src/stm32f4-hal/stm32f4xx_hal_cortex.o
LOAD ./system/src/stm32f4-hal/stm32f4xx_hal_dac.o
LOAD ./system/src/stm32f4-hal/stm32f4xx_hal_dac_ex.o
LOAD ./system/src/stm32f4-hal/stm32f4xx_hal_dfsdm.o
LOAD ./system/src/stm32f4-hal/stm32f4xx_hal_dma.o
LOAD ./system/src/stm32f4-hal/stm32f4xx_hal_dma2d.o
LOAD ./system/src/stm32f4-hal/stm32f4xx_hal_dma_ex.o
LOAD ./system/src/stm32f4-hal/stm32f4xx_hal_flash.o
LOAD ./system/src/stm32f4-hal/stm32f4xx_hal_gpio.o
LOAD ./system/src/stm32f4-hal/stm32f4xx_hal_i2c.o
LOAD ./system/src/stm32f4-hal/stm32f4xx_hal_i2c_ex.o
LOAD ./system/src/stm32f4-hal/stm32f4xx_hal_iwdg.o
LOAD ./system/src/stm32f4-hal/stm32f4xx_hal_pwr.o
LOAD ./system/src/stm32f4-hal/stm32f4xx_hal_rcc.o
LOAD ./system/src/stm32f4-hal/stm32f4xx_hal_spi.o
LOAD ./system/src/stm32f4-hal/stm32f4xx_hal_tim.o
LOAD ./system/src/stm32f4-hal/stm32f4xx_hal_tim_ex.o
LOAD ./system/src/stm32f4-hal/stm32f4xx_hal_uart.o
LOAD ./system/src/newlib/_cxx.o
LOAD ./system/src/newlib/_exit.o
LOAD ./system/src/newlib/_sbrk.o
LOAD ./system/src/newlib/_startup.o
LOAD ./system/src/newlib/_syscalls.o
LOAD ./system/src/newlib/assert.o
LOAD ./system/src/diag/Trace.o
LOAD ./system/src/diag/trace_impl.o
LOAD ./system/src/cortexm/_initialize_hardware.o
LOAD ./system/src/cortexm/_reset_hardware.o
LOAD ./system/src/cortexm/exception_handlers.o
LOAD ./system/src/cmsis/vectors_stm32f446xx.o
LOAD ./src/LEDs.o
LOAD ./src/_write.o
LOAD ./src/accelerometer.o
LOAD ./src/adcs.o
LOAD ./src/animations.o
LOAD ./src/lidar.o
LOAD ./src/main.o
LOAD ./src/motors.o
LOAD ./src/serial.o
LOAD ./src/stm32f4xx_hal_msp.o
LOAD ./src/stm32f4xx_it.o
LOAD ./src/system_stm32f4xx.o
LOAD ./src/time.o
LOAD ./src/topLoop.o
LOAD ./src/watchdog.o
LOAD c:/users/swallen/appdata/roaming/xpacks/@gnu-mcu-eclipse/arm-none-eabi-gcc/8.2.1-1.3.1/.content/bin/../lib/gcc/arm-none-eabi/8.2.1/../../../../arm-none-eabi/lib/thumb/v7e-m/nofp\libstdc++_nano.a
LOAD c:/users/swallen/appdata/roaming/xpacks/@gnu-mcu-eclipse/arm-none-eabi-gcc/8.2.1-1.3.1/.content/bin/../lib/gcc/arm-none-eabi/8.2.1/../../../../arm-none-eabi/lib/thumb/v7e-m/nofp\libm.a
START GROUP
LOAD c:/users/swallen/appdata/roaming/xpacks/@gnu-mcu-eclipse/arm-none-eabi-gcc/8.2.1-1.3.1/.content/bin/../lib/gcc/arm-none-eabi/8.2.1/thumb/v7e-m/nofp\libgcc.a
LOAD c:/users/swallen/appdata/roaming/xpacks/@gnu-mcu-eclipse/arm-none-eabi-gcc/8.2.1-1.3.1/.content/bin/../lib/gcc/arm-none-eabi/8.2.1/../../../../arm-none-eabi/lib/thumb/v7e-m/nofp\libg_nano.a
LOAD c:/users/swallen/appdata/roaming/xpacks/@gnu-mcu-eclipse/arm-none-eabi-gcc/8.2.1-1.3.1/.content/bin/../lib/gcc/arm-none-eabi/8.2.1/../../../../arm-none-eabi/lib/thumb/v7e-m/nofp\libc_nano.a
END GROUP
START GROUP
LOAD c:/users/swallen/appdata/roaming/xpacks/@gnu-mcu-eclipse/arm-none-eabi-gcc/8.2.1-1.3.1/.content/bin/../lib/gcc/arm-none-eabi/8.2.1/thumb/v7e-m/nofp\libgcc.a
LOAD c:/users/swallen/appdata/roaming/xpacks/@gnu-mcu-eclipse/arm-none-eabi-gcc/8.2.1-1.3.1/.content/bin/../lib/gcc/arm-none-eabi/8.2.1/../../../../arm-none-eabi/lib/thumb/v7e-m/nofp\libc_nano.a
END GROUP
                0x0000000020020000                __stack = (ORIGIN (RAM) + LENGTH (RAM))
                0x0000000020020000                _estack = __stack
                0x0000000000000400                __Main_Stack_Size = 0x400
                [!provide]                        PROVIDE (_Main_Stack_Size = __Main_Stack_Size)
                0x000000002001fc00                __Main_Stack_Limit = (__stack - __Main_Stack_Size)
                [!provide]                        PROVIDE (_Main_Stack_Limit = __Main_Stack_Limit)
                0x0000000000000100                _Minimum_Stack_Size = 0x100
                0x00000000200055e0                PROVIDE (_Heap_Begin = _end_noinit)
                0x000000002001fc00                PROVIDE (_Heap_Limit = (__stack - __Main_Stack_Size))

.isr_vector     0x0000000008000000      0x408
 FILL mask 0xff
                0x0000000008000000                __vectors_start = ABSOLUTE (.)
                0x0000000008000000                __vectors_start__ = ABSOLUTE (.)
 *(.isr_vector)
 .isr_vector    0x0000000008000000      0x1c4 ./system/src/cmsis/vectors_stm32f446xx.o
                0x0000000008000000                __isr_vectors
 *(.cfmconfig)
 *(.after_vectors .after_vectors.*)
 .after_vectors
                0x00000000080001c4      0x114 ./system/src/newlib/_startup.o
                0x00000000080001c4                _start
 .after_vectors
                0x00000000080002d8      0x12c ./system/src/cortexm/exception_handlers.o
                0x00000000080002d8                Reset_Handler
                0x00000000080002e2                HardFault_Handler
                0x00000000080002f6                HardFault_Handler_C
                0x000000000800036c                BusFault_Handler_C
                0x00000000080003b4                UsageFault_Handler_C
 .after_vectors
                0x0000000008000404        0x4 ./system/src/cmsis/vectors_stm32f446xx.o
                0x0000000008000404                RTC_Alarm_IRQHandler
                0x0000000008000404                EXTI2_IRQHandler
                0x0000000008000404                TIM8_CC_IRQHandler
                0x0000000008000404                SPI4_IRQHandler
                0x0000000008000404                TIM1_CC_IRQHandler
                0x0000000008000404                DMA2_Stream5_IRQHandler
                0x0000000008000404                DMA1_Stream5_IRQHandler
                0x0000000008000404                PVD_IRQHandler
                0x0000000008000404                SDIO_IRQHandler
                0x0000000008000404                TAMP_STAMP_IRQHandler
                0x0000000008000404                CAN2_RX1_IRQHandler
                0x0000000008000404                EXTI3_IRQHandler
                0x0000000008000404                TIM8_TRG_COM_TIM14_IRQHandler
                0x0000000008000404                TIM1_UP_TIM10_IRQHandler
                0x0000000008000404                TIM8_UP_TIM13_IRQHandler
                0x0000000008000404                I2C3_ER_IRQHandler
                0x0000000008000404                EXTI0_IRQHandler
                0x0000000008000404                I2C2_EV_IRQHandler
                0x0000000008000404                DMA1_Stream2_IRQHandler
                0x0000000008000404                CAN1_RX0_IRQHandler
                0x0000000008000404                FPU_IRQHandler
                0x0000000008000404                OTG_HS_WKUP_IRQHandler
                0x0000000008000404                CAN2_SCE_IRQHandler
                0x0000000008000404                DMA2_Stream2_IRQHandler
                0x0000000008000404                SPI1_IRQHandler
                0x0000000008000404                TIM6_DAC_IRQHandler
                0x0000000008000404                TIM1_BRK_TIM9_IRQHandler
                0x0000000008000404                DCMI_IRQHandler
                0x0000000008000404                CAN2_RX0_IRQHandler
                0x0000000008000404                DMA2_Stream3_IRQHandler
                0x0000000008000404                SAI2_IRQHandler
                0x0000000008000404                USART6_IRQHandler
                0x0000000008000404                CAN1_RX1_IRQHandler
                0x0000000008000404                UART5_IRQHandler
                0x0000000008000404                DMA2_Stream0_IRQHandler
                0x0000000008000404                I2C4_Error_IRQHandler
                0x0000000008000404                TIM4_IRQHandler
                0x0000000008000404                QUADSPI_IRQHandler
                0x0000000008000404                I2C1_EV_IRQHandler
                0x0000000008000404                DMA1_Stream6_IRQHandler
                0x0000000008000404                UART4_IRQHandler
                0x0000000008000404                TIM3_IRQHandler
                0x0000000008000404                RCC_IRQHandler
                0x0000000008000404                TIM8_BRK_TIM12_IRQHandler
                0x0000000008000404                Default_Handler
                0x0000000008000404                CEC_IRQHandler
                0x0000000008000404                EXTI15_10_IRQHandler
                0x0000000008000404                ADC_IRQHandler
                0x0000000008000404                DMA1_Stream7_IRQHandler
                0x0000000008000404                TIM7_IRQHandler
                0x0000000008000404                CAN2_TX_IRQHandler
                0x0000000008000404                TIM5_IRQHandler
                0x0000000008000404                DMA2_Stream7_IRQHandler
                0x0000000008000404                I2C3_EV_IRQHandler
                0x0000000008000404                EXTI9_5_IRQHandler
                0x0000000008000404                RTC_WKUP_IRQHandler
                0x0000000008000404                SPDIF_RX_IRQHandler
                0x0000000008000404                SPI2_IRQHandler
                0x0000000008000404                OTG_HS_EP1_IN_IRQHandler
                0x0000000008000404                DMA1_Stream0_IRQHandler
                0x0000000008000404                CAN1_TX_IRQHandler
                0x0000000008000404                EXTI4_IRQHandler
                0x0000000008000404                OTG_HS_EP1_OUT_IRQHandler
                0x0000000008000404                WWDG_IRQHandler
                0x0000000008000404                TIM2_IRQHandler
                0x0000000008000404                OTG_FS_WKUP_IRQHandler
                0x0000000008000404                TIM1_TRG_COM_TIM11_IRQHandler
                0x0000000008000404                OTG_HS_IRQHandler
                0x0000000008000404                EXTI1_IRQHandler
                0x0000000008000404                USART2_IRQHandler
                0x0000000008000404                I2C2_ER_IRQHandler
                0x0000000008000404                DMA2_Stream1_IRQHandler
                0x0000000008000404                CAN1_SCE_IRQHandler
                0x0000000008000404                FLASH_IRQHandler
                0x0000000008000404                DMA2_Stream4_IRQHandler
                0x0000000008000404                USART1_IRQHandler
                0x0000000008000404                OTG_FS_IRQHandler
                0x0000000008000404                SPI3_IRQHandler
                0x0000000008000404                DMA1_Stream4_IRQHandler
                0x0000000008000404                I2C1_ER_IRQHandler
                0x0000000008000404                FMC_IRQHandler
                0x0000000008000404                I2C4_Event_IRQHandler
                0x0000000008000404                DMA2_Stream6_IRQHandler
                0x0000000008000404                SAI1_IRQHandler

.inits          0x0000000008000408       0x28
                0x0000000008000408                __data_regions_array_start = .
                0x0000000008000408        0x4 LONG 0x8007dc4 LOADADDR (.data)
                0x000000000800040c        0x4 LONG 0x20000000 ADDR (.data)
                0x0000000008000410        0x4 LONG 0x200001bc (ADDR (.data) + SIZEOF (.data))
                0x0000000008000414        0x4 LONG 0x8007dc4 LOADADDR (.data_CCMRAM)
                0x0000000008000418        0x4 LONG 0x10000000 ADDR (.data_CCMRAM)
                0x000000000800041c        0x4 LONG 0x10000000 (ADDR (.data_CCMRAM) + SIZEOF (.data_CCMRAM))
                0x0000000008000420                __data_regions_array_end = .
                0x0000000008000420                __bss_regions_array_start = .
                0x0000000008000420        0x4 LONG 0x200001bc ADDR (.bss)
                0x0000000008000424        0x4 LONG 0x200055e0 (ADDR (.bss) + SIZEOF (.bss))
                0x0000000008000428        0x4 LONG 0x10000000 ADDR (.bss_CCMRAM)
                0x000000000800042c        0x4 LONG 0x10000000 (ADDR (.bss_CCMRAM) + SIZEOF (.bss_CCMRAM))
                0x0000000008000430                __bss_regions_array_end = .
 *(.init)
 *(.fini)
                0x0000000008000430                . = ALIGN (0x4)
                0x0000000008000430                PROVIDE (__preinit_array_start = .)
 *(.preinit_array_sysinit .preinit_array_sysinit.*)
 *(.preinit_array_platform .preinit_array_platform.*)
 *(.preinit_array .preinit_array.*)
                0x0000000008000430                PROVIDE (__preinit_array_end = .)
                0x0000000008000430                . = ALIGN (0x4)
                0x0000000008000430                PROVIDE (__init_array_start = .)
 *(SORT_BY_NAME(.init_array.*))
 *(.init_array)
                0x0000000008000430                PROVIDE (__init_array_end = .)
                0x0000000008000430                . = ALIGN (0x4)
                0x0000000008000430                PROVIDE (__fini_array_start = .)
 *(SORT_BY_NAME(.fini_array.*))
 *(.fini_array)
                0x0000000008000430                PROVIDE (__fini_array_end = .)

.flashtext
 *(.flashtext .flashtext.*)

.text           0x0000000008000430     0x7993
 *(.text .text.*)
 .text.HAL_InitTick
                0x0000000008000430       0x2c ./system/src/stm32f4-hal/stm32f4xx_hal.o
                0x0000000008000430                HAL_InitTick
 .text.HAL_Init
                0x000000000800045c       0x34 ./system/src/stm32f4-hal/stm32f4xx_hal.o
                0x000000000800045c                HAL_Init
 .text.HAL_IncTick
                0x0000000008000490       0x10 ./system/src/stm32f4-hal/stm32f4xx_hal.o
                0x0000000008000490                HAL_IncTick
 .text.HAL_GetTick
                0x00000000080004a0        0xc ./system/src/stm32f4-hal/stm32f4xx_hal.o
                0x00000000080004a0                HAL_GetTick
 .text.ADC_Init
                0x00000000080004ac      0x158 ./system/src/stm32f4-hal/stm32f4xx_hal_adc.o
 .text.HAL_ADC_Init
                0x0000000008000604      0x1ec ./system/src/stm32f4-hal/stm32f4xx_hal_adc.o
                0x0000000008000604                HAL_ADC_Init
 .text.HAL_ADC_Start
                0x00000000080007f0      0x134 ./system/src/stm32f4-hal/stm32f4xx_hal_adc.o
                0x00000000080007f0                HAL_ADC_Start
 .text.HAL_ADC_ConfigChannel
                0x0000000008000924      0x1d8 ./system/src/stm32f4-hal/stm32f4xx_hal_adc.o
                0x0000000008000924                HAL_ADC_ConfigChannel
 .text.HAL_NVIC_SetPriorityGrouping
                0x0000000008000afc       0x3c ./system/src/stm32f4-hal/stm32f4xx_hal_cortex.o
                0x0000000008000afc                HAL_NVIC_SetPriorityGrouping
 .text.HAL_NVIC_SetPriority
                0x0000000008000b38       0x8c ./system/src/stm32f4-hal/stm32f4xx_hal_cortex.o
                0x0000000008000b38                HAL_NVIC_SetPriority
 .text.HAL_NVIC_EnableIRQ
                0x0000000008000bc4       0x2c ./system/src/stm32f4-hal/stm32f4xx_hal_cortex.o
                0x0000000008000bc4                HAL_NVIC_EnableIRQ
 .text.HAL_SYSTICK_Config
                0x0000000008000bf0       0x2c ./system/src/stm32f4-hal/stm32f4xx_hal_cortex.o
                0x0000000008000bf0                HAL_SYSTICK_Config
 .text.HAL_DAC_Init
                0x0000000008000c1c       0x40 ./system/src/stm32f4-hal/stm32f4xx_hal_dac.o
                0x0000000008000c1c                HAL_DAC_Init
 .text.HAL_DAC_ConfigChannel
                0x0000000008000c5c       0xa8 ./system/src/stm32f4-hal/stm32f4xx_hal_dac.o
                0x0000000008000c5c                HAL_DAC_ConfigChannel
 .text.HAL_DMA_Abort_IT
                0x0000000008000d04       0x26 ./system/src/stm32f4-hal/stm32f4xx_hal_dma.o
                0x0000000008000d04                HAL_DMA_Abort_IT
 *fill*         0x0000000008000d2a        0x2 
 .text.HAL_DMA_IRQHandler
                0x0000000008000d2c      0x1e4 ./system/src/stm32f4-hal/stm32f4xx_hal_dma.o
                0x0000000008000d2c                HAL_DMA_IRQHandler
 .text.HAL_GPIO_Init
                0x0000000008000f10      0x2e4 ./system/src/stm32f4-hal/stm32f4xx_hal_gpio.o
                0x0000000008000f10                HAL_GPIO_Init
 .text.HAL_GPIO_ReadPin
                0x00000000080011f4       0x28 ./system/src/stm32f4-hal/stm32f4xx_hal_gpio.o
                0x00000000080011f4                HAL_GPIO_ReadPin
 .text.HAL_GPIO_WritePin
                0x000000000800121c       0x38 ./system/src/stm32f4-hal/stm32f4xx_hal_gpio.o
                0x000000000800121c                HAL_GPIO_WritePin
 .text.HAL_I2C_MspInit
                0x0000000008001254        0x2 ./system/src/stm32f4-hal/stm32f4xx_hal_i2c.o
                0x0000000008001254                HAL_I2C_MspInit
 *fill*         0x0000000008001256        0x2 
 .text.HAL_I2C_Init
                0x0000000008001258      0x1f8 ./system/src/stm32f4-hal/stm32f4xx_hal_i2c.o
                0x0000000008001258                HAL_I2C_Init
 .text.HAL_IWDG_Init
                0x0000000008001450       0x88 ./system/src/stm32f4-hal/stm32f4xx_hal_iwdg.o
                0x0000000008001450                HAL_IWDG_Init
 .text.HAL_IWDG_Refresh
                0x00000000080014d8        0xc ./system/src/stm32f4-hal/stm32f4xx_hal_iwdg.o
                0x00000000080014d8                HAL_IWDG_Refresh
 .text.HAL_RCC_OscConfig
                0x00000000080014e4      0x43c ./system/src/stm32f4-hal/stm32f4xx_hal_rcc.o
                0x00000000080014e4                HAL_RCC_OscConfig
 .text.HAL_RCC_GetSysClockFreq
                0x0000000008001920       0x80 ./system/src/stm32f4-hal/stm32f4xx_hal_rcc.o
                0x0000000008001920                HAL_RCC_GetSysClockFreq
 .text.HAL_RCC_ClockConfig
                0x00000000080019a0      0x258 ./system/src/stm32f4-hal/stm32f4xx_hal_rcc.o
                0x00000000080019a0                HAL_RCC_ClockConfig
 .text.HAL_RCC_GetHCLKFreq
                0x0000000008001bf8        0xc ./system/src/stm32f4-hal/stm32f4xx_hal_rcc.o
                0x0000000008001bf8                HAL_RCC_GetHCLKFreq
 .text.HAL_RCC_GetPCLK1Freq
                0x0000000008001c04       0x2c ./system/src/stm32f4-hal/stm32f4xx_hal_rcc.o
                0x0000000008001c04                HAL_RCC_GetPCLK1Freq
 .text.HAL_RCC_GetPCLK2Freq
                0x0000000008001c30       0x2c ./system/src/stm32f4-hal/stm32f4xx_hal_rcc.o
                0x0000000008001c30                HAL_RCC_GetPCLK2Freq
 .text.SPI_WaitFlagStateUntilTimeout
                0x0000000008001c5c       0x96 ./system/src/stm32f4-hal/stm32f4xx_hal_spi.o
 .text.SPI_CheckFlag_BSY
                0x0000000008001cf2       0x28 ./system/src/stm32f4-hal/stm32f4xx_hal_spi.o
 *fill*         0x0000000008001d1a        0x2 
 .text.HAL_SPI_Init
                0x0000000008001d1c      0x19c ./system/src/stm32f4-hal/stm32f4xx_hal_spi.o
                0x0000000008001d1c                HAL_SPI_Init
 .text.HAL_SPI_Transmit
                0x0000000008001eb8      0x1b4 ./system/src/stm32f4-hal/stm32f4xx_hal_spi.o
                0x0000000008001eb8                HAL_SPI_Transmit
 .text.TIM_TI1_ConfigInputStage
                0x000000000800206c       0x24 ./system/src/stm32f4-hal/stm32f4xx_hal_tim.o
 .text.TIM_TI2_ConfigInputStage
                0x0000000008002090       0x26 ./system/src/stm32f4-hal/stm32f4xx_hal_tim.o
 .text.TIM_ITRx_SetConfig
                0x00000000080020b6       0x10 ./system/src/stm32f4-hal/stm32f4xx_hal_tim.o
 .text.TIM_ETR_SetConfig
                0x00000000080020c6       0x16 ./system/src/stm32f4-hal/stm32f4xx_hal_tim.o
 .text.HAL_TIM_ConfigClockSource
                0x00000000080020dc      0x5c8 ./system/src/stm32f4-hal/stm32f4xx_hal_tim.o
                0x00000000080020dc                HAL_TIM_ConfigClockSource
 .text.TIM_CCxChannelCmd
                0x00000000080026a4       0xb0 ./system/src/stm32f4-hal/stm32f4xx_hal_tim.o
                0x00000000080026a4                TIM_CCxChannelCmd
 .text.HAL_TIM_PWM_Start
                0x0000000008002754       0xec ./system/src/stm32f4-hal/stm32f4xx_hal_tim.o
                0x0000000008002754                HAL_TIM_PWM_Start
 .text.UART_EndRxTransfer
                0x0000000008002840       0x1c ./system/src/stm32f4-hal/stm32f4xx_hal_uart.o
 .text.UART_Transmit_IT
                0x000000000800285c       0x64 ./system/src/stm32f4-hal/stm32f4xx_hal_uart.o
 .text.UART_SetConfig
                0x00000000080028c0      0x3a0 ./system/src/stm32f4-hal/stm32f4xx_hal_uart.o
 .text.HAL_UART_Init
                0x0000000008002c60      0x124 ./system/src/stm32f4-hal/stm32f4xx_hal_uart.o
                0x0000000008002c60                HAL_UART_Init
 .text.HAL_UART_Receive_IT
                0x0000000008002d84       0x5c ./system/src/stm32f4-hal/stm32f4xx_hal_uart.o
                0x0000000008002d84                HAL_UART_Receive_IT
 .text.HAL_UART_TxCpltCallback
                0x0000000008002de0        0x2 ./system/src/stm32f4-hal/stm32f4xx_hal_uart.o
                0x0000000008002de0                HAL_UART_TxCpltCallback
 .text.UART_EndTransmit_IT
                0x0000000008002de2       0x1a ./system/src/stm32f4-hal/stm32f4xx_hal_uart.o
 .text.UART_Receive_IT
                0x0000000008002dfc       0x92 ./system/src/stm32f4-hal/stm32f4xx_hal_uart.o
 .text.HAL_UART_ErrorCallback
                0x0000000008002e8e        0x2 ./system/src/stm32f4-hal/stm32f4xx_hal_uart.o
                0x0000000008002e8e                HAL_UART_ErrorCallback
 .text.HAL_UART_IRQHandler
                0x0000000008002e90      0x128 ./system/src/stm32f4-hal/stm32f4xx_hal_uart.o
                0x0000000008002e90                HAL_UART_IRQHandler
 .text.UART_DMAAbortOnError
                0x0000000008002fb8       0x10 ./system/src/stm32f4-hal/stm32f4xx_hal_uart.o
 .text._sbrk    0x0000000008002fc8       0x44 ./system/src/newlib/_sbrk.o
                0x0000000008002fc8                _sbrk
 .text.get_errno
                0x000000000800300c       0x12 ./system/src/newlib/_syscalls.o
 .text.error    0x000000000800301e       0x14 ./system/src/newlib/_syscalls.o
 .text.checkerror
                0x0000000008003032       0x10 ./system/src/newlib/_syscalls.o
 *fill*         0x0000000008003042        0x2 
 .text.findslot
                0x0000000008003044       0x3c ./system/src/newlib/_syscalls.o
 .text._exit    0x0000000008003080       0x20 ./system/src/newlib/_syscalls.o
                0x0000000008003080                _exit
 .text.initialise_monitor_handles
                0x00000000080030a0       0xa8 ./system/src/newlib/_syscalls.o
                0x00000000080030a0                initialise_monitor_handles
 .text.__initialize_args
                0x0000000008003148       0xbc ./system/src/newlib/_syscalls.o
                0x0000000008003148                __initialize_args
 .text._swiread
                0x0000000008003204       0x20 ./system/src/newlib/_syscalls.o
                0x0000000008003204                _swiread
 .text._read    0x0000000008003224       0x36 ./system/src/newlib/_syscalls.o
                0x0000000008003224                _read
 .text._swilseek
                0x000000000800325a       0xaa ./system/src/newlib/_syscalls.o
                0x000000000800325a                _swilseek
 .text._lseek   0x0000000008003304        0x8 ./system/src/newlib/_syscalls.o
                0x0000000008003304                _lseek
 .text._swiwrite
                0x000000000800330c       0x20 ./system/src/newlib/_syscalls.o
                0x000000000800330c                _swiwrite
 .text._write   0x000000000800332c       0x46 ./system/src/newlib/_syscalls.o
                0x000000000800332c                _write
 .text._swiclose
                0x0000000008003372       0x1c ./system/src/newlib/_syscalls.o
                0x0000000008003372                _swiclose
 *fill*         0x000000000800338e        0x2 
 .text._close   0x0000000008003390       0x4c ./system/src/newlib/_syscalls.o
                0x0000000008003390                _close
 .text._swistat
                0x00000000080033dc       0x44 ./system/src/newlib/_syscalls.o
                0x00000000080033dc                _swistat
 .text._fstat   0x0000000008003420       0x1a ./system/src/newlib/_syscalls.o
                0x0000000008003420                _fstat
 .text._isatty  0x000000000800343a       0x36 ./system/src/newlib/_syscalls.o
                0x000000000800343a                _isatty
 .text.trace_printf
                0x0000000008003470       0x34 ./system/src/diag/Trace.o
                0x0000000008003470                trace_printf
 .text._trace_write_semihosting_debug
                0x00000000080034a4       0x60 ./system/src/diag/trace_impl.o
 .text.trace_write
                0x0000000008003504        0x8 ./system/src/diag/trace_impl.o
                0x0000000008003504                trace_write
 .text.__initialize_hardware_early
                0x000000000800350c       0x18 ./system/src/cortexm/_initialize_hardware.o
                0x000000000800350c                __initialize_hardware_early
 .text.__initialize_hardware
                0x0000000008003524        0x8 ./system/src/cortexm/_initialize_hardware.o
                0x0000000008003524                __initialize_hardware
 .text.dumpExceptionStack
                0x000000000800352c       0xf4 ./system/src/cortexm/exception_handlers.o
                0x000000000800352c                dumpExceptionStack
 .text.isSemihosting
                0x0000000008003620      0x100 ./system/src/cortexm/exception_handlers.o
                0x0000000008003620                isSemihosting
 .text.LED_init
                0x0000000008003720       0x38 ./src/LEDs.o
                0x0000000008003720                LED_init
 .text.updateLEDs
                0x0000000008003758       0x40 ./src/LEDs.o
                0x0000000008003758                updateLEDs
 .text.getAccelAngle
                0x0000000008003798        0xc ./src/accelerometer.o
                0x0000000008003798                getAccelAngle
 .text.getHybridAngle
                0x00000000080037a4       0x44 ./src/accelerometer.o
                0x00000000080037a4                getHybridAngle
 .text.upToSpeed
                0x00000000080037e8       0x14 ./src/accelerometer.o
                0x00000000080037e8                upToSpeed
 .text.writeI2CReg8Blocking
                0x00000000080037fc       0xb2 ./src/accelerometer.o
                0x00000000080037fc                writeI2CReg8Blocking
 .text.readI2CReg16Blocking
                0x00000000080038ae      0x158 ./src/accelerometer.o
                0x00000000080038ae                readI2CReg16Blocking
 *fill*         0x0000000008003a06        0x2 
 .text.I2C_ClearBusyFlagErratum
                0x0000000008003a08      0x148 ./src/accelerometer.o
                0x0000000008003a08                I2C_ClearBusyFlagErratum
 .text.initAccelerometer
                0x0000000008003b50       0xb4 ./src/accelerometer.o
                0x0000000008003b50                initAccelerometer
 .text.runAccelerometer
                0x0000000008003c04      0x140 ./src/accelerometer.o
                0x0000000008003c04                runAccelerometer
 .text.runHybridSensing
                0x0000000008003d44       0xb4 ./src/accelerometer.o
                0x0000000008003d44                runHybridSensing
 .text.initADCs
                0x0000000008003df8       0x24 ./src/adcs.o
                0x0000000008003df8                initADCs
 .text.getBandPass
                0x0000000008003e1c        0xc ./src/adcs.o
                0x0000000008003e1c                getBandPass
 .text.createBlankFrame
                0x0000000008003e28       0x2a ./src/animations.o
                0x0000000008003e28                createBlankFrame
 .text.createMonocolorFrame
                0x0000000008003e52       0x4c ./src/animations.o
                0x0000000008003e52                createMonocolorFrame
 .text.addBlankFrame
                0x0000000008003e9e        0xe ./src/animations.o
                0x0000000008003e9e                addBlankFrame
 .text.addMonocolorFrame
                0x0000000008003eac       0x20 ./src/animations.o
                0x0000000008003eac                addMonocolorFrame
 .text.setAnimation
                0x0000000008003ecc       0x8c ./src/animations.o
                0x0000000008003ecc                setAnimation
 .text.runTimeAnimation
                0x0000000008003f58       0x48 ./src/animations.o
                0x0000000008003f58                runTimeAnimation
 .text.runPOVAnimation
                0x0000000008003fa0       0x5c ./src/animations.o
                0x0000000008003fa0                runPOVAnimation
 .text.initSafeAnimation
                0x0000000008003ffc       0x6c ./src/animations.o
                0x0000000008003ffc                initSafeAnimation
 .text.initIdleAnimation
                0x0000000008004068       0x6c ./src/animations.o
                0x0000000008004068                initIdleAnimation
 .text.initPreJukeAnimation
                0x00000000080040d4       0x6c ./src/animations.o
                0x00000000080040d4                initPreJukeAnimation
 .text.initJukeAnimation
                0x0000000008004140       0x68 ./src/animations.o
                0x0000000008004140                initJukeAnimation
 .text.initDriveAnimation
                0x00000000080041a8       0x68 ./src/animations.o
                0x00000000080041a8                initDriveAnimation
 .text.initSpinAnimation
                0x0000000008004210      0x24c ./src/animations.o
                0x0000000008004210                initSpinAnimation
 .text.initAnimations
                0x000000000800445c       0x20 ./src/animations.o
                0x000000000800445c                initAnimations
 .text.MX_GPIO_Init
                0x000000000800447c       0xd8 ./src/main.o
 .text.Error_Handler
                0x0000000008004554       0x10 ./src/main.o
                0x0000000008004554                Error_Handler
 .text.MX_ADC1_Init
                0x0000000008004564       0x6c ./src/main.o
 .text.MX_ADC2_Init
                0x00000000080045d0       0x6c ./src/main.o
 .text.MX_ADC3_Init
                0x000000000800463c       0x68 ./src/main.o
 .text.MX_DAC_Init
                0x00000000080046a4       0x54 ./src/main.o
 .text.MX_SPI3_Init
                0x00000000080046f8       0x40 ./src/main.o
 .text.SystemClock_Config
                0x0000000008004738       0xa8 ./src/main.o
                0x0000000008004738                SystemClock_Config
 .text.main     0x00000000080047e0       0x28 ./src/main.o
                0x00000000080047e0                main
 .text.assert_failed
                0x0000000008004808       0x14 ./src/main.o
                0x0000000008004808                assert_failed
 .text.initMotors
                0x000000000800481c      0x140 ./src/motors.o
                0x000000000800481c                initMotors
 .text.issueDshotCommand
                0x000000000800495c       0x9c ./src/motors.o
                0x000000000800495c                issueDshotCommand
 .text.setMotorSpeed
                0x00000000080049f8       0x42 ./src/motors.o
                0x00000000080049f8                setMotorSpeed
 .text.setMotorSpeed2
                0x0000000008004a3a       0x18 ./src/motors.o
                0x0000000008004a3a                setMotorSpeed2
 *fill*         0x0000000008004a52        0x2 
 .text.initSerial
                0x0000000008004a54       0x3c ./src/serial.o
                0x0000000008004a54                initSerial
 .text.HAL_UART_RxCpltCallback
                0x0000000008004a90       0x70 ./src/serial.o
                0x0000000008004a90                HAL_UART_RxCpltCallback
 .text.DMA1_Stream1_IRQHandler
                0x0000000008004b00       0x10 ./src/serial.o
                0x0000000008004b00                DMA1_Stream1_IRQHandler
 .text.USART3_IRQHandler
                0x0000000008004b10       0x10 ./src/serial.o
                0x0000000008004b10                USART3_IRQHandler
 .text.isControlled
                0x0000000008004b20       0x24 ./src/serial.o
                0x0000000008004b20                isControlled
 .text.isEnabled
                0x0000000008004b44       0x14 ./src/serial.o
                0x0000000008004b44                isEnabled
 .text.commandedThrottle
                0x0000000008004b58        0xc ./src/serial.o
                0x0000000008004b58                commandedThrottle
 .text.getMeltyThrottle
                0x0000000008004b64        0xc ./src/serial.o
                0x0000000008004b64                getMeltyThrottle
 .text.getMeltyAngle
                0x0000000008004b70        0xc ./src/serial.o
                0x0000000008004b70                getMeltyAngle
 .text.getThumbX
                0x0000000008004b7c        0xc ./src/serial.o
                0x0000000008004b7c                getThumbX
 .text.getThumbY
                0x0000000008004b88        0xc ./src/serial.o
                0x0000000008004b88                getThumbY
 .text.getDirSwitch
                0x0000000008004b94       0x10 ./src/serial.o
                0x0000000008004b94                getDirSwitch
 .text.getStickSwitch
                0x0000000008004ba4       0x10 ./src/serial.o
                0x0000000008004ba4                getStickSwitch
 .text.SquareRootRounded
                0x0000000008004bb4       0x2e ./src/serial.o
                0x0000000008004bb4                SquareRootRounded
 *fill*         0x0000000008004be2        0x6 
 .text.receiveSerial
                0x0000000008004be8       0xe8 ./src/serial.o
                0x0000000008004be8                receiveSerial
 .text.HAL_MspInit
                0x0000000008004cd0       0x38 ./src/stm32f4xx_hal_msp.o
                0x0000000008004cd0                HAL_MspInit
 .text.HAL_ADC_MspInit
                0x0000000008004d08       0xf8 ./src/stm32f4xx_hal_msp.o
                0x0000000008004d08                HAL_ADC_MspInit
 .text.HAL_DAC_MspInit
                0x0000000008004e00       0x68 ./src/stm32f4xx_hal_msp.o
                0x0000000008004e00                HAL_DAC_MspInit
 .text.HAL_SPI_MspInit
                0x0000000008004e68       0x7c ./src/stm32f4xx_hal_msp.o
                0x0000000008004e68                HAL_SPI_MspInit
 .text.HAL_UART_MspInit
                0x0000000008004ee4       0xa0 ./src/stm32f4xx_hal_msp.o
                0x0000000008004ee4                HAL_UART_MspInit
 .text.NMI_Handler
                0x0000000008004f84        0x2 ./src/stm32f4xx_it.o
                0x0000000008004f84                NMI_Handler
 .text.MemManage_Handler
                0x0000000008004f86        0x2 ./src/stm32f4xx_it.o
                0x0000000008004f86                MemManage_Handler
 .text.BusFault_Handler
                0x0000000008004f88        0x2 ./src/stm32f4xx_it.o
                0x0000000008004f88                BusFault_Handler
 .text.UsageFault_Handler
                0x0000000008004f8a        0x2 ./src/stm32f4xx_it.o
                0x0000000008004f8a                UsageFault_Handler
 .text.SVC_Handler
                0x0000000008004f8c        0x2 ./src/stm32f4xx_it.o
                0x0000000008004f8c                SVC_Handler
 .text.DebugMon_Handler
                0x0000000008004f8e        0x2 ./src/stm32f4xx_it.o
                0x0000000008004f8e                DebugMon_Handler
 .text.PendSV_Handler
                0x0000000008004f90        0x2 ./src/stm32f4xx_it.o
                0x0000000008004f90                PendSV_Handler
 .text.SysTick_Handler
                0x0000000008004f92        0x8 ./src/stm32f4xx_it.o
                0x0000000008004f92                SysTick_Handler
 *fill*         0x0000000008004f9a        0x2 
 .text.DMA1_Stream3_IRQHandler
                0x0000000008004f9c       0x10 ./src/stm32f4xx_it.o
                0x0000000008004f9c                DMA1_Stream3_IRQHandler
 .text.SystemInit
                0x0000000008004fac       0x40 ./src/system_stm32f4xx.o
                0x0000000008004fac                SystemInit
 .text.SystemCoreClockUpdate
                0x0000000008004fec       0x90 ./src/system_stm32f4xx.o
                0x0000000008004fec                SystemCoreClockUpdate
 .text.getMicroseconds
                0x000000000800507c        0xc ./src/time.o
                0x000000000800507c                getMicroseconds
 .text.resetTimers
                0x0000000008005088       0x18 ./src/time.o
                0x0000000008005088                resetTimers
 .text.initTimers
                0x00000000080050a0       0x80 ./src/time.o
                0x00000000080050a0                initTimers
 .text.setState
                0x0000000008005120       0x4c ./src/topLoop.o
                0x0000000008005120                setState
 .text.loop     0x000000000800516c      0x308 ./src/topLoop.o
                0x000000000800516c                loop
 .text.initWatchdog
                0x0000000008005474       0x20 ./src/watchdog.o
                0x0000000008005474                initWatchdog
 .text.feedWatchdog
                0x0000000008005494       0x10 ./src/watchdog.o
                0x0000000008005494                feedWatchdog
 .text.atan2    0x00000000080054a4        0x4 c:/users/swallen/appdata/roaming/xpacks/@gnu-mcu-eclipse/arm-none-eabi-gcc/8.2.1-1.3.1/.content/bin/../lib/gcc/arm-none-eabi/8.2.1/../../../../arm-none-eabi/lib/thumb/v7e-m/nofp\libm.a(lib_a-w_atan2.o)
                0x00000000080054a4                atan2
 .text.sqrt     0x00000000080054a8       0xc0 c:/users/swallen/appdata/roaming/xpacks/@gnu-mcu-eclipse/arm-none-eabi-gcc/8.2.1-1.3.1/.content/bin/../lib/gcc/arm-none-eabi/8.2.1/../../../../arm-none-eabi/lib/thumb/v7e-m/nofp\libm.a(lib_a-w_sqrt.o)
                0x00000000080054a8                sqrt
 .text.__ieee754_atan2
                0x0000000008005568      0x1b4 c:/users/swallen/appdata/roaming/xpacks/@gnu-mcu-eclipse/arm-none-eabi-gcc/8.2.1-1.3.1/.content/bin/../lib/gcc/arm-none-eabi/8.2.1/../../../../arm-none-eabi/lib/thumb/v7e-m/nofp\libm.a(lib_a-e_atan2.o)
                0x0000000008005568                __ieee754_atan2
 .text.__ieee754_sqrt
                0x000000000800571c      0x184 c:/users/swallen/appdata/roaming/xpacks/@gnu-mcu-eclipse/arm-none-eabi-gcc/8.2.1-1.3.1/.content/bin/../lib/gcc/arm-none-eabi/8.2.1/../../../../arm-none-eabi/lib/thumb/v7e-m/nofp\libm.a(lib_a-e_sqrt.o)
                0x000000000800571c                __ieee754_sqrt
 .text.atan     0x00000000080058a0      0x314 c:/users/swallen/appdata/roaming/xpacks/@gnu-mcu-eclipse/arm-none-eabi-gcc/8.2.1-1.3.1/.content/bin/../lib/gcc/arm-none-eabi/8.2.1/../../../../arm-none-eabi/lib/thumb/v7e-m/nofp\libm.a(lib_a-s_atan.o)
                0x00000000080058a0                atan
 .text.fabs     0x0000000008005bb4        0x8 c:/users/swallen/appdata/roaming/xpacks/@gnu-mcu-eclipse/arm-none-eabi-gcc/8.2.1-1.3.1/.content/bin/../lib/gcc/arm-none-eabi/8.2.1/../../../../arm-none-eabi/lib/thumb/v7e-m/nofp\libm.a(lib_a-s_fabs.o)
                0x0000000008005bb4                fabs
 .text.matherr  0x0000000008005bbc        0x4 c:/users/swallen/appdata/roaming/xpacks/@gnu-mcu-eclipse/arm-none-eabi-gcc/8.2.1-1.3.1/.content/bin/../lib/gcc/arm-none-eabi/8.2.1/../../../../arm-none-eabi/lib/thumb/v7e-m/nofp\libm.a(lib_a-s_matherr.o)
                0x0000000008005bbc                matherr
 .text          0x0000000008005bc0      0x378 c:/users/swallen/appdata/roaming/xpacks/@gnu-mcu-eclipse/arm-none-eabi-gcc/8.2.1-1.3.1/.content/bin/../lib/gcc/arm-none-eabi/8.2.1/thumb/v7e-m/nofp\libgcc.a(_arm_addsubdf3.o)
                0x0000000008005bc0                __aeabi_drsub
                0x0000000008005bc8                __aeabi_dsub
                0x0000000008005bc8                __subdf3
                0x0000000008005bcc                __aeabi_dadd
                0x0000000008005bcc                __adddf3
                0x0000000008005e44                __floatunsidf
                0x0000000008005e44                __aeabi_ui2d
                0x0000000008005e64                __floatsidf
                0x0000000008005e64                __aeabi_i2d
                0x0000000008005e88                __aeabi_f2d
                0x0000000008005e88                __extendsfdf2
                0x0000000008005ecc                __floatundidf
                0x0000000008005ecc                __aeabi_ul2d
                0x0000000008005edc                __floatdidf
                0x0000000008005edc                __aeabi_l2d
 .text          0x0000000008005f38      0x424 c:/users/swallen/appdata/roaming/xpacks/@gnu-mcu-eclipse/arm-none-eabi-gcc/8.2.1-1.3.1/.content/bin/../lib/gcc/arm-none-eabi/8.2.1/thumb/v7e-m/nofp\libgcc.a(_arm_muldivdf3.o)
                0x0000000008005f38                __aeabi_dmul
                0x0000000008005f38                __muldf3
                0x000000000800618c                __divdf3
                0x000000000800618c                __aeabi_ddiv
 .text          0x000000000800635c      0x110 c:/users/swallen/appdata/roaming/xpacks/@gnu-mcu-eclipse/arm-none-eabi-gcc/8.2.1-1.3.1/.content/bin/../lib/gcc/arm-none-eabi/8.2.1/thumb/v7e-m/nofp\libgcc.a(_arm_cmpdf2.o)
                0x000000000800635c                __gtdf2
                0x000000000800635c                __gedf2
                0x0000000008006364                __ltdf2
                0x0000000008006364                __ledf2
                0x000000000800636c                __nedf2
                0x000000000800636c                __eqdf2
                0x000000000800636c                __cmpdf2
                0x00000000080063e8                __aeabi_cdrcmple
                0x00000000080063f8                __aeabi_cdcmpeq
                0x00000000080063f8                __aeabi_cdcmple
                0x0000000008006408                __aeabi_dcmpeq
                0x000000000800641c                __aeabi_dcmplt
                0x0000000008006430                __aeabi_dcmple
                0x0000000008006444                __aeabi_dcmpge
                0x0000000008006458                __aeabi_dcmpgt
 .text          0x000000000800646c       0x2c c:/users/swallen/appdata/roaming/xpacks/@gnu-mcu-eclipse/arm-none-eabi-gcc/8.2.1-1.3.1/.content/bin/../lib/gcc/arm-none-eabi/8.2.1/thumb/v7e-m/nofp\libgcc.a(_arm_unorddf2.o)
                0x000000000800646c                __unorddf2
                0x000000000800646c                __aeabi_dcmpun
 .text          0x0000000008006498       0x50 c:/users/swallen/appdata/roaming/xpacks/@gnu-mcu-eclipse/arm-none-eabi-gcc/8.2.1-1.3.1/.content/bin/../lib/gcc/arm-none-eabi/8.2.1/thumb/v7e-m/nofp\libgcc.a(_arm_fixdfsi.o)
                0x0000000008006498                __aeabi_d2iz
                0x0000000008006498                __fixdfsi
 .text          0x00000000080064e8       0x40 c:/users/swallen/appdata/roaming/xpacks/@gnu-mcu-eclipse/arm-none-eabi-gcc/8.2.1-1.3.1/.content/bin/../lib/gcc/arm-none-eabi/8.2.1/thumb/v7e-m/nofp\libgcc.a(_arm_fixunsdfsi.o)
                0x00000000080064e8                __aeabi_d2uiz
                0x00000000080064e8                __fixunsdfsi
 .text.__errno  0x0000000008006528        0xc c:/users/swallen/appdata/roaming/xpacks/@gnu-mcu-eclipse/arm-none-eabi-gcc/8.2.1-1.3.1/.content/bin/../lib/gcc/arm-none-eabi/8.2.1/../../../../arm-none-eabi/lib/thumb/v7e-m/nofp\libg_nano.a(lib_a-errno.o)
                0x0000000008006528                __errno
 .text.std      0x0000000008006534       0x48 c:/users/swallen/appdata/roaming/xpacks/@gnu-mcu-eclipse/arm-none-eabi-gcc/8.2.1-1.3.1/.content/bin/../lib/gcc/arm-none-eabi/8.2.1/../../../../arm-none-eabi/lib/thumb/v7e-m/nofp\libg_nano.a(lib_a-findfp.o)
 .text._cleanup_r
                0x000000000800657c        0xc c:/users/swallen/appdata/roaming/xpacks/@gnu-mcu-eclipse/arm-none-eabi-gcc/8.2.1-1.3.1/.content/bin/../lib/gcc/arm-none-eabi/8.2.1/../../../../arm-none-eabi/lib/thumb/v7e-m/nofp\libg_nano.a(lib_a-findfp.o)
                0x000000000800657c                _cleanup_r
 .text.__sfmoreglue
                0x0000000008006588       0x2c c:/users/swallen/appdata/roaming/xpacks/@gnu-mcu-eclipse/arm-none-eabi-gcc/8.2.1-1.3.1/.content/bin/../lib/gcc/arm-none-eabi/8.2.1/../../../../arm-none-eabi/lib/thumb/v7e-m/nofp\libg_nano.a(lib_a-findfp.o)
                0x0000000008006588                __sfmoreglue
 .text.__sfp_lock_acquire
                0x00000000080065b4        0xc c:/users/swallen/appdata/roaming/xpacks/@gnu-mcu-eclipse/arm-none-eabi-gcc/8.2.1-1.3.1/.content/bin/../lib/gcc/arm-none-eabi/8.2.1/../../../../arm-none-eabi/lib/thumb/v7e-m/nofp\libg_nano.a(lib_a-findfp.o)
                0x00000000080065b4                __sfp_lock_acquire
 .text.__sfp_lock_release
                0x00000000080065c0        0xc c:/users/swallen/appdata/roaming/xpacks/@gnu-mcu-eclipse/arm-none-eabi-gcc/8.2.1-1.3.1/.content/bin/../lib/gcc/arm-none-eabi/8.2.1/../../../../arm-none-eabi/lib/thumb/v7e-m/nofp\libg_nano.a(lib_a-findfp.o)
                0x00000000080065c0                __sfp_lock_release
 .text.__sinit_lock_acquire
                0x00000000080065cc        0xc c:/users/swallen/appdata/roaming/xpacks/@gnu-mcu-eclipse/arm-none-eabi-gcc/8.2.1-1.3.1/.content/bin/../lib/gcc/arm-none-eabi/8.2.1/../../../../arm-none-eabi/lib/thumb/v7e-m/nofp\libg_nano.a(lib_a-findfp.o)
                0x00000000080065cc                __sinit_lock_acquire
 .text.__sinit_lock_release
                0x00000000080065d8        0xc c:/users/swallen/appdata/roaming/xpacks/@gnu-mcu-eclipse/arm-none-eabi-gcc/8.2.1-1.3.1/.content/bin/../lib/gcc/arm-none-eabi/8.2.1/../../../../arm-none-eabi/lib/thumb/v7e-m/nofp\libg_nano.a(lib_a-findfp.o)
                0x00000000080065d8                __sinit_lock_release
 .text.__sinit  0x00000000080065e4       0x70 c:/users/swallen/appdata/roaming/xpacks/@gnu-mcu-eclipse/arm-none-eabi-gcc/8.2.1-1.3.1/.content/bin/../lib/gcc/arm-none-eabi/8.2.1/../../../../arm-none-eabi/lib/thumb/v7e-m/nofp\libg_nano.a(lib_a-findfp.o)
                0x00000000080065e4                __sinit
 .text.__sfp    0x0000000008006654       0x8c c:/users/swallen/appdata/roaming/xpacks/@gnu-mcu-eclipse/arm-none-eabi-gcc/8.2.1-1.3.1/.content/bin/../lib/gcc/arm-none-eabi/8.2.1/../../../../arm-none-eabi/lib/thumb/v7e-m/nofp\libg_nano.a(lib_a-findfp.o)
                0x0000000008006654                __sfp
 .text._fwalk_reent
                0x00000000080066e0       0x3c c:/users/swallen/appdata/roaming/xpacks/@gnu-mcu-eclipse/arm-none-eabi-gcc/8.2.1-1.3.1/.content/bin/../lib/gcc/arm-none-eabi/8.2.1/../../../../arm-none-eabi/lib/thumb/v7e-m/nofp\libg_nano.a(lib_a-fwalk.o)
                0x00000000080066e0                _fwalk_reent
 .text.__retarget_lock_init_recursive
                0x000000000800671c        0x2 c:/users/swallen/appdata/roaming/xpacks/@gnu-mcu-eclipse/arm-none-eabi-gcc/8.2.1-1.3.1/.content/bin/../lib/gcc/arm-none-eabi/8.2.1/../../../../arm-none-eabi/lib/thumb/v7e-m/nofp\libg_nano.a(lib_a-lock.o)
                0x000000000800671c                __retarget_lock_init_recursive
 .text.__retarget_lock_acquire_recursive
                0x000000000800671e        0x2 c:/users/swallen/appdata/roaming/xpacks/@gnu-mcu-eclipse/arm-none-eabi-gcc/8.2.1-1.3.1/.content/bin/../lib/gcc/arm-none-eabi/8.2.1/../../../../arm-none-eabi/lib/thumb/v7e-m/nofp\libg_nano.a(lib_a-lock.o)
                0x000000000800671e                __retarget_lock_acquire_recursive
 .text.__retarget_lock_release_recursive
                0x0000000008006720        0x2 c:/users/swallen/appdata/roaming/xpacks/@gnu-mcu-eclipse/arm-none-eabi-gcc/8.2.1-1.3.1/.content/bin/../lib/gcc/arm-none-eabi/8.2.1/../../../../arm-none-eabi/lib/thumb/v7e-m/nofp\libg_nano.a(lib_a-lock.o)
                0x0000000008006720                __retarget_lock_release_recursive
 *fill*         0x0000000008006722        0x2 
 .text.malloc   0x0000000008006724       0x10 c:/users/swallen/appdata/roaming/xpacks/@gnu-mcu-eclipse/arm-none-eabi-gcc/8.2.1-1.3.1/.content/bin/../lib/gcc/arm-none-eabi/8.2.1/../../../../arm-none-eabi/lib/thumb/v7e-m/nofp\libg_nano.a(lib_a-malloc.o)
                0x0000000008006724                malloc
 .text.memset   0x0000000008006734       0x10 c:/users/swallen/appdata/roaming/xpacks/@gnu-mcu-eclipse/arm-none-eabi-gcc/8.2.1-1.3.1/.content/bin/../lib/gcc/arm-none-eabi/8.2.1/../../../../arm-none-eabi/lib/thumb/v7e-m/nofp\libg_nano.a(lib_a-memset.o)
                0x0000000008006734                memset
 .text._free_r  0x0000000008006744       0x9c c:/users/swallen/appdata/roaming/xpacks/@gnu-mcu-eclipse/arm-none-eabi-gcc/8.2.1-1.3.1/.content/bin/../lib/gcc/arm-none-eabi/8.2.1/../../../../arm-none-eabi/lib/thumb/v7e-m/nofp\libg_nano.a(lib_a-nano-freer.o)
                0x0000000008006744                _free_r
 .text._malloc_r
                0x00000000080067e0       0xb4 c:/users/swallen/appdata/roaming/xpacks/@gnu-mcu-eclipse/arm-none-eabi-gcc/8.2.1-1.3.1/.content/bin/../lib/gcc/arm-none-eabi/8.2.1/../../../../arm-none-eabi/lib/thumb/v7e-m/nofp\libg_nano.a(lib_a-nano-mallocr.o)
                0x00000000080067e0                _malloc_r
 .text.printf   0x0000000008006894       0x30 c:/users/swallen/appdata/roaming/xpacks/@gnu-mcu-eclipse/arm-none-eabi-gcc/8.2.1-1.3.1/.content/bin/../lib/gcc/arm-none-eabi/8.2.1/../../../../arm-none-eabi/lib/thumb/v7e-m/nofp\libg_nano.a(lib_a-printf.o)
                0x0000000008006894                iprintf
                0x0000000008006894                printf
 .text._sbrk_r  0x00000000080068c4       0x20 c:/users/swallen/appdata/roaming/xpacks/@gnu-mcu-eclipse/arm-none-eabi-gcc/8.2.1-1.3.1/.content/bin/../lib/gcc/arm-none-eabi/8.2.1/../../../../arm-none-eabi/lib/thumb/v7e-m/nofp\libg_nano.a(lib_a-sbrkr.o)
                0x00000000080068c4                _sbrk_r
 .text.__sread  0x00000000080068e4       0x22 c:/users/swallen/appdata/roaming/xpacks/@gnu-mcu-eclipse/arm-none-eabi-gcc/8.2.1-1.3.1/.content/bin/../lib/gcc/arm-none-eabi/8.2.1/../../../../arm-none-eabi/lib/thumb/v7e-m/nofp\libg_nano.a(lib_a-stdio.o)
                0x00000000080068e4                __sread
 .text.__swrite
                0x0000000008006906       0x38 c:/users/swallen/appdata/roaming/xpacks/@gnu-mcu-eclipse/arm-none-eabi-gcc/8.2.1-1.3.1/.content/bin/../lib/gcc/arm-none-eabi/8.2.1/../../../../arm-none-eabi/lib/thumb/v7e-m/nofp\libg_nano.a(lib_a-stdio.o)
                0x0000000008006906                __swrite
 .text.__sseek  0x000000000800693e       0x24 c:/users/swallen/appdata/roaming/xpacks/@gnu-mcu-eclipse/arm-none-eabi-gcc/8.2.1-1.3.1/.content/bin/../lib/gcc/arm-none-eabi/8.2.1/../../../../arm-none-eabi/lib/thumb/v7e-m/nofp\libg_nano.a(lib_a-stdio.o)
                0x000000000800693e                __sseek
 .text.__sclose
                0x0000000008006962        0x8 c:/users/swallen/appdata/roaming/xpacks/@gnu-mcu-eclipse/arm-none-eabi-gcc/8.2.1-1.3.1/.content/bin/../lib/gcc/arm-none-eabi/8.2.1/../../../../arm-none-eabi/lib/thumb/v7e-m/nofp\libg_nano.a(lib_a-stdio.o)
                0x0000000008006962                __sclose
 .text          0x000000000800696a       0x14 c:/users/swallen/appdata/roaming/xpacks/@gnu-mcu-eclipse/arm-none-eabi-gcc/8.2.1-1.3.1/.content/bin/../lib/gcc/arm-none-eabi/8.2.1/../../../../arm-none-eabi/lib/thumb/v7e-m/nofp\libg_nano.a(lib_a-strcmp.o)
                0x000000000800696a                strcmp
 .text._vsnprintf_r
                0x000000000800697e       0x58 c:/users/swallen/appdata/roaming/xpacks/@gnu-mcu-eclipse/arm-none-eabi-gcc/8.2.1-1.3.1/.content/bin/../lib/gcc/arm-none-eabi/8.2.1/../../../../arm-none-eabi/lib/thumb/v7e-m/nofp\libg_nano.a(lib_a-vsnprintf.o)
                0x000000000800697e                _vsniprintf_r
                0x000000000800697e                _vsnprintf_r
 *fill*         0x00000000080069d6        0x2 
 .text.vsnprintf
                0x00000000080069d8       0x1c c:/users/swallen/appdata/roaming/xpacks/@gnu-mcu-eclipse/arm-none-eabi-gcc/8.2.1-1.3.1/.content/bin/../lib/gcc/arm-none-eabi/8.2.1/../../../../arm-none-eabi/lib/thumb/v7e-m/nofp\libg_nano.a(lib_a-vsnprintf.o)
                0x00000000080069d8                vsniprintf
                0x00000000080069d8                vsnprintf
 .text._write_r
                0x00000000080069f4       0x24 c:/users/swallen/appdata/roaming/xpacks/@gnu-mcu-eclipse/arm-none-eabi-gcc/8.2.1-1.3.1/.content/bin/../lib/gcc/arm-none-eabi/8.2.1/../../../../arm-none-eabi/lib/thumb/v7e-m/nofp\libg_nano.a(lib_a-writer.o)
                0x00000000080069f4                _write_r
 .text._close_r
                0x0000000008006a18       0x20 c:/users/swallen/appdata/roaming/xpacks/@gnu-mcu-eclipse/arm-none-eabi-gcc/8.2.1-1.3.1/.content/bin/../lib/gcc/arm-none-eabi/8.2.1/../../../../arm-none-eabi/lib/thumb/v7e-m/nofp\libg_nano.a(lib_a-closer.o)
                0x0000000008006a18                _close_r
 .text.__sflush_r
                0x0000000008006a38      0x10c c:/users/swallen/appdata/roaming/xpacks/@gnu-mcu-eclipse/arm-none-eabi-gcc/8.2.1-1.3.1/.content/bin/../lib/gcc/arm-none-eabi/8.2.1/../../../../arm-none-eabi/lib/thumb/v7e-m/nofp\libg_nano.a(lib_a-fflush.o)
                0x0000000008006a38                __sflush_r
 .text._fflush_r
                0x0000000008006b44       0x78 c:/users/swallen/appdata/roaming/xpacks/@gnu-mcu-eclipse/arm-none-eabi-gcc/8.2.1-1.3.1/.content/bin/../lib/gcc/arm-none-eabi/8.2.1/../../../../arm-none-eabi/lib/thumb/v7e-m/nofp\libg_nano.a(lib_a-fflush.o)
                0x0000000008006b44                _fflush_r
 .text._lseek_r
                0x0000000008006bbc       0x24 c:/users/swallen/appdata/roaming/xpacks/@gnu-mcu-eclipse/arm-none-eabi-gcc/8.2.1-1.3.1/.content/bin/../lib/gcc/arm-none-eabi/8.2.1/../../../../arm-none-eabi/lib/thumb/v7e-m/nofp\libg_nano.a(lib_a-lseekr.o)
                0x0000000008006bbc                _lseek_r
 .text.__malloc_lock
                0x0000000008006be0        0xc c:/users/swallen/appdata/roaming/xpacks/@gnu-mcu-eclipse/arm-none-eabi-gcc/8.2.1-1.3.1/.content/bin/../lib/gcc/arm-none-eabi/8.2.1/../../../../arm-none-eabi/lib/thumb/v7e-m/nofp\libg_nano.a(lib_a-mlock.o)
                0x0000000008006be0                __malloc_lock
 .text.__malloc_unlock
                0x0000000008006bec        0xc c:/users/swallen/appdata/roaming/xpacks/@gnu-mcu-eclipse/arm-none-eabi-gcc/8.2.1-1.3.1/.content/bin/../lib/gcc/arm-none-eabi/8.2.1/../../../../arm-none-eabi/lib/thumb/v7e-m/nofp\libg_nano.a(lib_a-mlock.o)
                0x0000000008006bec                __malloc_unlock
 .text.__ssputs_r
                0x0000000008006bf8       0xb6 c:/users/swallen/appdata/roaming/xpacks/@gnu-mcu-eclipse/arm-none-eabi-gcc/8.2.1-1.3.1/.content/bin/../lib/gcc/arm-none-eabi/8.2.1/../../../../arm-none-eabi/lib/thumb/v7e-m/nofp\libg_nano.a(lib_a-nano-svfprintf.o)
                0x0000000008006bf8                __ssputs_r
 *fill*         0x0000000008006cae        0x2 
 .text._svfprintf_r
                0x0000000008006cb0      0x1f0 c:/users/swallen/appdata/roaming/xpacks/@gnu-mcu-eclipse/arm-none-eabi-gcc/8.2.1-1.3.1/.content/bin/../lib/gcc/arm-none-eabi/8.2.1/../../../../arm-none-eabi/lib/thumb/v7e-m/nofp\libg_nano.a(lib_a-nano-svfprintf.o)
                0x0000000008006cb0                _svfiprintf_r
                0x0000000008006cb0                _svfprintf_r
 .text.__sfputc_r
                0x0000000008006ea0       0x2a c:/users/swallen/appdata/roaming/xpacks/@gnu-mcu-eclipse/arm-none-eabi-gcc/8.2.1-1.3.1/.content/bin/../lib/gcc/arm-none-eabi/8.2.1/../../../../arm-none-eabi/lib/thumb/v7e-m/nofp\libg_nano.a(lib_a-nano-vfprintf.o)
 .text.__sfputs_r
                0x0000000008006eca       0x24 c:/users/swallen/appdata/roaming/xpacks/@gnu-mcu-eclipse/arm-none-eabi-gcc/8.2.1-1.3.1/.content/bin/../lib/gcc/arm-none-eabi/8.2.1/../../../../arm-none-eabi/lib/thumb/v7e-m/nofp\libg_nano.a(lib_a-nano-vfprintf.o)
                0x0000000008006eca                __sfputs_r
 *fill*         0x0000000008006eee        0x2 
 .text._vfprintf_r
                0x0000000008006ef0      0x250 c:/users/swallen/appdata/roaming/xpacks/@gnu-mcu-eclipse/arm-none-eabi-gcc/8.2.1-1.3.1/.content/bin/../lib/gcc/arm-none-eabi/8.2.1/../../../../arm-none-eabi/lib/thumb/v7e-m/nofp\libg_nano.a(lib_a-nano-vfprintf.o)
                0x0000000008006ef0                _vfprintf_r
                0x0000000008006ef0                _vfiprintf_r
 .text._printf_common
                0x0000000008007140       0xea c:/users/swallen/appdata/roaming/xpacks/@gnu-mcu-eclipse/arm-none-eabi-gcc/8.2.1-1.3.1/.content/bin/../lib/gcc/arm-none-eabi/8.2.1/../../../../arm-none-eabi/lib/thumb/v7e-m/nofp\libg_nano.a(lib_a-nano-vfprintf_i.o)
                0x0000000008007140                _printf_common
 *fill*         0x000000000800722a        0x2 
 .text._printf_i
                0x000000000800722c      0x228 c:/users/swallen/appdata/roaming/xpacks/@gnu-mcu-eclipse/arm-none-eabi-gcc/8.2.1-1.3.1/.content/bin/../lib/gcc/arm-none-eabi/8.2.1/../../../../arm-none-eabi/lib/thumb/v7e-m/nofp\libg_nano.a(lib_a-nano-vfprintf_i.o)
                0x000000000800722c                _printf_i
 .text._read_r  0x0000000008007454       0x24 c:/users/swallen/appdata/roaming/xpacks/@gnu-mcu-eclipse/arm-none-eabi-gcc/8.2.1-1.3.1/.content/bin/../lib/gcc/arm-none-eabi/8.2.1/../../../../arm-none-eabi/lib/thumb/v7e-m/nofp\libg_nano.a(lib_a-readr.o)
                0x0000000008007454                _read_r
 .text.__swbuf_r
                0x0000000008007478       0xa4 c:/users/swallen/appdata/roaming/xpacks/@gnu-mcu-eclipse/arm-none-eabi-gcc/8.2.1-1.3.1/.content/bin/../lib/gcc/arm-none-eabi/8.2.1/../../../../arm-none-eabi/lib/thumb/v7e-m/nofp\libg_nano.a(lib_a-wbuf.o)
                0x0000000008007478                __swbuf_r
 .text.__swsetup_r
                0x000000000800751c       0xdc c:/users/swallen/appdata/roaming/xpacks/@gnu-mcu-eclipse/arm-none-eabi-gcc/8.2.1-1.3.1/.content/bin/../lib/gcc/arm-none-eabi/8.2.1/../../../../arm-none-eabi/lib/thumb/v7e-m/nofp\libg_nano.a(lib_a-wsetup.o)
                0x000000000800751c                __swsetup_r
 .text.__swhatbuf_r
                0x00000000080075f8       0x48 c:/users/swallen/appdata/roaming/xpacks/@gnu-mcu-eclipse/arm-none-eabi-gcc/8.2.1-1.3.1/.content/bin/../lib/gcc/arm-none-eabi/8.2.1/../../../../arm-none-eabi/lib/thumb/v7e-m/nofp\libg_nano.a(lib_a-makebuf.o)
                0x00000000080075f8                __swhatbuf_r
 .text.__smakebuf_r
                0x0000000008007640       0x80 c:/users/swallen/appdata/roaming/xpacks/@gnu-mcu-eclipse/arm-none-eabi-gcc/8.2.1-1.3.1/.content/bin/../lib/gcc/arm-none-eabi/8.2.1/../../../../arm-none-eabi/lib/thumb/v7e-m/nofp\libg_nano.a(lib_a-makebuf.o)
                0x0000000008007640                __smakebuf_r
 .text          0x00000000080076c0       0xa0 c:/users/swallen/appdata/roaming/xpacks/@gnu-mcu-eclipse/arm-none-eabi-gcc/8.2.1-1.3.1/.content/bin/../lib/gcc/arm-none-eabi/8.2.1/../../../../arm-none-eabi/lib/thumb/v7e-m/nofp\libg_nano.a(lib_a-memchr.o)
                0x00000000080076c0                memchr
 .text.memcpy   0x0000000008007760       0x1c c:/users/swallen/appdata/roaming/xpacks/@gnu-mcu-eclipse/arm-none-eabi-gcc/8.2.1-1.3.1/.content/bin/../lib/gcc/arm-none-eabi/8.2.1/../../../../arm-none-eabi/lib/thumb/v7e-m/nofp\libg_nano.a(lib_a-memcpy-stub.o)
                0x0000000008007760                memcpy
 .text.memmove  0x000000000800777c       0x34 c:/users/swallen/appdata/roaming/xpacks/@gnu-mcu-eclipse/arm-none-eabi-gcc/8.2.1-1.3.1/.content/bin/../lib/gcc/arm-none-eabi/8.2.1/../../../../arm-none-eabi/lib/thumb/v7e-m/nofp\libg_nano.a(lib_a-memmove.o)
                0x000000000800777c                memmove
 .text._realloc_r
                0x00000000080077b0       0x4c c:/users/swallen/appdata/roaming/xpacks/@gnu-mcu-eclipse/arm-none-eabi-gcc/8.2.1-1.3.1/.content/bin/../lib/gcc/arm-none-eabi/8.2.1/../../../../arm-none-eabi/lib/thumb/v7e-m/nofp\libg_nano.a(lib_a-nano-reallocr.o)
                0x00000000080077b0                _realloc_r
 .text._fstat_r
                0x00000000080077fc       0x24 c:/users/swallen/appdata/roaming/xpacks/@gnu-mcu-eclipse/arm-none-eabi-gcc/8.2.1-1.3.1/.content/bin/../lib/gcc/arm-none-eabi/8.2.1/../../../../arm-none-eabi/lib/thumb/v7e-m/nofp\libg_nano.a(lib_a-fstatr.o)
                0x00000000080077fc                _fstat_r
 .text._isatty_r
                0x0000000008007820       0x20 c:/users/swallen/appdata/roaming/xpacks/@gnu-mcu-eclipse/arm-none-eabi-gcc/8.2.1-1.3.1/.content/bin/../lib/gcc/arm-none-eabi/8.2.1/../../../../arm-none-eabi/lib/thumb/v7e-m/nofp\libg_nano.a(lib_a-isattyr.o)
                0x0000000008007820                _isatty_r
 .text._malloc_usable_size_r
                0x0000000008007840       0x10 c:/users/swallen/appdata/roaming/xpacks/@gnu-mcu-eclipse/arm-none-eabi-gcc/8.2.1-1.3.1/.content/bin/../lib/gcc/arm-none-eabi/8.2.1/../../../../arm-none-eabi/lib/thumb/v7e-m/nofp\libg_nano.a(lib_a-nano-msizer.o)
                0x0000000008007840                _malloc_usable_size_r
 *(.rodata .rodata.* .constdata .constdata.*)
 .rodata.ADC_Init.str1.4
                0x0000000008007850       0x2e ./system/src/stm32f4-hal/stm32f4xx_hal_adc.o
 *fill*         0x000000000800787e        0x2 
 .rodata.HAL_NVIC_SetPriorityGrouping.str1.4
                0x0000000008007880       0x31 ./system/src/stm32f4-hal/stm32f4xx_hal_cortex.o
 *fill*         0x00000000080078b1        0x3 
 .rodata.HAL_DAC_Init.str1.4
                0x00000000080078b4       0x2e ./system/src/stm32f4-hal/stm32f4xx_hal_dac.o
 *fill*         0x00000000080078e2        0x2 
 .rodata.HAL_GPIO_Init.str1.4
                0x00000000080078e4       0x2f ./system/src/stm32f4-hal/stm32f4xx_hal_gpio.o
 *fill*         0x0000000008007913        0x1 
 .rodata.HAL_I2C_Init.str1.4
                0x0000000008007914       0x2e ./system/src/stm32f4-hal/stm32f4xx_hal_i2c.o
 *fill*         0x0000000008007942        0x2 
 .rodata.HAL_IWDG_Init.str1.4
                0x0000000008007944       0x2f ./system/src/stm32f4-hal/stm32f4xx_hal_iwdg.o
 *fill*         0x0000000008007973        0x1 
 .rodata.APBAHBPrescTable
                0x0000000008007974       0x10 ./system/src/stm32f4-hal/stm32f4xx_hal_rcc.o
                0x0000000008007974                APBAHBPrescTable
 .rodata.HAL_RCC_OscConfig.str1.4
                0x0000000008007984       0x2e ./system/src/stm32f4-hal/stm32f4xx_hal_rcc.o
 *fill*         0x00000000080079b2        0x2 
 .rodata.HAL_SPI_Init.str1.4
                0x00000000080079b4       0x2e ./system/src/stm32f4-hal/stm32f4xx_hal_spi.o
 *fill*         0x00000000080079e2        0x2 
 .rodata.TIM_OC3_SetConfig.str1.4
                0x00000000080079e4       0x2e ./system/src/stm32f4-hal/stm32f4xx_hal_tim.o
 *fill*         0x0000000008007a12        0x2 
 .rodata.UART_SetConfig.str1.4
                0x0000000008007a14       0x2f ./system/src/stm32f4-hal/stm32f4xx_hal_uart.o
 *fill*         0x0000000008007a43        0x1 
 .rodata.initialise_monitor_handles.str1.4
                0x0000000008007a44        0x4 ./system/src/newlib/_syscalls.o
 .rodata.dumpExceptionStack.str1.4
                0x0000000008007a48      0x11a ./system/src/cortexm/exception_handlers.o
 .rodata.isSemihosting.str1.4
                0x0000000008007b62        0x4 ./system/src/cortexm/exception_handlers.o
 *fill*         0x0000000008007b62        0x2 
 .rodata.str1.4
                0x0000000008007b64       0x2a ./system/src/cortexm/exception_handlers.o
 *fill*         0x0000000008007b8e        0x2 
 .rodata.Error_Handler.str1.4
                0x0000000008007b90        0xe ./src/main.o
 *fill*         0x0000000008007b9e        0x2 
 .rodata.assert_failed.str1.4
                0x0000000008007ba0       0x2d ./src/main.o
 *fill*         0x0000000008007bcd        0x3 
 .rodata.AHBPrescTable
                0x0000000008007bd0       0x10 ./src/system_stm32f4xx.o
                0x0000000008007bd0                AHBPrescTable
 .rodata.sqrt.str1.4
                0x0000000008007be0        0x8 c:/users/swallen/appdata/roaming/xpacks/@gnu-mcu-eclipse/arm-none-eabi-gcc/8.2.1-1.3.1/.content/bin/../lib/gcc/arm-none-eabi/8.2.1/../../../../arm-none-eabi/lib/thumb/v7e-m/nofp\libm.a(lib_a-w_sqrt.o)
                                          0x5 (size before relaxing)
 .rodata.atanhi
                0x0000000008007be8       0x20 c:/users/swallen/appdata/roaming/xpacks/@gnu-mcu-eclipse/arm-none-eabi-gcc/8.2.1-1.3.1/.content/bin/../lib/gcc/arm-none-eabi/8.2.1/../../../../arm-none-eabi/lib/thumb/v7e-m/nofp\libm.a(lib_a-s_atan.o)
 .rodata.atanlo
                0x0000000008007c08       0x20 c:/users/swallen/appdata/roaming/xpacks/@gnu-mcu-eclipse/arm-none-eabi-gcc/8.2.1-1.3.1/.content/bin/../lib/gcc/arm-none-eabi/8.2.1/../../../../arm-none-eabi/lib/thumb/v7e-m/nofp\libm.a(lib_a-s_atan.o)
 .rodata._ctype_
                0x0000000008007c28      0x101 c:/users/swallen/appdata/roaming/xpacks/@gnu-mcu-eclipse/arm-none-eabi-gcc/8.2.1-1.3.1/.content/bin/../lib/gcc/arm-none-eabi/8.2.1/../../../../arm-none-eabi/lib/thumb/v7e-m/nofp\libg_nano.a(lib_a-ctype_.o)
                0x0000000008007c28                _ctype_
 *fill*         0x0000000008007d29        0x3 
 .rodata.__sf_fake_stderr
                0x0000000008007d2c       0x20 c:/users/swallen/appdata/roaming/xpacks/@gnu-mcu-eclipse/arm-none-eabi-gcc/8.2.1-1.3.1/.content/bin/../lib/gcc/arm-none-eabi/8.2.1/../../../../arm-none-eabi/lib/thumb/v7e-m/nofp\libg_nano.a(lib_a-findfp.o)
                0x0000000008007d2c                __sf_fake_stderr
 .rodata.__sf_fake_stdin
                0x0000000008007d4c       0x20 c:/users/swallen/appdata/roaming/xpacks/@gnu-mcu-eclipse/arm-none-eabi-gcc/8.2.1-1.3.1/.content/bin/../lib/gcc/arm-none-eabi/8.2.1/../../../../arm-none-eabi/lib/thumb/v7e-m/nofp\libg_nano.a(lib_a-findfp.o)
                0x0000000008007d4c                __sf_fake_stdin
 .rodata.__sf_fake_stdout
                0x0000000008007d6c       0x20 c:/users/swallen/appdata/roaming/xpacks/@gnu-mcu-eclipse/arm-none-eabi-gcc/8.2.1-1.3.1/.content/bin/../lib/gcc/arm-none-eabi/8.2.1/../../../../arm-none-eabi/lib/thumb/v7e-m/nofp\libg_nano.a(lib_a-findfp.o)
                0x0000000008007d6c                __sf_fake_stdout
 .rodata._global_impure_ptr
                0x0000000008007d8c        0x4 c:/users/swallen/appdata/roaming/xpacks/@gnu-mcu-eclipse/arm-none-eabi-gcc/8.2.1-1.3.1/.content/bin/../lib/gcc/arm-none-eabi/8.2.1/../../../../arm-none-eabi/lib/thumb/v7e-m/nofp\libg_nano.a(lib_a-impure.o)
                0x0000000008007d8c                _global_impure_ptr
 .rodata._svfprintf_r.str1.1
                0x0000000008007d90       0x11 c:/users/swallen/appdata/roaming/xpacks/@gnu-mcu-eclipse/arm-none-eabi-gcc/8.2.1-1.3.1/.content/bin/../lib/gcc/arm-none-eabi/8.2.1/../../../../arm-none-eabi/lib/thumb/v7e-m/nofp\libg_nano.a(lib_a-nano-svfprintf.o)
 .rodata._vfprintf_r.str1.1
                0x0000000008007da1       0x11 c:/users/swallen/appdata/roaming/xpacks/@gnu-mcu-eclipse/arm-none-eabi-gcc/8.2.1-1.3.1/.content/bin/../lib/gcc/arm-none-eabi/8.2.1/../../../../arm-none-eabi/lib/thumb/v7e-m/nofp\libg_nano.a(lib_a-nano-vfprintf.o)
 .rodata._printf_i.str1.1
                0x0000000008007da1       0x22 c:/users/swallen/appdata/roaming/xpacks/@gnu-mcu-eclipse/arm-none-eabi-gcc/8.2.1-1.3.1/.content/bin/../lib/gcc/arm-none-eabi/8.2.1/../../../../arm-none-eabi/lib/thumb/v7e-m/nofp\libg_nano.a(lib_a-nano-vfprintf_i.o)
 *(vtable)
 *(.eh_frame*)
 *(.glue_7)
 .glue_7        0x0000000008007dc3        0x0 linker stubs
 *(.glue_7t)
 .glue_7t       0x0000000008007dc3        0x0 linker stubs

.vfp11_veneer   0x0000000008007dc4        0x0
 .vfp11_veneer  0x0000000008007dc4        0x0 linker stubs

.v4_bx          0x0000000008007dc4        0x0
 .v4_bx         0x0000000008007dc4        0x0 linker stubs

.iplt           0x0000000008007dc4        0x0
 .iplt          0x0000000008007dc4        0x0 ./system/src/stm32f4-hal/stm32f4xx_hal.o

.rel.dyn        0x0000000008007dc4        0x0
 .rel.iplt      0x0000000008007dc4        0x0 ./system/src/stm32f4-hal/stm32f4xx_hal.o

.ARM.extab
 *(.ARM.extab* .gnu.linkonce.armextab.*)
                0x0000000008007dc4                . = ALIGN (0x4)
                0x0000000008007dc4                __exidx_start = .

.ARM.exidx
 *(.ARM.exidx* .gnu.linkonce.armexidx.*)
                0x0000000008007dc4                __exidx_end = .
                0x0000000008007dc4                . = ALIGN (0x4)
                0x0000000008007dc4                _etext = .
                0x0000000008007dc4                __etext = .

.data_CCMRAM    0x0000000010000000        0x0 load address 0x0000000008007dc4
 FILL mask 0xff
 *(.data.CCMRAM .data.CCMRAM.*)
                0x0000000010000000                . = ALIGN (0x4)
                0x0000000008007dc4                _sidata = LOADADDR (.data)

.data           0x0000000020000000      0x1bc load address 0x0000000008007dc4
 FILL mask 0xff
                0x0000000020000000                _sdata = .
                0x0000000020000000                __data_start__ = .
 *(.data_begin .data_begin.*)
 .data_begin    0x0000000020000000        0x4 ./system/src/newlib/_startup.o
 *(.data .data.*)
 .data.spi      0x0000000020000004       0x58 ./src/LEDs.o
 .data.adc1Handle
                0x000000002000005c       0x48 ./src/adcs.o
                0x000000002000005c                adc1Handle
 .data.adc2Handle
                0x00000000200000a4       0x48 ./src/adcs.o
                0x00000000200000a4                adc2Handle
 .data.adc3Handle
                0x00000000200000ec       0x48 ./src/adcs.o
                0x00000000200000ec                adc3Handle
 .data.dmaInst  0x0000000020000134        0x4 ./src/motors.o
                0x0000000020000134                dmaInst
 .data.dmaStrInst
                0x0000000020000138        0x4 ./src/motors.o
                0x0000000020000138                dmaStrInst
 .data.timInst  0x000000002000013c        0x4 ./src/motors.o
                0x000000002000013c                timInst
 .data.serialState
                0x0000000020000140        0x1 ./src/serial.o
                0x0000000020000140                serialState
 *fill*         0x0000000020000141        0x3 ff
 .data.SystemCoreClock
                0x0000000020000144        0x4 ./src/system_stm32f4xx.o
                0x0000000020000144                SystemCoreClock
 .data.microTimInst
                0x0000000020000148        0x4 ./src/time.o
                0x0000000020000148                microTimInst
 .data.milliTimInst
                0x000000002000014c        0x4 ./src/time.o
                0x000000002000014c                milliTimInst
 .data.__fdlib_version
                0x0000000020000150        0x1 c:/users/swallen/appdata/roaming/xpacks/@gnu-mcu-eclipse/arm-none-eabi-gcc/8.2.1-1.3.1/.content/bin/../lib/gcc/arm-none-eabi/8.2.1/../../../../arm-none-eabi/lib/thumb/v7e-m/nofp\libm.a(lib_a-s_lib_ver.o)
                0x0000000020000150                __fdlib_version
 *fill*         0x0000000020000151        0x3 ff
 .data._impure_ptr
                0x0000000020000154        0x4 c:/users/swallen/appdata/roaming/xpacks/@gnu-mcu-eclipse/arm-none-eabi-gcc/8.2.1-1.3.1/.content/bin/../lib/gcc/arm-none-eabi/8.2.1/../../../../arm-none-eabi/lib/thumb/v7e-m/nofp\libg_nano.a(lib_a-impure.o)
                0x0000000020000154                _impure_ptr
 .data.impure_data
                0x0000000020000158       0x60 c:/users/swallen/appdata/roaming/xpacks/@gnu-mcu-eclipse/arm-none-eabi-gcc/8.2.1-1.3.1/.content/bin/../lib/gcc/arm-none-eabi/8.2.1/../../../../arm-none-eabi/lib/thumb/v7e-m/nofp\libg_nano.a(lib_a-impure.o)
 *(.data_end .data_end.*)
 .data_end      0x00000000200001b8        0x4 ./system/src/newlib/_startup.o
                0x00000000200001bc                . = ALIGN (0x4)
                0x00000000200001bc                _edata = .
                0x00000000200001bc                __data_end__ = .

.igot.plt       0x00000000200001bc        0x0 load address 0x0000000008007f80
 .igot.plt      0x00000000200001bc        0x0 ./system/src/stm32f4-hal/stm32f4xx_hal.o

.bss_CCMRAM     0x0000000010000000        0x0
 *(.bss.CCMRAM .bss.CCMRAM.*)

.bss            0x00000000200001bc     0x5424
                0x00000000200001bc                __bss_start__ = .
                0x00000000200001bc                _sbss = .
 *(.bss_begin .bss_begin.*)
 .bss_begin     0x00000000200001bc        0x4 ./system/src/newlib/_startup.o
 *(.bss .bss.*)
 .bss.current_heap_end.4534
                0x00000000200001c0        0x4 ./system/src/newlib/_sbrk.o
 .bss.args_buf.9458
                0x00000000200001c4       0x50 ./system/src/newlib/_syscalls.o
 .bss.argv_buf.9459
                0x0000000020000214       0x28 ./system/src/newlib/_syscalls.o
 .bss.monitor_stderr
                0x000000002000023c        0x4 ./system/src/newlib/_syscalls.o
 .bss.monitor_stdin
                0x0000000020000240        0x4 ./system/src/newlib/_syscalls.o
 .bss.monitor_stdout
                0x0000000020000244        0x4 ./system/src/newlib/_syscalls.o
 .bss.openfiles
                0x0000000020000248       0xa0 ./system/src/newlib/_syscalls.o
 .bss.buf.5778  0x00000000200002e8       0x80 ./system/src/diag/Trace.o
 .bss.accelAngle
                0x0000000020000368        0x2 ./src/accelerometer.o
                0x0000000020000368                accelAngle
 .bss.accelTrim
                0x000000002000036a        0x2 ./src/accelerometer.o
                0x000000002000036a                accelTrim
 .bss.highestBeaconAngle
                0x000000002000036c        0x2 ./src/accelerometer.o
                0x000000002000036c                highestBeaconAngle
 .bss.highestBeaconReading
                0x000000002000036e        0x2 ./src/accelerometer.o
                0x000000002000036e                highestBeaconReading
 .bss.lastMeasTime
                0x0000000020000370        0x4 ./src/accelerometer.o
                0x0000000020000370                lastMeasTime
 .bss.lastTrimTime
                0x0000000020000374        0x4 ./src/accelerometer.o
                0x0000000020000374                lastTrimTime
 .bss.lastUpdateTime
                0x0000000020000378        0x4 ./src/animations.o
                0x0000000020000378                lastUpdateTime
 .bss.bytesRead
                0x000000002000037c        0x1 ./src/serial.o
                0x000000002000037c                bytesRead
 .bss.enable    0x000000002000037d        0x1 ./src/serial.o
                0x000000002000037d                enable
 *fill*         0x000000002000037e        0x2 
 .bss.lastReceived
                0x0000000020000380        0x4 ./src/serial.o
                0x0000000020000380                lastReceived
 .bss.status    0x0000000020000384        0x1 ./src/serial.o
                0x0000000020000384                status
 *fill*         0x0000000020000385        0x1 
 .bss.throt     0x0000000020000386        0x2 ./src/serial.o
                0x0000000020000386                throt
 .bss.thumbX    0x0000000020000388        0x2 ./src/serial.o
                0x0000000020000388                thumbX
 .bss.thumbY    0x000000002000038a        0x2 ./src/serial.o
                0x000000002000038a                thumbY
 .bss.jukeStartTime
                0x000000002000038c        0x4 ./src/topLoop.o
                0x000000002000038c                jukeStartTime
 .bss.lastMotorSendTime
                0x0000000020000390        0x4 ./src/topLoop.o
                0x0000000020000390                lastMotorSendTime
 .bss.loopTime  0x0000000020000394        0x4 ./src/topLoop.o
                0x0000000020000394                loopTime
 .bss.mainState
                0x0000000020000398        0x1 ./src/topLoop.o
                0x0000000020000398                mainState
 .bss.stickSwitchDebounce
                0x0000000020000399        0x1 ./src/topLoop.o
                0x0000000020000399                stickSwitchDebounce
 *fill*         0x000000002000039a        0x2 
 .bss.__malloc_free_list
                0x000000002000039c        0x4 c:/users/swallen/appdata/roaming/xpacks/@gnu-mcu-eclipse/arm-none-eabi-gcc/8.2.1-1.3.1/.content/bin/../lib/gcc/arm-none-eabi/8.2.1/../../../../arm-none-eabi/lib/thumb/v7e-m/nofp\libg_nano.a(lib_a-nano-mallocr.o)
                0x000000002000039c                __malloc_free_list
 .bss.__malloc_sbrk_start
                0x00000000200003a0        0x4 c:/users/swallen/appdata/roaming/xpacks/@gnu-mcu-eclipse/arm-none-eabi-gcc/8.2.1-1.3.1/.content/bin/../lib/gcc/arm-none-eabi/8.2.1/../../../../arm-none-eabi/lib/thumb/v7e-m/nofp\libg_nano.a(lib_a-nano-mallocr.o)
                0x00000000200003a0                __malloc_sbrk_start
 *(COMMON)
 COMMON         0x00000000200003a4        0x4 ./system/src/stm32f4-hal/stm32f4xx_hal.o
                0x00000000200003a4                uwTick
 COMMON         0x00000000200003a8        0x4 ./system/src/newlib/_syscalls.o
                0x00000000200003a8                errno
 COMMON         0x00000000200003ac       0x21 ./src/LEDs.o
                0x00000000200003ac                ledTransmitBuffer
 *fill*         0x00000000200003cd        0x3 
 COMMON         0x00000000200003d0     0x4eb0 ./src/accelerometer.o
                0x00000000200003d0                angleAtLastMeasurement
                0x00000000200003d4                hi2c3
                0x0000000020000428                robotPeriod
                0x000000002000042c                bandPassReadings
                0x0000000020000454                accelZ
                0x0000000020000458                accelMeasTime
                0x0000000020000460                beaconSamples
 COMMON         0x0000000020005280       0x20 ./src/animations.o
                0x0000000020005280                currentFrame
                0x0000000020005284                idleHead
                0x0000000020005288                safeHead
                0x000000002000528c                jukeHead
                0x0000000020005290                spinHead
                0x0000000020005294                animationHead
                0x0000000020005298                driveHead
                0x000000002000529c                preJukeHead
 COMMON         0x00000000200052a0      0x238 ./src/main.o
                0x00000000200052a0                hspi2
                0x00000000200052f8                hadc2
                0x0000000020005340                hdma_spi2_rx
                0x00000000200053a0                hspi3
                0x00000000200053f8                hadc1
                0x0000000020005440                hadc3
                0x0000000020005488                hdac
                0x000000002000549c                htim1
 COMMON         0x00000000200054d8       0x24 ./src/motors.o
                0x00000000200054d8                motorPulseTrain
 COMMON         0x00000000200054fc       0xc8 ./src/serial.o
                0x00000000200054fc                sendBuf
                0x0000000020005508                meltyAngle
                0x000000002000550c                packet
                0x0000000020005518                hdma_usart3_rx
                0x0000000020005578                huart3
                0x00000000200055b8                serialRxBuf
                0x00000000200055c1                packetReceived
                0x00000000200055c2                meltyThrottle
 COMMON         0x00000000200055c4        0xc ./src/watchdog.o
                0x00000000200055c4                hiwdg
 COMMON         0x00000000200055d0        0x9 c:/users/swallen/appdata/roaming/xpacks/@gnu-mcu-eclipse/arm-none-eabi-gcc/8.2.1-1.3.1/.content/bin/../lib/gcc/arm-none-eabi/8.2.1/../../../../arm-none-eabi/lib/thumb/v7e-m/nofp\libg_nano.a(lib_a-lock.o)
                0x00000000200055d0                __lock___atexit_recursive_mutex
                0x00000000200055d1                __lock___arc4random_mutex
                0x00000000200055d2                __lock___env_recursive_mutex
                0x00000000200055d3                __lock___sinit_recursive_mutex
                0x00000000200055d4                __lock___malloc_recursive_mutex
                0x00000000200055d5                __lock___at_quick_exit_mutex
                0x00000000200055d6                __lock___dd_hash_mutex
                0x00000000200055d7                __lock___tz_mutex
                0x00000000200055d8                __lock___sfp_recursive_mutex
 *(.bss_end .bss_end.*)
 *fill*         0x00000000200055d9        0x3 
 .bss_end       0x00000000200055dc        0x4 ./system/src/newlib/_startup.o
                0x00000000200055e0                . = ALIGN (0x4)
                0x00000000200055e0                __bss_end__ = .
                0x00000000200055e0                _ebss = .

.noinit_CCMRAM
 *(.noinit.CCMRAM .noinit.CCMRAM.*)

.noinit         0x00000000200055e0        0x0
                0x00000000200055e0                _noinit = .
 *(.noinit .noinit.*)
                0x00000000200055e0                . = ALIGN (0x4)
                0x00000000200055e0                _end_noinit = .
                [!provide]                        PROVIDE (end = _end_noinit)
                [!provide]                        PROVIDE (_end = _end_noinit)
                [!provide]                        PROVIDE (__end = _end_noinit)
                [!provide]                        PROVIDE (__end__ = _end_noinit)

._check_stack   0x00000000200055e0      0x100
                0x00000000200056e0                . = (. + _Minimum_Stack_Size)
 *fill*         0x00000000200055e0      0x100 

.b1text
 *(.b1text)
 *(.b1rodata)
 *(.b1rodata.*)

.eb0text
 *(.eb0text)
 *(.eb0rodata)
 *(.eb0rodata.*)

.eb1text
 *(.eb1text)
 *(.eb1rodata)
 *(.eb1rodata.*)

.eb2text
 *(.eb2text)
 *(.eb2rodata)
 *(.eb2rodata.*)

.eb3text
 *(.eb3text)
 *(.eb3rodata)
 *(.eb3rodata.*)

.stab
 *(.stab)

.stabstr
 *(.stabstr)

.stab.excl
 *(.stab.excl)

.stab.exclstr
 *(.stab.exclstr)

.stab.index
 *(.stab.index)

.stab.indexstr
 *(.stab.indexstr)

.comment        0x0000000000000000       0x68
 *(.comment)
 .comment       0x0000000000000000       0x68 ./system/src/stm32f4-hal/stm32f4xx_hal.o
                                         0x69 (size before relaxing)
 .comment       0x0000000000000068       0x69 ./system/src/stm32f4-hal/stm32f4xx_hal_adc.o
 .comment       0x0000000000000068       0x69 ./system/src/stm32f4-hal/stm32f4xx_hal_cortex.o
 .comment       0x0000000000000068       0x69 ./system/src/stm32f4-hal/stm32f4xx_hal_dac.o
 .comment       0x0000000000000068       0x69 ./system/src/stm32f4-hal/stm32f4xx_hal_dma.o
 .comment       0x0000000000000068       0x69 ./system/src/stm32f4-hal/stm32f4xx_hal_gpio.o
 .comment       0x0000000000000068       0x69 ./system/src/stm32f4-hal/stm32f4xx_hal_i2c.o
 .comment       0x0000000000000068       0x69 ./system/src/stm32f4-hal/stm32f4xx_hal_iwdg.o
 .comment       0x0000000000000068       0x69 ./system/src/stm32f4-hal/stm32f4xx_hal_rcc.o
 .comment       0x0000000000000068       0x69 ./system/src/stm32f4-hal/stm32f4xx_hal_spi.o
 .comment       0x0000000000000068       0x69 ./system/src/stm32f4-hal/stm32f4xx_hal_tim.o
 .comment       0x0000000000000068       0x69 ./system/src/stm32f4-hal/stm32f4xx_hal_uart.o
 .comment       0x0000000000000068       0x69 ./system/src/newlib/_sbrk.o
 .comment       0x0000000000000068       0x69 ./system/src/newlib/_startup.o
 .comment       0x0000000000000068       0x69 ./system/src/newlib/_syscalls.o
 .comment       0x0000000000000068       0x69 ./system/src/diag/Trace.o
 .comment       0x0000000000000068       0x69 ./system/src/diag/trace_impl.o
 .comment       0x0000000000000068       0x69 ./system/src/cortexm/_initialize_hardware.o
 .comment       0x0000000000000068       0x69 ./system/src/cortexm/exception_handlers.o
 .comment       0x0000000000000068       0x69 ./system/src/cmsis/vectors_stm32f446xx.o
 .comment       0x0000000000000068       0x69 ./src/LEDs.o
 .comment       0x0000000000000068       0x69 ./src/accelerometer.o
 .comment       0x0000000000000068       0x69 ./src/adcs.o
 .comment       0x0000000000000068       0x69 ./src/animations.o
 .comment       0x0000000000000068       0x69 ./src/main.o
 .comment       0x0000000000000068       0x69 ./src/motors.o
 .comment       0x0000000000000068       0x69 ./src/serial.o
 .comment       0x0000000000000068       0x69 ./src/stm32f4xx_hal_msp.o
 .comment       0x0000000000000068       0x69 ./src/stm32f4xx_it.o
 .comment       0x0000000000000068       0x69 ./src/system_stm32f4xx.o
 .comment       0x0000000000000068       0x69 ./src/time.o
 .comment       0x0000000000000068       0x69 ./src/topLoop.o
 .comment       0x0000000000000068       0x69 ./src/watchdog.o

.ARM.attributes
                0x0000000000000000       0x2c
 .ARM.attributes
                0x0000000000000000       0x2e ./system/src/stm32f4-hal/stm32f4xx_hal.o
 .ARM.attributes
                0x000000000000002e       0x2e ./system/src/stm32f4-hal/stm32f4xx_hal_adc.o
 .ARM.attributes
                0x000000000000005c       0x2e ./system/src/stm32f4-hal/stm32f4xx_hal_cortex.o
 .ARM.attributes
                0x000000000000008a       0x2e ./system/src/stm32f4-hal/stm32f4xx_hal_dac.o
 .ARM.attributes
                0x00000000000000b8       0x2e ./system/src/stm32f4-hal/stm32f4xx_hal_dma.o
 .ARM.attributes
                0x00000000000000e6       0x2e ./system/src/stm32f4-hal/stm32f4xx_hal_gpio.o
 .ARM.attributes
                0x0000000000000114       0x2e ./system/src/stm32f4-hal/stm32f4xx_hal_i2c.o
 .ARM.attributes
                0x0000000000000142       0x2e ./system/src/stm32f4-hal/stm32f4xx_hal_iwdg.o
 .ARM.attributes
                0x0000000000000170       0x2e ./system/src/stm32f4-hal/stm32f4xx_hal_rcc.o
 .ARM.attributes
                0x000000000000019e       0x2e ./system/src/stm32f4-hal/stm32f4xx_hal_spi.o
 .ARM.attributes
                0x00000000000001cc       0x2e ./system/src/stm32f4-hal/stm32f4xx_hal_tim.o
 .ARM.attributes
                0x00000000000001fa       0x2e ./system/src/stm32f4-hal/stm32f4xx_hal_uart.o
 .ARM.attributes
                0x0000000000000228       0x2e ./system/src/newlib/_sbrk.o
 .ARM.attributes
                0x0000000000000256       0x2e ./system/src/newlib/_startup.o
 .ARM.attributes
                0x0000000000000284       0x2e ./system/src/newlib/_syscalls.o
 .ARM.attributes
                0x00000000000002b2       0x2e ./system/src/diag/Trace.o
 .ARM.attributes
                0x00000000000002e0       0x2e ./system/src/diag/trace_impl.o
 .ARM.attributes
                0x000000000000030e       0x2e ./system/src/cortexm/_initialize_hardware.o
 .ARM.attributes
                0x000000000000033c       0x2e ./system/src/cortexm/exception_handlers.o
 .ARM.attributes
                0x000000000000036a       0x2e ./system/src/cmsis/vectors_stm32f446xx.o
 .ARM.attributes
                0x0000000000000398       0x2e ./src/LEDs.o
 .ARM.attributes
                0x00000000000003c6       0x2e ./src/accelerometer.o
 .ARM.attributes
                0x00000000000003f4       0x2e ./src/adcs.o
 .ARM.attributes
                0x0000000000000422       0x2e ./src/animations.o
 .ARM.attributes
                0x0000000000000450       0x2e ./src/main.o
 .ARM.attributes
                0x000000000000047e       0x2e ./src/motors.o
 .ARM.attributes
                0x00000000000004ac       0x2e ./src/serial.o
 .ARM.attributes
                0x00000000000004da       0x2e ./src/stm32f4xx_hal_msp.o
 .ARM.attributes
                0x0000000000000508       0x2e ./src/stm32f4xx_it.o
 .ARM.attributes
                0x0000000000000536       0x2e ./src/system_stm32f4xx.o
 .ARM.attributes
                0x0000000000000564       0x2e ./src/time.o
 .ARM.attributes
                0x0000000000000592       0x2e ./src/topLoop.o
 .ARM.attributes
                0x00000000000005c0       0x2e ./src/watchdog.o
 .ARM.attributes
                0x00000000000005ee       0x2e c:/users/swallen/appdata/roaming/xpacks/@gnu-mcu-eclipse/arm-none-eabi-gcc/8.2.1-1.3.1/.content/bin/../lib/gcc/arm-none-eabi/8.2.1/../../../../arm-none-eabi/lib/thumb/v7e-m/nofp\libm.a(lib_a-w_atan2.o)
 .ARM.attributes
                0x000000000000061c       0x2e c:/users/swallen/appdata/roaming/xpacks/@gnu-mcu-eclipse/arm-none-eabi-gcc/8.2.1-1.3.1/.content/bin/../lib/gcc/arm-none-eabi/8.2.1/../../../../arm-none-eabi/lib/thumb/v7e-m/nofp\libm.a(lib_a-w_sqrt.o)
 .ARM.attributes
                0x000000000000064a       0x2e c:/users/swallen/appdata/roaming/xpacks/@gnu-mcu-eclipse/arm-none-eabi-gcc/8.2.1-1.3.1/.content/bin/../lib/gcc/arm-none-eabi/8.2.1/../../../../arm-none-eabi/lib/thumb/v7e-m/nofp\libm.a(lib_a-e_atan2.o)
 .ARM.attributes
                0x0000000000000678       0x2e c:/users/swallen/appdata/roaming/xpacks/@gnu-mcu-eclipse/arm-none-eabi-gcc/8.2.1-1.3.1/.content/bin/../lib/gcc/arm-none-eabi/8.2.1/../../../../arm-none-eabi/lib/thumb/v7e-m/nofp\libm.a(lib_a-e_sqrt.o)
 .ARM.attributes
                0x00000000000006a6       0x2e c:/users/swallen/appdata/roaming/xpacks/@gnu-mcu-eclipse/arm-none-eabi-gcc/8.2.1-1.3.1/.content/bin/../lib/gcc/arm-none-eabi/8.2.1/../../../../arm-none-eabi/lib/thumb/v7e-m/nofp\libm.a(lib_a-s_atan.o)
 .ARM.attributes
                0x00000000000006d4       0x2e c:/users/swallen/appdata/roaming/xpacks/@gnu-mcu-eclipse/arm-none-eabi-gcc/8.2.1-1.3.1/.content/bin/../lib/gcc/arm-none-eabi/8.2.1/../../../../arm-none-eabi/lib/thumb/v7e-m/nofp\libm.a(lib_a-s_fabs.o)
 .ARM.attributes
                0x0000000000000702       0x2e c:/users/swallen/appdata/roaming/xpacks/@gnu-mcu-eclipse/arm-none-eabi-gcc/8.2.1-1.3.1/.content/bin/../lib/gcc/arm-none-eabi/8.2.1/../../../../arm-none-eabi/lib/thumb/v7e-m/nofp\libm.a(lib_a-s_lib_ver.o)
 .ARM.attributes
                0x0000000000000730       0x2e c:/users/swallen/appdata/roaming/xpacks/@gnu-mcu-eclipse/arm-none-eabi-gcc/8.2.1-1.3.1/.content/bin/../lib/gcc/arm-none-eabi/8.2.1/../../../../arm-none-eabi/lib/thumb/v7e-m/nofp\libm.a(lib_a-s_matherr.o)
 .ARM.attributes
                0x000000000000075e       0x1e c:/users/swallen/appdata/roaming/xpacks/@gnu-mcu-eclipse/arm-none-eabi-gcc/8.2.1-1.3.1/.content/bin/../lib/gcc/arm-none-eabi/8.2.1/thumb/v7e-m/nofp\libgcc.a(_arm_addsubdf3.o)
 .ARM.attributes
                0x000000000000077c       0x1e c:/users/swallen/appdata/roaming/xpacks/@gnu-mcu-eclipse/arm-none-eabi-gcc/8.2.1-1.3.1/.content/bin/../lib/gcc/arm-none-eabi/8.2.1/thumb/v7e-m/nofp\libgcc.a(_arm_muldivdf3.o)
 .ARM.attributes
                0x000000000000079a       0x1e c:/users/swallen/appdata/roaming/xpacks/@gnu-mcu-eclipse/arm-none-eabi-gcc/8.2.1-1.3.1/.content/bin/../lib/gcc/arm-none-eabi/8.2.1/thumb/v7e-m/nofp\libgcc.a(_arm_cmpdf2.o)
 .ARM.attributes
                0x00000000000007b8       0x1e c:/users/swallen/appdata/roaming/xpacks/@gnu-mcu-eclipse/arm-none-eabi-gcc/8.2.1-1.3.1/.content/bin/../lib/gcc/arm-none-eabi/8.2.1/thumb/v7e-m/nofp\libgcc.a(_arm_unorddf2.o)
 .ARM.attributes
                0x00000000000007d6       0x1e c:/users/swallen/appdata/roaming/xpacks/@gnu-mcu-eclipse/arm-none-eabi-gcc/8.2.1-1.3.1/.content/bin/../lib/gcc/arm-none-eabi/8.2.1/thumb/v7e-m/nofp\libgcc.a(_arm_fixdfsi.o)
 .ARM.attributes
                0x00000000000007f4       0x1e c:/users/swallen/appdata/roaming/xpacks/@gnu-mcu-eclipse/arm-none-eabi-gcc/8.2.1-1.3.1/.content/bin/../lib/gcc/arm-none-eabi/8.2.1/thumb/v7e-m/nofp\libgcc.a(_arm_fixunsdfsi.o)
 .ARM.attributes
                0x0000000000000812       0x2e c:/users/swallen/appdata/roaming/xpacks/@gnu-mcu-eclipse/arm-none-eabi-gcc/8.2.1-1.3.1/.content/bin/../lib/gcc/arm-none-eabi/8.2.1/../../../../arm-none-eabi/lib/thumb/v7e-m/nofp\libg_nano.a(lib_a-ctype_.o)
 .ARM.attributes
                0x0000000000000840       0x2e c:/users/swallen/appdata/roaming/xpacks/@gnu-mcu-eclipse/arm-none-eabi-gcc/8.2.1-1.3.1/.content/bin/../lib/gcc/arm-none-eabi/8.2.1/../../../../arm-none-eabi/lib/thumb/v7e-m/nofp\libg_nano.a(lib_a-errno.o)
 .ARM.attributes
                0x000000000000086e       0x2e c:/users/swallen/appdata/roaming/xpacks/@gnu-mcu-eclipse/arm-none-eabi-gcc/8.2.1-1.3.1/.content/bin/../lib/gcc/arm-none-eabi/8.2.1/../../../../arm-none-eabi/lib/thumb/v7e-m/nofp\libg_nano.a(lib_a-findfp.o)
 .ARM.attributes
                0x000000000000089c       0x2e c:/users/swallen/appdata/roaming/xpacks/@gnu-mcu-eclipse/arm-none-eabi-gcc/8.2.1-1.3.1/.content/bin/../lib/gcc/arm-none-eabi/8.2.1/../../../../arm-none-eabi/lib/thumb/v7e-m/nofp\libg_nano.a(lib_a-fwalk.o)
 .ARM.attributes
                0x00000000000008ca       0x2e c:/users/swallen/appdata/roaming/xpacks/@gnu-mcu-eclipse/arm-none-eabi-gcc/8.2.1-1.3.1/.content/bin/../lib/gcc/arm-none-eabi/8.2.1/../../../../arm-none-eabi/lib/thumb/v7e-m/nofp\libg_nano.a(lib_a-impure.o)
 .ARM.attributes
                0x00000000000008f8       0x2e c:/users/swallen/appdata/roaming/xpacks/@gnu-mcu-eclipse/arm-none-eabi-gcc/8.2.1-1.3.1/.content/bin/../lib/gcc/arm-none-eabi/8.2.1/../../../../arm-none-eabi/lib/thumb/v7e-m/nofp\libg_nano.a(lib_a-lock.o)
 .ARM.attributes
                0x0000000000000926       0x2e c:/users/swallen/appdata/roaming/xpacks/@gnu-mcu-eclipse/arm-none-eabi-gcc/8.2.1-1.3.1/.content/bin/../lib/gcc/arm-none-eabi/8.2.1/../../../../arm-none-eabi/lib/thumb/v7e-m/nofp\libg_nano.a(lib_a-malloc.o)
 .ARM.attributes
                0x0000000000000954       0x2e c:/users/swallen/appdata/roaming/xpacks/@gnu-mcu-eclipse/arm-none-eabi-gcc/8.2.1-1.3.1/.content/bin/../lib/gcc/arm-none-eabi/8.2.1/../../../../arm-none-eabi/lib/thumb/v7e-m/nofp\libg_nano.a(lib_a-memset.o)
 .ARM.attributes