Archive member included to satisfy reference by file (symbol)

c:/users/swallen/appdata/roaming/xpacks/@gnu-mcu-eclipse/arm-none-eabi-gcc/8.2.1-1.3.1/.content/bin/../lib/gcc/arm-none-eabi/8.2.1/../../../../arm-none-eabi/lib/thumb/v7e-m/nofp\libm.a(lib_a-w_atan2.o)
                              ./src/serial.o (atan2)
c:/users/swallen/appdata/roaming/xpacks/@gnu-mcu-eclipse/arm-none-eabi-gcc/8.2.1-1.3.1/.content/bin/../lib/gcc/arm-none-eabi/8.2.1/../../../../arm-none-eabi/lib/thumb/v7e-m/nofp\libm.a(lib_a-w_sqrt.o)
                              ./src/accelerometer.o (sqrt)
c:/users/swallen/appdata/roaming/xpacks/@gnu-mcu-eclipse/arm-none-eabi-gcc/8.2.1-1.3.1/.content/bin/../lib/gcc/arm-none-eabi/8.2.1/../../../../arm-none-eabi/lib/thumb/v7e-m/nofp\libm.a(lib_a-e_atan2.o)
                              c:/users/swallen/appdata/roaming/xpacks/@gnu-mcu-eclipse/arm-none-eabi-gcc/8.2.1-1.3.1/.content/bin/../lib/gcc/arm-none-eabi/8.2.1/../../../../arm-none-eabi/lib/thumb/v7e-m/nofp\libm.a(lib_a-w_atan2.o) (__ieee754_atan2)
c:/users/swallen/appdata/roaming/xpacks/@gnu-mcu-eclipse/arm-none-eabi-gcc/8.2.1-1.3.1/.content/bin/../lib/gcc/arm-none-eabi/8.2.1/../../../../arm-none-eabi/lib/thumb/v7e-m/nofp\libm.a(lib_a-e_sqrt.o)
                              c:/users/swallen/appdata/roaming/xpacks/@gnu-mcu-eclipse/arm-none-eabi-gcc/8.2.1-1.3.1/.content/bin/../lib/gcc/arm-none-eabi/8.2.1/../../../../arm-none-eabi/lib/thumb/v7e-m/nofp\libm.a(lib_a-w_sqrt.o) (__ieee754_sqrt)
c:/users/swallen/appdata/roaming/xpacks/@gnu-mcu-eclipse/arm-none-eabi-gcc/8.2.1-1.3.1/.content/bin/../lib/gcc/arm-none-eabi/8.2.1/../../../../arm-none-eabi/lib/thumb/v7e-m/nofp\libm.a(lib_a-s_atan.o)
                              c:/users/swallen/appdata/roaming/xpacks/@gnu-mcu-eclipse/arm-none-eabi-gcc/8.2.1-1.3.1/.content/bin/../lib/gcc/arm-none-eabi/8.2.1/../../../../arm-none-eabi/lib/thumb/v7e-m/nofp\libm.a(lib_a-e_atan2.o) (atan)
c:/users/swallen/appdata/roaming/xpacks/@gnu-mcu-eclipse/arm-none-eabi-gcc/8.2.1-1.3.1/.content/bin/../lib/gcc/arm-none-eabi/8.2.1/../../../../arm-none-eabi/lib/thumb/v7e-m/nofp\libm.a(lib_a-s_fabs.o)
                              c:/users/swallen/appdata/roaming/xpacks/@gnu-mcu-eclipse/arm-none-eabi-gcc/8.2.1-1.3.1/.content/bin/../lib/gcc/arm-none-eabi/8.2.1/../../../../arm-none-eabi/lib/thumb/v7e-m/nofp\libm.a(lib_a-e_atan2.o) (fabs)
c:/users/swallen/appdata/roaming/xpacks/@gnu-mcu-eclipse/arm-none-eabi-gcc/8.2.1-1.3.1/.content/bin/../lib/gcc/arm-none-eabi/8.2.1/../../../../arm-none-eabi/lib/thumb/v7e-m/nofp\libm.a(lib_a-s_lib_ver.o)
                              c:/users/swallen/appdata/roaming/xpacks/@gnu-mcu-eclipse/arm-none-eabi-gcc/8.2.1-1.3.1/.content/bin/../lib/gcc/arm-none-eabi/8.2.1/../../../../arm-none-eabi/lib/thumb/v7e-m/nofp\libm.a(lib_a-w_sqrt.o) (__fdlib_version)
c:/users/swallen/appdata/roaming/xpacks/@gnu-mcu-eclipse/arm-none-eabi-gcc/8.2.1-1.3.1/.content/bin/../lib/gcc/arm-none-eabi/8.2.1/../../../../arm-none-eabi/lib/thumb/v7e-m/nofp\libm.a(lib_a-s_matherr.o)
                              c:/users/swallen/appdata/roaming/xpacks/@gnu-mcu-eclipse/arm-none-eabi-gcc/8.2.1-1.3.1/.content/bin/../lib/gcc/arm-none-eabi/8.2.1/../../../../arm-none-eabi/lib/thumb/v7e-m/nofp\libm.a(lib_a-w_sqrt.o) (matherr)
c:/users/swallen/appdata/roaming/xpacks/@gnu-mcu-eclipse/arm-none-eabi-gcc/8.2.1-1.3.1/.content/bin/../lib/gcc/arm-none-eabi/8.2.1/thumb/v7e-m/nofp\libgcc.a(_arm_addsubdf3.o)
                              c:/users/swallen/appdata/roaming/xpacks/@gnu-mcu-eclipse/arm-none-eabi-gcc/8.2.1-1.3.1/.content/bin/../lib/gcc/arm-none-eabi/8.2.1/../../../../arm-none-eabi/lib/thumb/v7e-m/nofp\libm.a(lib_a-e_atan2.o) (__aeabi_dsub)
c:/users/swallen/appdata/roaming/xpacks/@gnu-mcu-eclipse/arm-none-eabi-gcc/8.2.1-1.3.1/.content/bin/../lib/gcc/arm-none-eabi/8.2.1/thumb/v7e-m/nofp\libgcc.a(_arm_muldivdf3.o)
                              ./src/serial.o (__aeabi_dmul)
c:/users/swallen/appdata/roaming/xpacks/@gnu-mcu-eclipse/arm-none-eabi-gcc/8.2.1-1.3.1/.content/bin/../lib/gcc/arm-none-eabi/8.2.1/thumb/v7e-m/nofp\libgcc.a(_arm_cmpdf2.o)
                              c:/users/swallen/appdata/roaming/xpacks/@gnu-mcu-eclipse/arm-none-eabi-gcc/8.2.1-1.3.1/.content/bin/../lib/gcc/arm-none-eabi/8.2.1/../../../../arm-none-eabi/lib/thumb/v7e-m/nofp\libm.a(lib_a-w_sqrt.o) (__aeabi_dcmplt)
c:/users/swallen/appdata/roaming/xpacks/@gnu-mcu-eclipse/arm-none-eabi-gcc/8.2.1-1.3.1/.content/bin/../lib/gcc/arm-none-eabi/8.2.1/thumb/v7e-m/nofp\libgcc.a(_arm_unorddf2.o)
                              c:/users/swallen/appdata/roaming/xpacks/@gnu-mcu-eclipse/arm-none-eabi-gcc/8.2.1-1.3.1/.content/bin/../lib/gcc/arm-none-eabi/8.2.1/../../../../arm-none-eabi/lib/thumb/v7e-m/nofp\libm.a(lib_a-w_sqrt.o) (__aeabi_dcmpun)
c:/users/swallen/appdata/roaming/xpacks/@gnu-mcu-eclipse/arm-none-eabi-gcc/8.2.1-1.3.1/.content/bin/../lib/gcc/arm-none-eabi/8.2.1/thumb/v7e-m/nofp\libgcc.a(_arm_fixdfsi.o)
                              ./src/serial.o (__aeabi_d2iz)
[...]
Memory Configuration

Name             Origin             Length             Attributes
RAM              0x0000000020000000 0x0000000000020000 xrw
CCMRAM           0x0000000010000000 0x0000000000010000 xrw
FLASH            0x0000000008000000 0x0000000000080000 xr
FLASHB1          0x0000000000000000 0x0000000000000000 xr
EXTMEMB0         0x0000000000000000 0x0000000000000000 xr
EXTMEMB1         0x0000000000000000 0x0000000000000000 xr
EXTMEMB2         0x0000000000000000 0x0000000000000000 xr
EXTMEMB3         0x0000000000000000 0x0000000000000000 xr
MEMORY_ARRAY     0x0000000020002000 0x0000000000000020 xrw
*default*        0x0000000000000000 0xffffffffffffffff

Linker script and memory map

LOAD ./system/src/stm32f4-hal/stm32f4xx_hal.o
LOAD ./system/src/stm32f4-hal/stm32f4xx_hal_adc.o
LOAD ./system/src/stm32f4-hal/stm32f4xx_hal_adc_ex.o
LOAD ./system/src/stm32f4-hal/stm32f4xx_hal_cortex.o
LOAD ./system/src/stm32f4-hal/stm32f4xx_hal_dac.o
LOAD ./system/src/stm32f4-hal/stm32f4xx_hal_dac_ex.o
LOAD ./system/src/stm32f4-hal/stm32f4xx_hal_dfsdm.o
LOAD ./system/src/stm32f4-hal/stm32f4xx_hal_dma.o
LOAD ./system/src/stm32f4-hal/stm32f4xx_hal_dma2d.o
LOAD ./system/src/stm32f4-hal/stm32f4xx_hal_dma_ex.o
LOAD ./system/src/stm32f4-hal/stm32f4xx_hal_flash.o
LOAD ./system/src/stm32f4-hal/stm32f4xx_hal_gpio.o
LOAD ./system/src/stm32f4-hal/stm32f4xx_hal_i2c.o
LOAD ./system/src/stm32f4-hal/stm32f4xx_hal_i2c_ex.o
LOAD ./system/src/stm32f4-hal/stm32f4xx_hal_iwdg.o
LOAD ./system/src/stm32f4-hal/stm32f4xx_hal_pwr.o
LOAD ./system/src/stm32f4-hal/stm32f4xx_hal_rcc.o
LOAD ./system/src/stm32f4-hal/stm32f4xx_hal_spi.o
LOAD ./system/src/stm32f4-hal/stm32f4xx_hal_tim.o
LOAD ./system/src/stm32f4-hal/stm32f4xx_hal_tim_ex.o
LOAD ./system/src/stm32f4-hal/stm32f4xx_hal_uart.o
LOAD ./system/src/newlib/_cxx.o
LOAD ./system/src/newlib/_exit.o
LOAD ./system/src/newlib/_sbrk.o
LOAD ./system/src/newlib/_startup.o
LOAD ./system/src/newlib/_syscalls.o
LOAD ./system/src/newlib/assert.o
LOAD ./system/src/diag/Trace.o
LOAD ./system/src/diag/trace_impl.o
LOAD ./system/src/cortexm/_initialize_hardware.o
LOAD ./system/src/cortexm/_reset_hardware.o
LOAD ./system/src/cortexm/exception_handlers.o
LOAD ./system/src/cmsis/vectors_stm32f446xx.o
LOAD ./src/LEDs.o
LOAD ./src/_write.o
LOAD ./src/accelerometer.o
LOAD ./src/adcs.o
LOAD ./src/main.o
LOAD ./src/motors.o
LOAD ./src/serial.o
LOAD ./src/stm32f4xx_hal_msp.o
LOAD ./src/stm32f4xx_it.o
LOAD ./src/system_stm32f4xx.o
LOAD ./src/time.o
LOAD ./src/topLoop.o
LOAD ./src/watchdog.o
LOAD c:/users/swallen/appdata/roaming/xpacks/@gnu-mcu-eclipse/arm-none-eabi-gcc/8.2.1-1.3.1/.content/bin/../lib/gcc/arm-none-eabi/8.2.1/../../../../arm-none-eabi/lib/thumb/v7e-m/nofp\libstdc++_nano.a
LOAD c:/users/swallen/appdata/roaming/xpacks/@gnu-mcu-eclipse/arm-none-eabi-gcc/8.2.1-1.3.1/.content/bin/../lib/gcc/arm-none-eabi/8.2.1/../../../../arm-none-eabi/lib/thumb/v7e-m/nofp\libm.a
START GROUP
LOAD c:/users/swallen/appdata/roaming/xpacks/@gnu-mcu-eclipse/arm-none-eabi-gcc/8.2.1-1.3.1/.content/bin/../lib/gcc/arm-none-eabi/8.2.1/thumb/v7e-m/nofp\libgcc.a
LOAD c:/users/swallen/appdata/roaming/xpacks/@gnu-mcu-eclipse/arm-none-eabi-gcc/8.2.1-1.3.1/.content/bin/../lib/gcc/arm-none-eabi/8.2.1/../../../../arm-none-eabi/lib/thumb/v7e-m/nofp\libg_nano.a
LOAD c:/users/swallen/appdata/roaming/xpacks/@gnu-mcu-eclipse/arm-none-eabi-gcc/8.2.1-1.3.1/.content/bin/../lib/gcc/arm-none-eabi/8.2.1/../../../../arm-none-eabi/lib/thumb/v7e-m/nofp\libc_nano.a
END GROUP
START GROUP
LOAD c:/users/swallen/appdata/roaming/xpacks/@gnu-mcu-eclipse/arm-none-eabi-gcc/8.2.1-1.3.1/.content/bin/../lib/gcc/arm-none-eabi/8.2.1/thumb/v7e-m/nofp\libgcc.a
LOAD c:/users/swallen/appdata/roaming/xpacks/@gnu-mcu-eclipse/arm-none-eabi-gcc/8.2.1-1.3.1/.content/bin/../lib/gcc/arm-none-eabi/8.2.1/../../../../arm-none-eabi/lib/thumb/v7e-m/nofp\libc_nano.a
END GROUP
                0x0000000020020000                __stack = (ORIGIN (RAM) + LENGTH (RAM))
                0x0000000020020000                _estack = __stack
                0x0000000000000400                __Main_Stack_Size = 0x400
                [!provide]                        PROVIDE (_Main_Stack_Size = __Main_Stack_Size)
                0x000000002001fc00                __Main_Stack_Limit = (__stack - __Main_Stack_Size)
                [!provide]                        PROVIDE (_Main_Stack_Limit = __Main_Stack_Limit)
                0x0000000000000100                _Minimum_Stack_Size = 0x100
                0x0000000020005324                PROVIDE (_Heap_Begin = _end_noinit)
                0x000000002001fc00                PROVIDE (_Heap_Limit = (__stack - __Main_Stack_Size))

.isr_vector     0x0000000008000000      0x408
 FILL mask 0xff
                0x0000000008000000                __vectors_start = ABSOLUTE (.)
                0x0000000008000000                __vectors_start__ = ABSOLUTE (.)
 *(.isr_vector)
 .isr_vector    0x0000000008000000      0x1c4 ./system/src/cmsis/vectors_stm32f446xx.o
                0x0000000008000000                __isr_vectors
 *(.cfmconfig)
 *(.after_vectors .after_vectors.*)
 .after_vectors
                0x00000000080001c4      0x114 ./system/src/newlib/_startup.o
                0x00000000080001c4                _start
 .after_vectors
                0x00000000080002d8      0x12c ./system/src/cortexm/exception_handlers.o
                0x00000000080002d8                Reset_Handler
                0x00000000080002e2                HardFault_Handler
                0x00000000080002f6                HardFault_Handler_C
                0x000000000800036c                BusFault_Handler_C
                0x00000000080003b4                UsageFault_Handler_C
 .after_vectors
                0x0000000008000404        0x4 ./system/src/cmsis/vectors_stm32f446xx.o
                0x0000000008000404                RTC_Alarm_IRQHandler
                0x0000000008000404                EXTI2_IRQHandler
                0x0000000008000404                TIM8_CC_IRQHandler
                0x0000000008000404                SPI4_IRQHandler
                0x0000000008000404                TIM1_CC_IRQHandler
                0x0000000008000404                DMA2_Stream5_IRQHandler
                0x0000000008000404                DMA1_Stream5_IRQHandler
                0x0000000008000404                PVD_IRQHandler
                0x0000000008000404                SDIO_IRQHandler
                0x0000000008000404                TAMP_STAMP_IRQHandler
                0x0000000008000404                CAN2_RX1_IRQHandler
                0x0000000008000404                EXTI3_IRQHandler
                0x0000000008000404                TIM8_TRG_COM_TIM14_IRQHandler
                0x0000000008000404                TIM1_UP_TIM10_IRQHandler
                0x0000000008000404                TIM8_UP_TIM13_IRQHandler
                0x0000000008000404                I2C3_ER_IRQHandler
                0x0000000008000404                EXTI0_IRQHandler
                0x0000000008000404                I2C2_EV_IRQHandler
                0x0000000008000404                DMA1_Stream2_IRQHandler
                0x0000000008000404                CAN1_RX0_IRQHandler
                0x0000000008000404                FPU_IRQHandler
                0x0000000008000404                OTG_HS_WKUP_IRQHandler
                0x0000000008000404                CAN2_SCE_IRQHandler
                0x0000000008000404                DMA2_Stream2_IRQHandler
                0x0000000008000404                SPI1_IRQHandler
                0x0000000008000404                TIM6_DAC_IRQHandler
                0x0000000008000404                TIM1_BRK_TIM9_IRQHandler
                0x0000000008000404                DCMI_IRQHandler
                0x0000000008000404                CAN2_RX0_IRQHandler
                0x0000000008000404                DMA2_Stream3_IRQHandler
                0x0000000008000404                SAI2_IRQHandler
                0x0000000008000404                USART6_IRQHandler
                0x0000000008000404                USART3_IRQHandler
                0x0000000008000404                CAN1_RX1_IRQHandler
                0x0000000008000404                UART5_IRQHandler
                0x0000000008000404                DMA2_Stream0_IRQHandler
                0x0000000008000404                I2C4_Error_IRQHandler
                0x0000000008000404                TIM4_IRQHandler
                0x0000000008000404                QUADSPI_IRQHandler
                0x0000000008000404                I2C1_EV_IRQHandler
                0x0000000008000404                DMA1_Stream6_IRQHandler
                0x0000000008000404                UART4_IRQHandler
                0x0000000008000404                TIM3_IRQHandler
                0x0000000008000404                RCC_IRQHandler
                0x0000000008000404                TIM8_BRK_TIM12_IRQHandler
                0x0000000008000404                Default_Handler
                0x0000000008000404                CEC_IRQHandler
                0x0000000008000404                EXTI15_10_IRQHandler
                0x0000000008000404                ADC_IRQHandler
                0x0000000008000404                DMA1_Stream7_IRQHandler
                0x0000000008000404                TIM7_IRQHandler
                0x0000000008000404                CAN2_TX_IRQHandler
                0x0000000008000404                TIM5_IRQHandler
                0x0000000008000404                DMA2_Stream7_IRQHandler
                0x0000000008000404                I2C3_EV_IRQHandler
                0x0000000008000404                EXTI9_5_IRQHandler
                0x0000000008000404                RTC_WKUP_IRQHandler
                0x0000000008000404                SPDIF_RX_IRQHandler
                0x0000000008000404                SPI2_IRQHandler
                0x0000000008000404                OTG_HS_EP1_IN_IRQHandler
                0x0000000008000404                DMA1_Stream0_IRQHandler
                0x0000000008000404                CAN1_TX_IRQHandler
                0x0000000008000404                EXTI4_IRQHandler
                0x0000000008000404                OTG_HS_EP1_OUT_IRQHandler
                0x0000000008000404                WWDG_IRQHandler
                0x0000000008000404                TIM2_IRQHandler
                0x0000000008000404                OTG_FS_WKUP_IRQHandler
                0x0000000008000404                TIM1_TRG_COM_TIM11_IRQHandler
                0x0000000008000404                OTG_HS_IRQHandler
                0x0000000008000404                EXTI1_IRQHandler
                0x0000000008000404                USART2_IRQHandler
                0x0000000008000404                I2C2_ER_IRQHandler
                0x0000000008000404                DMA2_Stream1_IRQHandler
                0x0000000008000404                CAN1_SCE_IRQHandler
                0x0000000008000404                FLASH_IRQHandler
                0x0000000008000404                DMA2_Stream4_IRQHandler
                0x0000000008000404                OTG_FS_IRQHandler
                0x0000000008000404                SPI3_IRQHandler
                0x0000000008000404                DMA1_Stream4_IRQHandler
                0x0000000008000404                I2C1_ER_IRQHandler
                0x0000000008000404                FMC_IRQHandler
                0x0000000008000404                I2C4_Event_IRQHandler
                0x0000000008000404                DMA2_Stream6_IRQHandler
                0x0000000008000404                SAI1_IRQHandler

.inits          0x0000000008000408       0x28
                0x0000000008000408                __data_regions_array_start = .
                0x0000000008000408        0x4 LONG 0x8006e04 LOADADDR (.data)
                0x000000000800040c        0x4 LONG 0x20000000 ADDR (.data)
                0x0000000008000410        0x4 LONG 0x200000d8 (ADDR (.data) + SIZEOF (.data))
                0x0000000008000414        0x4 LONG 0x8006e04 LOADADDR (.data_CCMRAM)
                0x0000000008000418        0x4 LONG 0x10000000 ADDR (.data_CCMRAM)
                0x000000000800041c        0x4 LONG 0x10000000 (ADDR (.data_CCMRAM) + SIZEOF (.data_CCMRAM))
                0x0000000008000420                __data_regions_array_end = .
                0x0000000008000420                __bss_regions_array_start = .
                0x0000000008000420        0x4 LONG 0x200000d8 ADDR (.bss)
                0x0000000008000424        0x4 LONG 0x20005324 (ADDR (.bss) + SIZEOF (.bss))
                0x0000000008000428        0x4 LONG 0x10000000 ADDR (.bss_CCMRAM)
                0x000000000800042c        0x4 LONG 0x10000000 (ADDR (.bss_CCMRAM) + SIZEOF (.bss_CCMRAM))
                0x0000000008000430                __bss_regions_array_end = .
 *(.init)
 *(.fini)
                0x0000000008000430                . = ALIGN (0x4)
                0x0000000008000430                PROVIDE (__preinit_array_start = .)
 *(.preinit_array_sysinit .preinit_array_sysinit.*)
 *(.preinit_array_platform .preinit_array_platform.*)
 *(.preinit_array .preinit_array.*)
                0x0000000008000430                PROVIDE (__preinit_array_end = .)
                0x0000000008000430                . = ALIGN (0x4)
                0x0000000008000430                PROVIDE (__init_array_start = .)
 *(SORT_BY_NAME(.init_array.*))
 *(.init_array)
                0x0000000008000430                PROVIDE (__init_array_end = .)
                0x0000000008000430                . = ALIGN (0x4)
                0x0000000008000430                PROVIDE (__fini_array_start = .)
 *(SORT_BY_NAME(.fini_array.*))
 *(.fini_array)
                0x0000000008000430                PROVIDE (__fini_array_end = .)

.flashtext
 *(.flashtext .flashtext.*)

.text           0x0000000008000430     0x69d3
 *(.text .text.*)
 .text.HAL_InitTick
                0x0000000008000430       0x2c ./system/src/stm32f4-hal/stm32f4xx_hal.o
                0x0000000008000430                HAL_InitTick
 .text.HAL_Init
                0x000000000800045c       0x34 ./system/src/stm32f4-hal/stm32f4xx_hal.o
                0x000000000800045c                HAL_Init
 .text.HAL_IncTick
                0x0000000008000490       0x10 ./system/src/stm32f4-hal/stm32f4xx_hal.o
                0x0000000008000490                HAL_IncTick
 .text.HAL_GetTick
                0x00000000080004a0        0xc ./system/src/stm32f4-hal/stm32f4xx_hal.o
                0x00000000080004a0                HAL_GetTick
 .text.ADC_Init
                0x00000000080004ac      0x158 ./system/src/stm32f4-hal/stm32f4xx_hal_adc.o
 .text.HAL_ADC_Init
                0x0000000008000604      0x1ec ./system/src/stm32f4-hal/stm32f4xx_hal_adc.o
                0x0000000008000604                HAL_ADC_Init
 .text.HAL_ADC_Start
                0x00000000080007f0      0x134 ./system/src/stm32f4-hal/stm32f4xx_hal_adc.o
                0x00000000080007f0                HAL_ADC_Start
 .text.HAL_ADC_ConfigChannel
                0x0000000008000924      0x1d8 ./system/src/stm32f4-hal/stm32f4xx_hal_adc.o
                0x0000000008000924                HAL_ADC_ConfigChannel
 .text.HAL_NVIC_SetPriorityGrouping
                0x0000000008000afc       0x3c ./system/src/stm32f4-hal/stm32f4xx_hal_cortex.o
                0x0000000008000afc                HAL_NVIC_SetPriorityGrouping
 .text.HAL_NVIC_SetPriority
                0x0000000008000b38       0x8c ./system/src/stm32f4-hal/stm32f4xx_hal_cortex.o
                0x0000000008000b38                HAL_NVIC_SetPriority
 .text.HAL_NVIC_EnableIRQ
                0x0000000008000bc4       0x2c ./system/src/stm32f4-hal/stm32f4xx_hal_cortex.o
                0x0000000008000bc4                HAL_NVIC_EnableIRQ
 .text.HAL_SYSTICK_Config
                0x0000000008000bf0       0x2c ./system/src/stm32f4-hal/stm32f4xx_hal_cortex.o
                0x0000000008000bf0                HAL_SYSTICK_Config
 .text.HAL_DMA_Abort_IT
                0x0000000008000c1c       0x26 ./system/src/stm32f4-hal/stm32f4xx_hal_dma.o
                0x0000000008000c1c                HAL_DMA_Abort_IT
 *fill*         0x0000000008000c42        0x2 
 .text.HAL_DMA_IRQHandler
                0x0000000008000c44      0x1e4 ./system/src/stm32f4-hal/stm32f4xx_hal_dma.o
                0x0000000008000c44                HAL_DMA_IRQHandler
 .text.HAL_GPIO_Init
                0x0000000008000e28      0x2e4 ./system/src/stm32f4-hal/stm32f4xx_hal_gpio.o
                0x0000000008000e28                HAL_GPIO_Init
 .text.HAL_GPIO_ReadPin
                0x000000000800110c       0x28 ./system/src/stm32f4-hal/stm32f4xx_hal_gpio.o
                0x000000000800110c                HAL_GPIO_ReadPin
 .text.HAL_GPIO_WritePin
                0x0000000008001134       0x38 ./system/src/stm32f4-hal/stm32f4xx_hal_gpio.o
                0x0000000008001134                HAL_GPIO_WritePin
 .text.HAL_I2C_MspInit
                0x000000000800116c        0x2 ./system/src/stm32f4-hal/stm32f4xx_hal_i2c.o
                0x000000000800116c                HAL_I2C_MspInit
 *fill*         0x000000000800116e        0x2 
 .text.HAL_I2C_Init
                0x0000000008001170      0x1f8 ./system/src/stm32f4-hal/stm32f4xx_hal_i2c.o
                0x0000000008001170                HAL_I2C_Init
 .text.HAL_IWDG_Init
                0x0000000008001368       0x88 ./system/src/stm32f4-hal/stm32f4xx_hal_iwdg.o
                0x0000000008001368                HAL_IWDG_Init
 .text.HAL_IWDG_Refresh
                0x00000000080013f0        0xc ./system/src/stm32f4-hal/stm32f4xx_hal_iwdg.o
                0x00000000080013f0                HAL_IWDG_Refresh
 .text.HAL_RCC_OscConfig
                0x00000000080013fc      0x43c ./system/src/stm32f4-hal/stm32f4xx_hal_rcc.o
                0x00000000080013fc                HAL_RCC_OscConfig
 .text.HAL_RCC_GetSysClockFreq
                0x0000000008001838       0x80 ./system/src/stm32f4-hal/stm32f4xx_hal_rcc.o
                0x0000000008001838                HAL_RCC_GetSysClockFreq
 .text.HAL_RCC_ClockConfig
                0x00000000080018b8      0x258 ./system/src/stm32f4-hal/stm32f4xx_hal_rcc.o
                0x00000000080018b8                HAL_RCC_ClockConfig
 .text.HAL_RCC_GetHCLKFreq
                0x0000000008001b10        0xc ./system/src/stm32f4-hal/stm32f4xx_hal_rcc.o
                0x0000000008001b10                HAL_RCC_GetHCLKFreq
 .text.HAL_RCC_GetPCLK1Freq
                0x0000000008001b1c       0x2c ./system/src/stm32f4-hal/stm32f4xx_hal_rcc.o
                0x0000000008001b1c                HAL_RCC_GetPCLK1Freq
 .text.HAL_RCC_GetPCLK2Freq
                0x0000000008001b48       0x2c ./system/src/stm32f4-hal/stm32f4xx_hal_rcc.o
                0x0000000008001b48                HAL_RCC_GetPCLK2Freq
 .text.TIM_TI1_ConfigInputStage
                0x0000000008001b74       0x24 ./system/src/stm32f4-hal/stm32f4xx_hal_tim.o
 .text.TIM_TI2_ConfigInputStage
                0x0000000008001b98       0x26 ./system/src/stm32f4-hal/stm32f4xx_hal_tim.o
 .text.TIM_ITRx_SetConfig
                0x0000000008001bbe       0x10 ./system/src/stm32f4-hal/stm32f4xx_hal_tim.o
 .text.TIM_ETR_SetConfig
                0x0000000008001bce       0x16 ./system/src/stm32f4-hal/stm32f4xx_hal_tim.o
 .text.HAL_TIM_ConfigClockSource
                0x0000000008001be4      0x5c8 ./system/src/stm32f4-hal/stm32f4xx_hal_tim.o
                0x0000000008001be4                HAL_TIM_ConfigClockSource
 .text.TIM_CCxChannelCmd
                0x00000000080021ac       0xb0 ./system/src/stm32f4-hal/stm32f4xx_hal_tim.o
                0x00000000080021ac                TIM_CCxChannelCmd
 .text.HAL_TIM_PWM_Start
                0x000000000800225c       0xec ./system/src/stm32f4-hal/stm32f4xx_hal_tim.o
                0x000000000800225c                HAL_TIM_PWM_Start
 .text.UART_EndRxTransfer
                0x0000000008002348       0x1c ./system/src/stm32f4-hal/stm32f4xx_hal_uart.o
 .text.UART_Transmit_IT
                0x0000000008002364       0x64 ./system/src/stm32f4-hal/stm32f4xx_hal_uart.o
 .text.UART_SetConfig
                0x00000000080023c8      0x3a0 ./system/src/stm32f4-hal/stm32f4xx_hal_uart.o
 .text.HAL_UART_Init
                0x0000000008002768      0x124 ./system/src/stm32f4-hal/stm32f4xx_hal_uart.o
                0x0000000008002768                HAL_UART_Init
 .text.HAL_UART_Receive_IT
                0x000000000800288c       0x5c ./system/src/stm32f4-hal/stm32f4xx_hal_uart.o
                0x000000000800288c                HAL_UART_Receive_IT
 .text.HAL_UART_TxCpltCallback
                0x00000000080028e8        0x2 ./system/src/stm32f4-hal/stm32f4xx_hal_uart.o
                0x00000000080028e8                HAL_UART_TxCpltCallback
 .text.UART_EndTransmit_IT
                0x00000000080028ea       0x1a ./system/src/stm32f4-hal/stm32f4xx_hal_uart.o
 .text.UART_Receive_IT
                0x0000000008002904       0x92 ./system/src/stm32f4-hal/stm32f4xx_hal_uart.o
 .text.HAL_UART_ErrorCallback
                0x0000000008002996        0x2 ./system/src/stm32f4-hal/stm32f4xx_hal_uart.o
                0x0000000008002996                HAL_UART_ErrorCallback
 .text.HAL_UART_IRQHandler
                0x0000000008002998      0x128 ./system/src/stm32f4-hal/stm32f4xx_hal_uart.o
                0x0000000008002998                HAL_UART_IRQHandler
 .text.UART_DMAAbortOnError
                0x0000000008002ac0       0x10 ./system/src/stm32f4-hal/stm32f4xx_hal_uart.o
 .text._sbrk    0x0000000008002ad0       0x44 ./system/src/newlib/_sbrk.o
                0x0000000008002ad0                _sbrk
 .text.get_errno
                0x0000000008002b14       0x12 ./system/src/newlib/_syscalls.o
 .text.error    0x0000000008002b26       0x14 ./system/src/newlib/_syscalls.o
 .text.checkerror
                0x0000000008002b3a       0x10 ./system/src/newlib/_syscalls.o
 *fill*         0x0000000008002b4a        0x2 
 .text.findslot
                0x0000000008002b4c       0x3c ./system/src/newlib/_syscalls.o
 .text._exit    0x0000000008002b88       0x20 ./system/src/newlib/_syscalls.o
                0x0000000008002b88                _exit
 .text.initialise_monitor_handles
                0x0000000008002ba8       0xa8 ./system/src/newlib/_syscalls.o
                0x0000000008002ba8                initialise_monitor_handles
 .text.__initialize_args
                0x0000000008002c50       0xbc ./system/src/newlib/_syscalls.o
                0x0000000008002c50                __initialize_args
 .text._swiread
                0x0000000008002d0c       0x20 ./system/src/newlib/_syscalls.o
                0x0000000008002d0c                _swiread
 .text._read    0x0000000008002d2c       0x36 ./system/src/newlib/_syscalls.o
                0x0000000008002d2c                _read
 .text._swilseek
                0x0000000008002d62       0xaa ./system/src/newlib/_syscalls.o
                0x0000000008002d62                _swilseek
 .text._lseek   0x0000000008002e0c        0x8 ./system/src/newlib/_syscalls.o
                0x0000000008002e0c                _lseek
 .text._swiwrite
                0x0000000008002e14       0x20 ./system/src/newlib/_syscalls.o
                0x0000000008002e14                _swiwrite
 .text._write   0x0000000008002e34       0x46 ./system/src/newlib/_syscalls.o
                0x0000000008002e34                _write
 .text._swiclose
                0x0000000008002e7a       0x1c ./system/src/newlib/_syscalls.o
                0x0000000008002e7a                _swiclose
 *fill*         0x0000000008002e96        0x2 
 .text._close   0x0000000008002e98       0x4c ./system/src/newlib/_syscalls.o
                0x0000000008002e98                _close
 .text._swistat
                0x0000000008002ee4       0x44 ./system/src/newlib/_syscalls.o
                0x0000000008002ee4                _swistat
 .text._fstat   0x0000000008002f28       0x1a ./system/src/newlib/_syscalls.o
                0x0000000008002f28                _fstat
 .text._isatty  0x0000000008002f42       0x36 ./system/src/newlib/_syscalls.o
                0x0000000008002f42                _isatty
 .text.trace_printf
                0x0000000008002f78       0x34 ./system/src/diag/Trace.o
                0x0000000008002f78                trace_printf
 .text._trace_write_semihosting_debug
                0x0000000008002fac       0x60 ./system/src/diag/trace_impl.o
 .text.trace_write
                0x000000000800300c        0x8 ./system/src/diag/trace_impl.o
                0x000000000800300c                trace_write
 .text.__initialize_hardware_early
                0x0000000008003014       0x18 ./system/src/cortexm/_initialize_hardware.o
                0x0000000008003014                __initialize_hardware_early
 .text.__initialize_hardware
                0x000000000800302c        0x8 ./system/src/cortexm/_initialize_hardware.o
                0x000000000800302c                __initialize_hardware
 .text.dumpExceptionStack
                0x0000000008003034       0xf4 ./system/src/cortexm/exception_handlers.o
                0x0000000008003034                dumpExceptionStack
 .text.isSemihosting
                0x0000000008003128      0x100 ./system/src/cortexm/exception_handlers.o
                0x0000000008003128                isSemihosting
 .text.initLEDs
                0x0000000008003228       0x7c ./src/LEDs.o
                0x0000000008003228                initLEDs
 .text.setLEDs  0x00000000080032a4       0x10 ./src/LEDs.o
                0x00000000080032a4                setLEDs
 .text.getAccelAngle
                0x00000000080032b4        0xc ./src/accelerometer.o
                0x00000000080032b4                getAccelAngle
 .text.getHybridAngle
                0x00000000080032c0       0x40 ./src/accelerometer.o
                0x00000000080032c0                getHybridAngle
 .text.upToSpeed
                0x0000000008003300       0x14 ./src/accelerometer.o
                0x0000000008003300                upToSpeed
 .text.writeI2CReg8Blocking
                0x0000000008003314       0xb2 ./src/accelerometer.o
                0x0000000008003314                writeI2CReg8Blocking
 .text.readI2CReg16Blocking
                0x00000000080033c6      0x158 ./src/accelerometer.o
                0x00000000080033c6                readI2CReg16Blocking
 *fill*         0x000000000800351e        0x2 
 .text.I2C_ClearBusyFlagErratum
                0x0000000008003520      0x148 ./src/accelerometer.o
                0x0000000008003520                I2C_ClearBusyFlagErratum
 .text.initAccelerometer
                0x0000000008003668       0xec ./src/accelerometer.o
                0x0000000008003668                initAccelerometer
 *fill*         0x0000000008003754        0x4 
 .text.runAccelerometer
                0x0000000008003758      0x144 ./src/accelerometer.o
                0x0000000008003758                runAccelerometer
 .text.runHybridSensing
                0x000000000800389c       0xb4 ./src/accelerometer.o
                0x000000000800389c                runHybridSensing
 .text.initADCs
                0x0000000008003950       0x78 ./src/adcs.o
                0x0000000008003950                initADCs
 .text.getPhotoDiode
                0x00000000080039c8        0xc ./src/adcs.o
                0x00000000080039c8                getPhotoDiode
 .text.MX_GPIO_Init
                0x00000000080039d4       0x4c ./src/main.o
 .text.Error_Handler
                0x0000000008003a20       0x10 ./src/main.o
                0x0000000008003a20                Error_Handler
 .text.SystemClock_Config
                0x0000000008003a30       0xa8 ./src/main.o
                0x0000000008003a30                SystemClock_Config
 .text.main     0x0000000008003ad8       0x14 ./src/main.o
                0x0000000008003ad8                main
 .text.assert_failed
                0x0000000008003aec       0x14 ./src/main.o
                0x0000000008003aec                assert_failed
 .text.initMotors
                0x0000000008003b00      0x134 ./src/motors.o
                0x0000000008003b00                initMotors
 .text.setMotorSpeed
                0x0000000008003c34        0xc ./src/motors.o
                0x0000000008003c34                setMotorSpeed
 .text.issueDshotCommand
                0x0000000008003c40       0x88 ./src/motors.o
                0x0000000008003c40                issueDshotCommand
 .text.runMotors
                0x0000000008003cc8       0x9c ./src/motors.o
                0x0000000008003cc8                runMotors
 .text.initSerial
                0x0000000008003d64       0x70 ./src/serial.o
                0x0000000008003d64                initSerial
 .text.HAL_UART_RxCpltCallback
                0x0000000008003dd4       0x70 ./src/serial.o
                0x0000000008003dd4                HAL_UART_RxCpltCallback
 .text.DMA1_Stream1_IRQHandler
                0x0000000008003e44       0x10 ./src/serial.o
                0x0000000008003e44                DMA1_Stream1_IRQHandler
 .text.USART1_IRQHandler
                0x0000000008003e54       0x10 ./src/serial.o
                0x0000000008003e54                USART1_IRQHandler
 .text.isControlled
                0x0000000008003e64       0x24 ./src/serial.o
                0x0000000008003e64                isControlled
 .text.isEnabled
                0x0000000008003e88       0x14 ./src/serial.o
                0x0000000008003e88                isEnabled
 .text.commandedThrottle
                0x0000000008003e9c        0xc ./src/serial.o
                0x0000000008003e9c                commandedThrottle
 .text.getMeltyThrottle
                0x0000000008003ea8        0xc ./src/serial.o
                0x0000000008003ea8                getMeltyThrottle
 .text.getMeltyAngle
                0x0000000008003eb4        0xc ./src/serial.o
                0x0000000008003eb4                getMeltyAngle
 .text.getDirSwitch
                0x0000000008003ec0       0x18 ./src/serial.o
                0x0000000008003ec0                getDirSwitch
 .text.getStickSwitch
                0x0000000008003ed8       0x10 ./src/serial.o
                0x0000000008003ed8                getStickSwitch
 .text.SquareRootRounded
                0x0000000008003ee8       0x2e ./src/serial.o
                0x0000000008003ee8                SquareRootRounded
 *fill*         0x0000000008003f16        0x2 
 .text.receiveSerial
                0x0000000008003f18       0xe8 ./src/serial.o
                0x0000000008003f18                receiveSerial
 .text.HAL_MspInit
                0x0000000008004000       0x38 ./src/stm32f4xx_hal_msp.o
                0x0000000008004000                HAL_MspInit
 .text.HAL_ADC_MspInit
                0x0000000008004038       0x68 ./src/stm32f4xx_hal_msp.o
                0x0000000008004038                HAL_ADC_MspInit
 .text.HAL_UART_MspInit
                0x00000000080040a0       0xa0 ./src/stm32f4xx_hal_msp.o
                0x00000000080040a0                HAL_UART_MspInit
 .text.NMI_Handler
                0x0000000008004140        0x2 ./src/stm32f4xx_it.o
                0x0000000008004140                NMI_Handler
 .text.MemManage_Handler
                0x0000000008004142        0x2 ./src/stm32f4xx_it.o
                0x0000000008004142                MemManage_Handler
 .text.BusFault_Handler
                0x0000000008004144        0x2 ./src/stm32f4xx_it.o
                0x0000000008004144                BusFault_Handler
 .text.UsageFault_Handler
                0x0000000008004146        0x2 ./src/stm32f4xx_it.o
                0x0000000008004146                UsageFault_Handler
 .text.SVC_Handler
                0x0000000008004148        0x2 ./src/stm32f4xx_it.o
                0x0000000008004148                SVC_Handler
 .text.DebugMon_Handler
                0x000000000800414a        0x2 ./src/stm32f4xx_it.o
                0x000000000800414a                DebugMon_Handler
 .text.PendSV_Handler
                0x000000000800414c        0x2 ./src/stm32f4xx_it.o
                0x000000000800414c                PendSV_Handler
 .text.SysTick_Handler
                0x000000000800414e        0x8 ./src/stm32f4xx_it.o
                0x000000000800414e                SysTick_Handler
 .text.DMA1_Stream3_IRQHandler
                0x0000000008004156        0x2 ./src/stm32f4xx_it.o
                0x0000000008004156                DMA1_Stream3_IRQHandler
 .text.SystemInit
                0x0000000008004158       0x40 ./src/system_stm32f4xx.o
                0x0000000008004158                SystemInit
 .text.SystemCoreClockUpdate
                0x0000000008004198       0x90 ./src/system_stm32f4xx.o
                0x0000000008004198                SystemCoreClockUpdate
 .text.getMicroseconds
                0x0000000008004228        0xc ./src/time.o
                0x0000000008004228                getMicroseconds
 .text.getMilliseconds
                0x0000000008004234        0xc ./src/time.o
                0x0000000008004234                getMilliseconds
 .text.resetTimers
                0x0000000008004240       0x18 ./src/time.o
                0x0000000008004240                resetTimers
 .text.initTimers
                0x0000000008004258       0x7c ./src/time.o
                0x0000000008004258                initTimers
 .text.setState
                0x00000000080042d4       0x2c ./src/topLoop.o
                0x00000000080042d4                setState
 .text.loop     0x0000000008004300      0x218 ./src/topLoop.o
                0x0000000008004300                loop
 .text.initWatchdog
                0x0000000008004518       0x20 ./src/watchdog.o
                0x0000000008004518                initWatchdog
 .text.feedWatchdog
                0x0000000008004538       0x10 ./src/watchdog.o
                0x0000000008004538                feedWatchdog
 .text.atan2    0x0000000008004548        0x4 c:/users/swallen/appdata/roaming/xpacks/@gnu-mcu-eclipse/arm-none-eabi-gcc/8.2.1-1.3.1/.content/bin/../lib/gcc/arm-none-eabi/8.2.1/../../../../arm-none-eabi/lib/thumb/v7e-m/nofp\libm.a(lib_a-w_atan2.o)
                0x0000000008004548                atan2
 .text.sqrt     0x000000000800454c       0xc0 c:/users/swallen/appdata/roaming/xpacks/@gnu-mcu-eclipse/arm-none-eabi-gcc/8.2.1-1.3.1/.content/bin/../lib/gcc/arm-none-eabi/8.2.1/../../../../arm-none-eabi/lib/thumb/v7e-m/nofp\libm.a(lib_a-w_sqrt.o)
                0x000000000800454c                sqrt
 *fill*         0x000000000800460c        0x4 
 .text.__ieee754_atan2
                0x0000000008004610      0x1b4 c:/users/swallen/appdata/roaming/xpacks/@gnu-mcu-eclipse/arm-none-eabi-gcc/8.2.1-1.3.1/.content/bin/../lib/gcc/arm-none-eabi/8.2.1/../../../../arm-none-eabi/lib/thumb/v7e-m/nofp\libm.a(lib_a-e_atan2.o)
                0x0000000008004610                __ieee754_atan2
 .text.__ieee754_sqrt
                0x00000000080047c4      0x184 c:/users/swallen/appdata/roaming/xpacks/@gnu-mcu-eclipse/arm-none-eabi-gcc/8.2.1-1.3.1/.content/bin/../lib/gcc/arm-none-eabi/8.2.1/../../../../arm-none-eabi/lib/thumb/v7e-m/nofp\libm.a(lib_a-e_sqrt.o)
                0x00000000080047c4                __ieee754_sqrt
 .text.atan     0x0000000008004948      0x314 c:/users/swallen/appdata/roaming/xpacks/@gnu-mcu-eclipse/arm-none-eabi-gcc/8.2.1-1.3.1/.content/bin/../lib/gcc/arm-none-eabi/8.2.1/../../../../arm-none-eabi/lib/thumb/v7e-m/nofp\libm.a(lib_a-s_atan.o)
                0x0000000008004948                atan
 .text.fabs     0x0000000008004c5c        0x8 c:/users/swallen/appdata/roaming/xpacks/@gnu-mcu-eclipse/arm-none-eabi-gcc/8.2.1-1.3.1/.content/bin/../lib/gcc/arm-none-eabi/8.2.1/../../../../arm-none-eabi/lib/thumb/v7e-m/nofp\libm.a(lib_a-s_fabs.o)
                0x0000000008004c5c                fabs
 .text.matherr  0x0000000008004c64        0x4 c:/users/swallen/appdata/roaming/xpacks/@gnu-mcu-eclipse/arm-none-eabi-gcc/8.2.1-1.3.1/.content/bin/../lib/gcc/arm-none-eabi/8.2.1/../../../../arm-none-eabi/lib/thumb/v7e-m/nofp\libm.a(lib_a-s_matherr.o)
                0x0000000008004c64                matherr
 .text          0x0000000008004c68      0x378 c:/users/swallen/appdata/roaming/xpacks/@gnu-mcu-eclipse/arm-none-eabi-gcc/8.2.1-1.3.1/.content/bin/../lib/gcc/arm-none-eabi/8.2.1/thumb/v7e-m/nofp\libgcc.a(_arm_addsubdf3.o)
                0x0000000008004c68                __aeabi_drsub
                0x0000000008004c70                __aeabi_dsub
                0x0000000008004c70                __subdf3
                0x0000000008004c74                __aeabi_dadd
                0x0000000008004c74                __adddf3
                0x0000000008004eec                __floatunsidf
                0x0000000008004eec                __aeabi_ui2d
                0x0000000008004f0c                __floatsidf
                0x0000000008004f0c                __aeabi_i2d
                0x0000000008004f30                __aeabi_f2d
                0x0000000008004f30                __extendsfdf2
                0x0000000008004f74                __floatundidf
                0x0000000008004f74                __aeabi_ul2d
                0x0000000008004f84                __floatdidf
                0x0000000008004f84                __aeabi_l2d
 .text          0x0000000008004fe0      0x424 c:/users/swallen/appdata/roaming/xpacks/@gnu-mcu-eclipse/arm-none-eabi-gcc/8.2.1-1.3.1/.content/bin/../lib/gcc/arm-none-eabi/8.2.1/thumb/v7e-m/nofp\libgcc.a(_arm_muldivdf3.o)
                0x0000000008004fe0                __aeabi_dmul
                0x0000000008004fe0                __muldf3
                0x0000000008005234                __divdf3
                0x0000000008005234                __aeabi_ddiv
 .text          0x0000000008005404      0x110 c:/users/swallen/appdata/roaming/xpacks/@gnu-mcu-eclipse/arm-none-eabi-gcc/8.2.1-1.3.1/.content/bin/../lib/gcc/arm-none-eabi/8.2.1/thumb/v7e-m/nofp\libgcc.a(_arm_cmpdf2.o)
                0x0000000008005404                __gtdf2
                0x0000000008005404                __gedf2
                0x000000000800540c                __ltdf2
                0x000000000800540c                __ledf2
                0x0000000008005414                __nedf2
                0x0000000008005414                __eqdf2
                0x0000000008005414                __cmpdf2
                0x0000000008005490                __aeabi_cdrcmple
                0x00000000080054a0                __aeabi_cdcmpeq
                0x00000000080054a0                __aeabi_cdcmple
                0x00000000080054b0                __aeabi_dcmpeq
                0x00000000080054c4                __aeabi_dcmplt
                0x00000000080054d8                __aeabi_dcmple
                0x00000000080054ec                __aeabi_dcmpge
                0x0000000008005500                __aeabi_dcmpgt
 .text          0x0000000008005514       0x2c c:/users/swallen/appdata/roaming/xpacks/@gnu-mcu-eclipse/arm-none-eabi-gcc/8.2.1-1.3.1/.content/bin/../lib/gcc/arm-none-eabi/8.2.1/thumb/v7e-m/nofp\libgcc.a(_arm_unorddf2.o)
                0x0000000008005514                __unorddf2
                0x0000000008005514                __aeabi_dcmpun
 .text          0x0000000008005540       0x50 c:/users/swallen/appdata/roaming/xpacks/@gnu-mcu-eclipse/arm-none-eabi-gcc/8.2.1-1.3.1/.content/bin/../lib/gcc/arm-none-eabi/8.2.1/thumb/v7e-m/nofp\libgcc.a(_arm_fixdfsi.o)
                0x0000000008005540                __aeabi_d2iz
                0x0000000008005540                __fixdfsi
 .text          0x0000000008005590       0x40 c:/users/swallen/appdata/roaming/xpacks/@gnu-mcu-eclipse/arm-none-eabi-gcc/8.2.1-1.3.1/.content/bin/../lib/gcc/arm-none-eabi/8.2.1/thumb/v7e-m/nofp\libgcc.a(_arm_fixunsdfsi.o)
                0x0000000008005590                __aeabi_d2uiz
                0x0000000008005590                __fixunsdfsi
 .text.__errno  0x00000000080055d0        0xc c:/users/swallen/appdata/roaming/xpacks/@gnu-mcu-eclipse/arm-none-eabi-gcc/8.2.1-1.3.1/.content/bin/../lib/gcc/arm-none-eabi/8.2.1/../../../../arm-none-eabi/lib/thumb/v7e-m/nofp\libg_nano.a(lib_a-errno.o)
                0x00000000080055d0                __errno
 .text.std      0x00000000080055dc       0x48 c:/users/swallen/appdata/roaming/xpacks/@gnu-mcu-eclipse/arm-none-eabi-gcc/8.2.1-1.3.1/.content/bin/../lib/gcc/arm-none-eabi/8.2.1/../../../../arm-none-eabi/lib/thumb/v7e-m/nofp\libg_nano.a(lib_a-findfp.o)
 .text._cleanup_r
                0x0000000008005624        0xc c:/users/swallen/appdata/roaming/xpacks/@gnu-mcu-eclipse/arm-none-eabi-gcc/8.2.1-1.3.1/.content/bin/../lib/gcc/arm-none-eabi/8.2.1/../../../../arm-none-eabi/lib/thumb/v7e-m/nofp\libg_nano.a(lib_a-findfp.o)
                0x0000000008005624                _cleanup_r
 .text.__sfmoreglue
                0x0000000008005630       0x2c c:/users/swallen/appdata/roaming/xpacks/@gnu-mcu-eclipse/arm-none-eabi-gcc/8.2.1-1.3.1/.content/bin/../lib/gcc/arm-none-eabi/8.2.1/../../../../arm-none-eabi/lib/thumb/v7e-m/nofp\libg_nano.a(lib_a-findfp.o)
                0x0000000008005630                __sfmoreglue
 .text.__sfp_lock_acquire
                0x000000000800565c        0xc c:/users/swallen/appdata/roaming/xpacks/@gnu-mcu-eclipse/arm-none-eabi-gcc/8.2.1-1.3.1/.content/bin/../lib/gcc/arm-none-eabi/8.2.1/../../../../arm-none-eabi/lib/thumb/v7e-m/nofp\libg_nano.a(lib_a-findfp.o)
                0x000000000800565c                __sfp_lock_acquire
 .text.__sfp_lock_release
                0x0000000008005668        0xc c:/users/swallen/appdata/roaming/xpacks/@gnu-mcu-eclipse/arm-none-eabi-gcc/8.2.1-1.3.1/.content/bin/../lib/gcc/arm-none-eabi/8.2.1/../../../../arm-none-eabi/lib/thumb/v7e-m/nofp\libg_nano.a(lib_a-findfp.o)
                0x0000000008005668                __sfp_lock_release
 .text.__sinit_lock_acquire
                0x0000000008005674        0xc c:/users/swallen/appdata/roaming/xpacks/@gnu-mcu-eclipse/arm-none-eabi-gcc/8.2.1-1.3.1/.content/bin/../lib/gcc/arm-none-eabi/8.2.1/../../../../arm-none-eabi/lib/thumb/v7e-m/nofp\libg_nano.a(lib_a-findfp.o)
                0x0000000008005674                __sinit_lock_acquire
 .text.__sinit_lock_release
                0x0000000008005680        0xc c:/users/swallen/appdata/roaming/xpacks/@gnu-mcu-eclipse/arm-none-eabi-gcc/8.2.1-1.3.1/.content/bin/../lib/gcc/arm-none-eabi/8.2.1/../../../../arm-none-eabi/lib/thumb/v7e-m/nofp\libg_nano.a(lib_a-findfp.o)
                0x0000000008005680                __sinit_lock_release
 .text.__sinit  0x000000000800568c       0x70 c:/users/swallen/appdata/roaming/xpacks/@gnu-mcu-eclipse/arm-none-eabi-gcc/8.2.1-1.3.1/.content/bin/../lib/gcc/arm-none-eabi/8.2.1/../../../../arm-none-eabi/lib/thumb/v7e-m/nofp\libg_nano.a(lib_a-findfp.o)
                0x000000000800568c                __sinit
 .text.__sfp    0x00000000080056fc       0x8c c:/users/swallen/appdata/roaming/xpacks/@gnu-mcu-eclipse/arm-none-eabi-gcc/8.2.1-1.3.1/.content/bin/../lib/gcc/arm-none-eabi/8.2.1/../../../../arm-none-eabi/lib/thumb/v7e-m/nofp\libg_nano.a(lib_a-findfp.o)
                0x00000000080056fc                __sfp
 .text._fwalk_reent
                0x0000000008005788       0x3c c:/users/swallen/appdata/roaming/xpacks/@gnu-mcu-eclipse/arm-none-eabi-gcc/8.2.1-1.3.1/.content/bin/../lib/gcc/arm-none-eabi/8.2.1/../../../../arm-none-eabi/lib/thumb/v7e-m/nofp\libg_nano.a(lib_a-fwalk.o)
                0x0000000008005788                _fwalk_reent
 .text.__retarget_lock_init_recursive
                0x00000000080057c4        0x2 c:/users/swallen/appdata/roaming/xpacks/@gnu-mcu-eclipse/arm-none-eabi-gcc/8.2.1-1.3.1/.content/bin/../lib/gcc/arm-none-eabi/8.2.1/../../../../arm-none-eabi/lib/thumb/v7e-m/nofp\libg_nano.a(lib_a-lock.o)
                0x00000000080057c4                __retarget_lock_init_recursive
 .text.__retarget_lock_acquire_recursive
                0x00000000080057c6        0x2 c:/users/swallen/appdata/roaming/xpacks/@gnu-mcu-eclipse/arm-none-eabi-gcc/8.2.1-1.3.1/.content/bin/../lib/gcc/arm-none-eabi/8.2.1/../../../../arm-none-eabi/lib/thumb/v7e-m/nofp\libg_nano.a(lib_a-lock.o)
                0x00000000080057c6                __retarget_lock_acquire_recursive
 .text.__retarget_lock_release_recursive
                0x00000000080057c8        0x2 c:/users/swallen/appdata/roaming/xpacks/@gnu-mcu-eclipse/arm-none-eabi-gcc/8.2.1-1.3.1/.content/bin/../lib/gcc/arm-none-eabi/8.2.1/../../../../arm-none-eabi/lib/thumb/v7e-m/nofp\libg_nano.a(lib_a-lock.o)
                0x00000000080057c8                __retarget_lock_release_recursive
 .text.memset   0x00000000080057ca       0x10 c:/users/swallen/appdata/roaming/xpacks/@gnu-mcu-eclipse/arm-none-eabi-gcc/8.2.1-1.3.1/.content/bin/../lib/gcc/arm-none-eabi/8.2.1/../../../../arm-none-eabi/lib/thumb/v7e-m/nofp\libg_nano.a(lib_a-memset.o)
                0x00000000080057ca                memset
 *fill*         0x00000000080057da        0x2 
 .text._malloc_r
                0x00000000080057dc       0xb4 c:/users/swallen/appdata/roaming/xpacks/@gnu-mcu-eclipse/arm-none-eabi-gcc/8.2.1-1.3.1/.content/bin/../lib/gcc/arm-none-eabi/8.2.1/../../../../arm-none-eabi/lib/thumb/v7e-m/nofp\libg_nano.a(lib_a-nano-mallocr.o)
                0x00000000080057dc                _malloc_r
 .text.printf   0x0000000008005890       0x30 c:/users/swallen/appdata/roaming/xpacks/@gnu-mcu-eclipse/arm-none-eabi-gcc/8.2.1-1.3.1/.content/bin/../lib/gcc/arm-none-eabi/8.2.1/../../../../arm-none-eabi/lib/thumb/v7e-m/nofp\libg_nano.a(lib_a-printf.o)
                0x0000000008005890                iprintf
                0x0000000008005890                printf
 .text._sbrk_r  0x00000000080058c0       0x20 c:/users/swallen/appdata/roaming/xpacks/@gnu-mcu-eclipse/arm-none-eabi-gcc/8.2.1-1.3.1/.content/bin/../lib/gcc/arm-none-eabi/8.2.1/../../../../arm-none-eabi/lib/thumb/v7e-m/nofp\libg_nano.a(lib_a-sbrkr.o)
                0x00000000080058c0                _sbrk_r
 .text.__sread  0x00000000080058e0       0x22 c:/users/swallen/appdata/roaming/xpacks/@gnu-mcu-eclipse/arm-none-eabi-gcc/8.2.1-1.3.1/.content/bin/../lib/gcc/arm-none-eabi/8.2.1/../../../../arm-none-eabi/lib/thumb/v7e-m/nofp\libg_nano.a(lib_a-stdio.o)
                0x00000000080058e0                __sread
 .text.__swrite
                0x0000000008005902       0x38 c:/users/swallen/appdata/roaming/xpacks/@gnu-mcu-eclipse/arm-none-eabi-gcc/8.2.1-1.3.1/.content/bin/../lib/gcc/arm-none-eabi/8.2.1/../../../../arm-none-eabi/lib/thumb/v7e-m/nofp\libg_nano.a(lib_a-stdio.o)
                0x0000000008005902                __swrite
 .text.__sseek  0x000000000800593a       0x24 c:/users/swallen/appdata/roaming/xpacks/@gnu-mcu-eclipse/arm-none-eabi-gcc/8.2.1-1.3.1/.content/bin/../lib/gcc/arm-none-eabi/8.2.1/../../../../arm-none-eabi/lib/thumb/v7e-m/nofp\libg_nano.a(lib_a-stdio.o)
                0x000000000800593a                __sseek
 .text.__sclose
                0x000000000800595e        0x8 c:/users/swallen/appdata/roaming/xpacks/@gnu-mcu-eclipse/arm-none-eabi-gcc/8.2.1-1.3.1/.content/bin/../lib/gcc/arm-none-eabi/8.2.1/../../../../arm-none-eabi/lib/thumb/v7e-m/nofp\libg_nano.a(lib_a-stdio.o)
                0x000000000800595e                __sclose
 .text          0x0000000008005966       0x14 c:/users/swallen/appdata/roaming/xpacks/@gnu-mcu-eclipse/arm-none-eabi-gcc/8.2.1-1.3.1/.content/bin/../lib/gcc/arm-none-eabi/8.2.1/../../../../arm-none-eabi/lib/thumb/v7e-m/nofp\libg_nano.a(lib_a-strcmp.o)
                0x0000000008005966                strcmp
 .text._vsnprintf_r
                0x000000000800597a       0x58 c:/users/swallen/appdata/roaming/xpacks/@gnu-mcu-eclipse/arm-none-eabi-gcc/8.2.1-1.3.1/.content/bin/../lib/gcc/arm-none-eabi/8.2.1/../../../../arm-none-eabi/lib/thumb/v7e-m/nofp\libg_nano.a(lib_a-vsnprintf.o)
                0x000000000800597a                _vsniprintf_r
                0x000000000800597a                _vsnprintf_r
 *fill*         0x00000000080059d2        0x2 
 .text.vsnprintf
                0x00000000080059d4       0x1c c:/users/swallen/appdata/roaming/xpacks/@gnu-mcu-eclipse/arm-none-eabi-gcc/8.2.1-1.3.1/.content/bin/../lib/gcc/arm-none-eabi/8.2.1/../../../../arm-none-eabi/lib/thumb/v7e-m/nofp\libg_nano.a(lib_a-vsnprintf.o)
                0x00000000080059d4                vsniprintf
                0x00000000080059d4                vsnprintf
 .text._write_r
                0x00000000080059f0       0x24 c:/users/swallen/appdata/roaming/xpacks/@gnu-mcu-eclipse/arm-none-eabi-gcc/8.2.1-1.3.1/.content/bin/../lib/gcc/arm-none-eabi/8.2.1/../../../../arm-none-eabi/lib/thumb/v7e-m/nofp\libg_nano.a(lib_a-writer.o)
                0x00000000080059f0                _write_r
 .text._close_r
                0x0000000008005a14       0x20 c:/users/swallen/appdata/roaming/xpacks/@gnu-mcu-eclipse/arm-none-eabi-gcc/8.2.1-1.3.1/.content/bin/../lib/gcc/arm-none-eabi/8.2.1/../../../../arm-none-eabi/lib/thumb/v7e-m/nofp\libg_nano.a(lib_a-closer.o)
                0x0000000008005a14                _close_r
 .text.__sflush_r
                0x0000000008005a34      0x10c c:/users/swallen/appdata/roaming/xpacks/@gnu-mcu-eclipse/arm-none-eabi-gcc/8.2.1-1.3.1/.content/bin/../lib/gcc/arm-none-eabi/8.2.1/../../../../arm-none-eabi/lib/thumb/v7e-m/nofp\libg_nano.a(lib_a-fflush.o)
                0x0000000008005a34                __sflush_r
 .text._fflush_r
                0x0000000008005b40       0x78 c:/users/swallen/appdata/roaming/xpacks/@gnu-mcu-eclipse/arm-none-eabi-gcc/8.2.1-1.3.1/.content/bin/../lib/gcc/arm-none-eabi/8.2.1/../../../../arm-none-eabi/lib/thumb/v7e-m/nofp\libg_nano.a(lib_a-fflush.o)
                0x0000000008005b40                _fflush_r
 .text._lseek_r
                0x0000000008005bb8       0x24 c:/users/swallen/appdata/roaming/xpacks/@gnu-mcu-eclipse/arm-none-eabi-gcc/8.2.1-1.3.1/.content/bin/../lib/gcc/arm-none-eabi/8.2.1/../../../../arm-none-eabi/lib/thumb/v7e-m/nofp\libg_nano.a(lib_a-lseekr.o)
                0x0000000008005bb8                _lseek_r
 .text.__malloc_lock
                0x0000000008005bdc        0xc c:/users/swallen/appdata/roaming/xpacks/@gnu-mcu-eclipse/arm-none-eabi-gcc/8.2.1-1.3.1/.content/bin/../lib/gcc/arm-none-eabi/8.2.1/../../../../arm-none-eabi/lib/thumb/v7e-m/nofp\libg_nano.a(lib_a-mlock.o)
                0x0000000008005bdc                __malloc_lock
 .text.__malloc_unlock
                0x0000000008005be8        0xc c:/users/swallen/appdata/roaming/xpacks/@gnu-mcu-eclipse/arm-none-eabi-gcc/8.2.1-1.3.1/.content/bin/../lib/gcc/arm-none-eabi/8.2.1/../../../../arm-none-eabi/lib/thumb/v7e-m/nofp\libg_nano.a(lib_a-mlock.o)
                0x0000000008005be8                __malloc_unlock
 .text._free_r  0x0000000008005bf4       0x9c c:/users/swallen/appdata/roaming/xpacks/@gnu-mcu-eclipse/arm-none-eabi-gcc/8.2.1-1.3.1/.content/bin/../lib/gcc/arm-none-eabi/8.2.1/../../../../arm-none-eabi/lib/thumb/v7e-m/nofp\libg_nano.a(lib_a-nano-freer.o)
                0x0000000008005bf4                _free_r
 .text.__ssputs_r
                0x0000000008005c90       0xb6 c:/users/swallen/appdata/roaming/xpacks/@gnu-mcu-eclipse/arm-none-eabi-gcc/8.2.1-1.3.1/.content/bin/../lib/gcc/arm-none-eabi/8.2.1/../../../../arm-none-eabi/lib/thumb/v7e-m/nofp\libg_nano.a(lib_a-nano-svfprintf.o)
                0x0000000008005c90                __ssputs_r
 *fill*         0x0000000008005d46        0x2 
 .text._svfprintf_r
                0x0000000008005d48      0x1f0 c:/users/swallen/appdata/roaming/xpacks/@gnu-mcu-eclipse/arm-none-eabi-gcc/8.2.1-1.3.1/.content/bin/../lib/gcc/arm-none-eabi/8.2.1/../../../../arm-none-eabi/lib/thumb/v7e-m/nofp\libg_nano.a(lib_a-nano-svfprintf.o)
                0x0000000008005d48                _svfiprintf_r
                0x0000000008005d48                _svfprintf_r
 .text.__sfputc_r
                0x0000000008005f38       0x2a c:/users/swallen/appdata/roaming/xpacks/@gnu-mcu-eclipse/arm-none-eabi-gcc/8.2.1-1.3.1/.content/bin/../lib/gcc/arm-none-eabi/8.2.1/../../../../arm-none-eabi/lib/thumb/v7e-m/nofp\libg_nano.a(lib_a-nano-vfprintf.o)
 .text.__sfputs_r
                0x0000000008005f62       0x24 c:/users/swallen/appdata/roaming/xpacks/@gnu-mcu-eclipse/arm-none-eabi-gcc/8.2.1-1.3.1/.content/bin/../lib/gcc/arm-none-eabi/8.2.1/../../../../arm-none-eabi/lib/thumb/v7e-m/nofp\libg_nano.a(lib_a-nano-vfprintf.o)
                0x0000000008005f62                __sfputs_r
 *fill*         0x0000000008005f86        0x2 
 .text._vfprintf_r
                0x0000000008005f88      0x250 c:/users/swallen/appdata/roaming/xpacks/@gnu-mcu-eclipse/arm-none-eabi-gcc/8.2.1-1.3.1/.content/bin/../lib/gcc/arm-none-eabi/8.2.1/../../../../arm-none-eabi/lib/thumb/v7e-m/nofp\libg_nano.a(lib_a-nano-vfprintf.o)
                0x0000000008005f88                _vfprintf_r
                0x0000000008005f88                _vfiprintf_r
 .text._printf_common
                0x00000000080061d8       0xea c:/users/swallen/appdata/roaming/xpacks/@gnu-mcu-eclipse/arm-none-eabi-gcc/8.2.1-1.3.1/.content/bin/../lib/gcc/arm-none-eabi/8.2.1/../../../../arm-none-eabi/lib/thumb/v7e-m/nofp\libg_nano.a(lib_a-nano-vfprintf_i.o)
                0x00000000080061d8                _printf_common
 *fill*         0x00000000080062c2        0x2 
 .text._printf_i
                0x00000000080062c4      0x228 c:/users/swallen/appdata/roaming/xpacks/@gnu-mcu-eclipse/arm-none-eabi-gcc/8.2.1-1.3.1/.content/bin/../lib/gcc/arm-none-eabi/8.2.1/../../../../arm-none-eabi/lib/thumb/v7e-m/nofp\libg_nano.a(lib_a-nano-vfprintf_i.o)
                0x00000000080062c4                _printf_i
 .text._read_r  0x00000000080064ec       0x24 c:/users/swallen/appdata/roaming/xpacks/@gnu-mcu-eclipse/arm-none-eabi-gcc/8.2.1-1.3.1/.content/bin/../lib/gcc/arm-none-eabi/8.2.1/../../../../arm-none-eabi/lib/thumb/v7e-m/nofp\libg_nano.a(lib_a-readr.o)
                0x00000000080064ec                _read_r
 .text.__swbuf_r
                0x0000000008006510       0xa4 c:/users/swallen/appdata/roaming/xpacks/@gnu-mcu-eclipse/arm-none-eabi-gcc/8.2.1-1.3.1/.content/bin/../lib/gcc/arm-none-eabi/8.2.1/../../../../arm-none-eabi/lib/thumb/v7e-m/nofp\libg_nano.a(lib_a-wbuf.o)
                0x0000000008006510                __swbuf_r
 .text.__swsetup_r
                0x00000000080065b4       0xdc c:/users/swallen/appdata/roaming/xpacks/@gnu-mcu-eclipse/arm-none-eabi-gcc/8.2.1-1.3.1/.content/bin/../lib/gcc/arm-none-eabi/8.2.1/../../../../arm-none-eabi/lib/thumb/v7e-m/nofp\libg_nano.a(lib_a-wsetup.o)
                0x00000000080065b4                __swsetup_r
 .text.__swhatbuf_r
                0x0000000008006690       0x48 c:/users/swallen/appdata/roaming/xpacks/@gnu-mcu-eclipse/arm-none-eabi-gcc/8.2.1-1.3.1/.content/bin/../lib/gcc/arm-none-eabi/8.2.1/../../../../arm-none-eabi/lib/thumb/v7e-m/nofp\libg_nano.a(lib_a-makebuf.o)
                0x0000000008006690                __swhatbuf_r
 .text.__smakebuf_r
                0x00000000080066d8       0x80 c:/users/swallen/appdata/roaming/xpacks/@gnu-mcu-eclipse/arm-none-eabi-gcc/8.2.1-1.3.1/.content/bin/../lib/gcc/arm-none-eabi/8.2.1/../../../../arm-none-eabi/lib/thumb/v7e-m/nofp\libg_nano.a(lib_a-makebuf.o)
                0x00000000080066d8                __smakebuf_r
 *fill*         0x0000000008006758        0x8 
 .text          0x0000000008006760       0xa0 c:/users/swallen/appdata/roaming/xpacks/@gnu-mcu-eclipse/arm-none-eabi-gcc/8.2.1-1.3.1/.content/bin/../lib/gcc/arm-none-eabi/8.2.1/../../../../arm-none-eabi/lib/thumb/v7e-m/nofp\libg_nano.a(lib_a-memchr.o)
                0x0000000008006760                memchr
 .text.memcpy   0x0000000008006800       0x1c c:/users/swallen/appdata/roaming/xpacks/@gnu-mcu-eclipse/arm-none-eabi-gcc/8.2.1-1.3.1/.content/bin/../lib/gcc/arm-none-eabi/8.2.1/../../../../arm-none-eabi/lib/thumb/v7e-m/nofp\libg_nano.a(lib_a-memcpy-stub.o)
                0x0000000008006800                memcpy
 .text.memmove  0x000000000800681c       0x34 c:/users/swallen/appdata/roaming/xpacks/@gnu-mcu-eclipse/arm-none-eabi-gcc/8.2.1-1.3.1/.content/bin/../lib/gcc/arm-none-eabi/8.2.1/../../../../arm-none-eabi/lib/thumb/v7e-m/nofp\libg_nano.a(lib_a-memmove.o)
                0x000000000800681c                memmove
 .text._realloc_r
                0x0000000008006850       0x4c c:/users/swallen/appdata/roaming/xpacks/@gnu-mcu-eclipse/arm-none-eabi-gcc/8.2.1-1.3.1/.content/bin/../lib/gcc/arm-none-eabi/8.2.1/../../../../arm-none-eabi/lib/thumb/v7e-m/nofp\libg_nano.a(lib_a-nano-reallocr.o)
                0x0000000008006850                _realloc_r
 .text._fstat_r
                0x000000000800689c       0x24 c:/users/swallen/appdata/roaming/xpacks/@gnu-mcu-eclipse/arm-none-eabi-gcc/8.2.1-1.3.1/.content/bin/../lib/gcc/arm-none-eabi/8.2.1/../../../../arm-none-eabi/lib/thumb/v7e-m/nofp\libg_nano.a(lib_a-fstatr.o)
                0x000000000800689c                _fstat_r
 .text._isatty_r
                0x00000000080068c0       0x20 c:/users/swallen/appdata/roaming/xpacks/@gnu-mcu-eclipse/arm-none-eabi-gcc/8.2.1-1.3.1/.content/bin/../lib/gcc/arm-none-eabi/8.2.1/../../../../arm-none-eabi/lib/thumb/v7e-m/nofp\libg_nano.a(lib_a-isattyr.o)
                0x00000000080068c0                _isatty_r
 .text._malloc_usable_size_r
                0x00000000080068e0       0x10 c:/users/swallen/appdata/roaming/xpacks/@gnu-mcu-eclipse/arm-none-eabi-gcc/8.2.1-1.3.1/.content/bin/../lib/gcc/arm-none-eabi/8.2.1/../../../../arm-none-eabi/lib/thumb/v7e-m/nofp\libg_nano.a(lib_a-nano-msizer.o)
                0x00000000080068e0                _malloc_usable_size_r
 *(.rodata .rodata.* .constdata .constdata.*)
 .rodata.ADC_Init.str1.4
                0x00000000080068f0       0x2e ./system/src/stm32f4-hal/stm32f4xx_hal_adc.o
 *fill*         0x000000000800691e        0x2 
 .rodata.HAL_NVIC_SetPriorityGrouping.str1.4
                0x0000000008006920       0x31 ./system/src/stm32f4-hal/stm32f4xx_hal_cortex.o
 *fill*         0x0000000008006951        0x3 
 .rodata.HAL_GPIO_Init.str1.4
                0x0000000008006954       0x2f ./system/src/stm32f4-hal/stm32f4xx_hal_gpio.o
 *fill*         0x0000000008006983        0x1 
 .rodata.HAL_I2C_Init.str1.4
                0x0000000008006984       0x2e ./system/src/stm32f4-hal/stm32f4xx_hal_i2c.o
 *fill*         0x00000000080069b2        0x2 
 .rodata.HAL_IWDG_Init.str1.4
                0x00000000080069b4       0x2f ./system/src/stm32f4-hal/stm32f4xx_hal_iwdg.o
 *fill*         0x00000000080069e3        0x1 
 .rodata.APBAHBPrescTable
                0x00000000080069e4       0x10 ./system/src/stm32f4-hal/stm32f4xx_hal_rcc.o
                0x00000000080069e4                APBAHBPrescTable
 .rodata.HAL_RCC_OscConfig.str1.4
                0x00000000080069f4       0x2e ./system/src/stm32f4-hal/stm32f4xx_hal_rcc.o
 *fill*         0x0000000008006a22        0x2 
 .rodata.TIM_OC3_SetConfig.str1.4
                0x0000000008006a24       0x2e ./system/src/stm32f4-hal/stm32f4xx_hal_tim.o
 *fill*         0x0000000008006a52        0x2 
 .rodata.UART_SetConfig.str1.4
                0x0000000008006a54       0x2f ./system/src/stm32f4-hal/stm32f4xx_hal_uart.o
 *fill*         0x0000000008006a83        0x1 
 .rodata.initialise_monitor_handles.str1.4
                0x0000000008006a84        0x4 ./system/src/newlib/_syscalls.o
 .rodata.dumpExceptionStack.str1.4
                0x0000000008006a88      0x11a ./system/src/cortexm/exception_handlers.o
 .rodata.isSemihosting.str1.4
                0x0000000008006ba2        0x4 ./system/src/cortexm/exception_handlers.o
 *fill*         0x0000000008006ba2        0x2 
 .rodata.str1.4
                0x0000000008006ba4       0x2a ./system/src/cortexm/exception_handlers.o
 *fill*         0x0000000008006bce        0x2 
 .rodata.Error_Handler.str1.4
                0x0000000008006bd0        0xe ./src/main.o
 *fill*         0x0000000008006bde        0x2 
 .rodata.assert_failed.str1.4
                0x0000000008006be0       0x2d ./src/main.o
 *fill*         0x0000000008006c0d        0x3 
 .rodata.AHBPrescTable
                0x0000000008006c10       0x10 ./src/system_stm32f4xx.o
                0x0000000008006c10                AHBPrescTable
 .rodata.sqrt.str1.4
                0x0000000008006c20        0x8 c:/users/swallen/appdata/roaming/xpacks/@gnu-mcu-eclipse/arm-none-eabi-gcc/8.2.1-1.3.1/.content/bin/../lib/gcc/arm-none-eabi/8.2.1/../../../../arm-none-eabi/lib/thumb/v7e-m/nofp\libm.a(lib_a-w_sqrt.o)
                                          0x5 (size before relaxing)
 .rodata.atanhi
                0x0000000008006c28       0x20 c:/users/swallen/appdata/roaming/xpacks/@gnu-mcu-eclipse/arm-none-eabi-gcc/8.2.1-1.3.1/.content/bin/../lib/gcc/arm-none-eabi/8.2.1/../../../../arm-none-eabi/lib/thumb/v7e-m/nofp\libm.a(lib_a-s_atan.o)
 .rodata.atanlo
                0x0000000008006c48       0x20 c:/users/swallen/appdata/roaming/xpacks/@gnu-mcu-eclipse/arm-none-eabi-gcc/8.2.1-1.3.1/.content/bin/../lib/gcc/arm-none-eabi/8.2.1/../../../../arm-none-eabi/lib/thumb/v7e-m/nofp\libm.a(lib_a-s_atan.o)
 .rodata._ctype_
                0x0000000008006c68      0x101 c:/users/swallen/appdata/roaming/xpacks/@gnu-mcu-eclipse/arm-none-eabi-gcc/8.2.1-1.3.1/.content/bin/../lib/gcc/arm-none-eabi/8.2.1/../../../../arm-none-eabi/lib/thumb/v7e-m/nofp\libg_nano.a(lib_a-ctype_.o)
                0x0000000008006c68                _ctype_
 *fill*         0x0000000008006d69        0x3 
 .rodata.__sf_fake_stderr
                0x0000000008006d6c       0x20 c:/users/swallen/appdata/roaming/xpacks/@gnu-mcu-eclipse/arm-none-eabi-gcc/8.2.1-1.3.1/.content/bin/../lib/gcc/arm-none-eabi/8.2.1/../../../../arm-none-eabi/lib/thumb/v7e-m/nofp\libg_nano.a(lib_a-findfp.o)
                0x0000000008006d6c                __sf_fake_stderr
 .rodata.__sf_fake_stdin
                0x0000000008006d8c       0x20 c:/users/swallen/appdata/roaming/xpacks/@gnu-mcu-eclipse/arm-none-eabi-gcc/8.2.1-1.3.1/.content/bin/../lib/gcc/arm-none-eabi/8.2.1/../../../../arm-none-eabi/lib/thumb/v7e-m/nofp\libg_nano.a(lib_a-findfp.o)
                0x0000000008006d8c                __sf_fake_stdin
 .rodata.__sf_fake_stdout
                0x0000000008006dac       0x20 c:/users/swallen/appdata/roaming/xpacks/@gnu-mcu-eclipse/arm-none-eabi-gcc/8.2.1-1.3.1/.content/bin/../lib/gcc/arm-none-eabi/8.2.1/../../../../arm-none-eabi/lib/thumb/v7e-m/nofp\libg_nano.a(lib_a-findfp.o)
                0x0000000008006dac                __sf_fake_stdout
 .rodata._global_impure_ptr
                0x0000000008006dcc        0x4 c:/users/swallen/appdata/roaming/xpacks/@gnu-mcu-eclipse/arm-none-eabi-gcc/8.2.1-1.3.1/.content/bin/../lib/gcc/arm-none-eabi/8.2.1/../../../../arm-none-eabi/lib/thumb/v7e-m/nofp\libg_nano.a(lib_a-impure.o)
                0x0000000008006dcc                _global_impure_ptr
 .rodata._svfprintf_r.str1.1
                0x0000000008006dd0       0x11 c:/users/swallen/appdata/roaming/xpacks/@gnu-mcu-eclipse/arm-none-eabi-gcc/8.2.1-1.3.1/.content/bin/../lib/gcc/arm-none-eabi/8.2.1/../../../../arm-none-eabi/lib/thumb/v7e-m/nofp\libg_nano.a(lib_a-nano-svfprintf.o)
 .rodata._vfprintf_r.str1.1
                0x0000000008006de1       0x11 c:/users/swallen/appdata/roaming/xpacks/@gnu-mcu-eclipse/arm-none-eabi-gcc/8.2.1-1.3.1/.content/bin/../lib/gcc/arm-none-eabi/8.2.1/../../../../arm-none-eabi/lib/thumb/v7e-m/nofp\libg_nano.a(lib_a-nano-vfprintf.o)
 .rodata._printf_i.str1.1
                0x0000000008006de1       0x22 c:/users/swallen/appdata/roaming/xpacks/@gnu-mcu-eclipse/arm-none-eabi-gcc/8.2.1-1.3.1/.content/bin/../lib/gcc/arm-none-eabi/8.2.1/../../../../arm-none-eabi/lib/thumb/v7e-m/nofp\libg_nano.a(lib_a-nano-vfprintf_i.o)
 *(vtable)
 *(.eh_frame*)
 *(.glue_7)
 .glue_7        0x0000000008006e03        0x0 linker stubs
 *(.glue_7t)
 .glue_7t       0x0000000008006e03        0x0 linker stubs

.vfp11_veneer   0x0000000008006e04        0x0
 .vfp11_veneer  0x0000000008006e04        0x0 linker stubs

.v4_bx          0x0000000008006e04        0x0
 .v4_bx         0x0000000008006e04        0x0 linker stubs

.iplt           0x0000000008006e04        0x0
 .iplt          0x0000000008006e04        0x0 ./system/src/stm32f4-hal/stm32f4xx_hal.o

.rel.dyn        0x0000000008006e04        0x0
 .rel.iplt      0x0000000008006e04        0x0 ./system/src/stm32f4-hal/stm32f4xx_hal.o

.ARM.extab
 *(.ARM.extab* .gnu.linkonce.armextab.*)
                0x0000000008006e04                . = ALIGN (0x4)
                0x0000000008006e04                __exidx_start = .

.ARM.exidx
 *(.ARM.exidx* .gnu.linkonce.armexidx.*)
                0x0000000008006e04                __exidx_end = .
                0x0000000008006e04                . = ALIGN (0x4)
                0x0000000008006e04                _etext = .
                0x0000000008006e04                __etext = .

.data_CCMRAM    0x0000000010000000        0x0 load address 0x0000000008006e04
 FILL mask 0xff
 *(.data.CCMRAM .data.CCMRAM.*)
                0x0000000010000000                . = ALIGN (0x4)
                0x0000000008006e04                _sidata = LOADADDR (.data)

.data           0x0000000020000000       0xd8 load address 0x0000000008006e04
 FILL mask 0xff
                0x0000000020000000                _sdata = .
                0x0000000020000000                __data_start__ = .
 *(.data_begin .data_begin.*)
 .data_begin    0x0000000020000000        0x4 ./system/src/newlib/_startup.o
 *(.data .data.*)
 .data.ledTimInst
                0x0000000020000004        0x4 ./src/LEDs.o
                0x0000000020000004                ledTimInst
 .data.adc1Handle
                0x0000000020000008       0x48 ./src/adcs.o
                0x0000000020000008                adc1Handle
 .data.dmaInst  0x0000000020000050        0x4 ./src/motors.o
                0x0000000020000050                dmaInst
 .data.dmaStrInst
                0x0000000020000054        0x4 ./src/motors.o
                0x0000000020000054                dmaStrInst
 .data.timInst  0x0000000020000058        0x4 ./src/motors.o
                0x0000000020000058                timInst
 .data.serialState
                0x000000002000005c        0x1 ./src/serial.o
                0x000000002000005c                serialState
 *fill*         0x000000002000005d        0x3 ff
 .data.SystemCoreClock
                0x0000000020000060        0x4 ./src/system_stm32f4xx.o
                0x0000000020000060                SystemCoreClock
 .data.microTimInst
                0x0000000020000064        0x4 ./src/time.o
                0x0000000020000064                microTimInst
 .data.milliTimInst
                0x0000000020000068        0x4 ./src/time.o
                0x0000000020000068                milliTimInst
 .data.beaconOffset
                0x000000002000006c        0x2 ./src/topLoop.o
                0x000000002000006c                beaconOffset
 .data.__fdlib_version
                0x000000002000006e        0x1 c:/users/swallen/appdata/roaming/xpacks/@gnu-mcu-eclipse/arm-none-eabi-gcc/8.2.1-1.3.1/.content/bin/../lib/gcc/arm-none-eabi/8.2.1/../../../../arm-none-eabi/lib/thumb/v7e-m/nofp\libm.a(lib_a-s_lib_ver.o)
                0x000000002000006e                __fdlib_version
 *fill*         0x000000002000006f        0x1 ff
 .data._impure_ptr
                0x0000000020000070        0x4 c:/users/swallen/appdata/roaming/xpacks/@gnu-mcu-eclipse/arm-none-eabi-gcc/8.2.1-1.3.1/.content/bin/../lib/gcc/arm-none-eabi/8.2.1/../../../../arm-none-eabi/lib/thumb/v7e-m/nofp\libg_nano.a(lib_a-impure.o)
                0x0000000020000070                _impure_ptr
 .data.impure_data
                0x0000000020000074       0x60 c:/users/swallen/appdata/roaming/xpacks/@gnu-mcu-eclipse/arm-none-eabi-gcc/8.2.1-1.3.1/.content/bin/../lib/gcc/arm-none-eabi/8.2.1/../../../../arm-none-eabi/lib/thumb/v7e-m/nofp\libg_nano.a(lib_a-impure.o)
 *(.data_end .data_end.*)
 .data_end      0x00000000200000d4        0x4 ./system/src/newlib/_startup.o
                0x00000000200000d8                . = ALIGN (0x4)
                0x00000000200000d8                _edata = .
                0x00000000200000d8                __data_end__ = .

.igot.plt       0x00000000200000d8        0x0 load address 0x0000000008006edc
 .igot.plt      0x00000000200000d8        0x0 ./system/src/stm32f4-hal/stm32f4xx_hal.o

.bss_CCMRAM     0x0000000010000000        0x0
 *(.bss.CCMRAM .bss.CCMRAM.*)

.bss            0x00000000200000d8     0x524c
                0x00000000200000d8                __bss_start__ = .
                0x00000000200000d8                _sbss = .
 *(.bss_begin .bss_begin.*)
 .bss_begin     0x00000000200000d8        0x4 ./system/src/newlib/_startup.o
 *(.bss .bss.*)
 .bss.current_heap_end.4534
                0x00000000200000dc        0x4 ./system/src/newlib/_sbrk.o
 .bss.args_buf.9470
                0x00000000200000e0       0x50 ./system/src/newlib/_syscalls.o
 .bss.argv_buf.9471
                0x0000000020000130       0x28 ./system/src/newlib/_syscalls.o
 .bss.monitor_stderr
                0x0000000020000158        0x4 ./system/src/newlib/_syscalls.o
 .bss.monitor_stdin
                0x000000002000015c        0x4 ./system/src/newlib/_syscalls.o
 .bss.monitor_stdout
                0x0000000020000160        0x4 ./system/src/newlib/_syscalls.o
 .bss.openfiles
                0x0000000020000164       0xa0 ./system/src/newlib/_syscalls.o
 .bss.buf.5778  0x0000000020000204       0x80 ./system/src/diag/Trace.o
 .bss.accelAngle
                0x0000000020000284        0x2 ./src/accelerometer.o
                0x0000000020000284                accelAngle
 .bss.accelTrim
                0x0000000020000286        0x2 ./src/accelerometer.o
                0x0000000020000286                accelTrim
 .bss.highestBeaconAngle
                0x0000000020000288        0x2 ./src/accelerometer.o
                0x0000000020000288                highestBeaconAngle
 .bss.highestBeaconReading
                0x000000002000028a        0x2 ./src/accelerometer.o
                0x000000002000028a                highestBeaconReading
 .bss.lastAccelMeasTime
                0x000000002000028c        0x4 ./src/accelerometer.o
                0x000000002000028c                lastAccelMeasTime
 .bss.lastTrimTime
                0x0000000020000290        0x4 ./src/accelerometer.o
                0x0000000020000290                lastTrimTime
 .bss.lastMotorSendTime
                0x0000000020000294        0x4 ./src/motors.o
                0x0000000020000294                lastMotorSendTime
 .bss.lastSpeedChange
                0x0000000020000298        0x4 ./src/motors.o
                0x0000000020000298                lastSpeedChange
 .bss.motorSetpoint
                0x000000002000029c        0x2 ./src/motors.o
                0x000000002000029c                motorSetpoint
 .bss.motorSpeed
                0x000000002000029e        0x2 ./src/motors.o
                0x000000002000029e                motorSpeed
 .bss.bytesRead
                0x00000000200002a0        0x1 ./src/serial.o
                0x00000000200002a0                bytesRead
 .bss.enable    0x00000000200002a1        0x1 ./src/serial.o
                0x00000000200002a1                enable
 *fill*         0x00000000200002a2        0x2 
 .bss.lastReceived
                0x00000000200002a4        0x4 ./src/serial.o
                0x00000000200002a4                lastReceived
 .bss.status    0x00000000200002a8        0x1 ./src/serial.o
                0x00000000200002a8                status
 *fill*         0x00000000200002a9        0x1 
 .bss.throt     0x00000000200002aa        0x2 ./src/serial.o
                0x00000000200002aa                throt
 .bss.thumbX    0x00000000200002ac        0x2 ./src/serial.o
                0x00000000200002ac                thumbX
 .bss.thumbY    0x00000000200002ae        0x2 ./src/serial.o
                0x00000000200002ae                thumbY
 .bss.led_on    0x00000000200002b0        0x1 ./src/topLoop.o
                0x00000000200002b0                led_on
 *fill*         0x00000000200002b1        0x3 
 .bss.led_time  0x00000000200002b4        0x4 ./src/topLoop.o
                0x00000000200002b4                led_time
 .bss.loopTime  0x00000000200002b8        0x4 ./src/topLoop.o
                0x00000000200002b8                loopTime
 .bss.mainState
                0x00000000200002bc        0x1 ./src/topLoop.o
                0x00000000200002bc                mainState
 .bss.stickSwitchDebounce
                0x00000000200002bd        0x1 ./src/topLoop.o
                0x00000000200002bd                stickSwitchDebounce
 *fill*         0x00000000200002be        0x2 
 .bss.__malloc_free_list
                0x00000000200002c0        0x4 c:/users/swallen/appdata/roaming/xpacks/@gnu-mcu-eclipse/arm-none-eabi-gcc/8.2.1-1.3.1/.content/bin/../lib/gcc/arm-none-eabi/8.2.1/../../../../arm-none-eabi/lib/thumb/v7e-m/nofp\libg_nano.a(lib_a-nano-mallocr.o)
                0x00000000200002c0                __malloc_free_list
 .bss.__malloc_sbrk_start
                0x00000000200002c4        0x4 c:/users/swallen/appdata/roaming/xpacks/@gnu-mcu-eclipse/arm-none-eabi-gcc/8.2.1-1.3.1/.content/bin/../lib/gcc/arm-none-eabi/8.2.1/../../../../arm-none-eabi/lib/thumb/v7e-m/nofp\libg_nano.a(lib_a-nano-mallocr.o)
                0x00000000200002c4                __malloc_sbrk_start
 *(COMMON)
 COMMON         0x00000000200002c8        0x4 ./system/src/stm32f4-hal/stm32f4xx_hal.o
                0x00000000200002c8                uwTick
 COMMON         0x00000000200002cc        0x4 ./system/src/newlib/_syscalls.o
                0x00000000200002cc                errno
 COMMON         0x00000000200002d0     0x4eb4 ./src/accelerometer.o
                0x00000000200002d0                angleAtLastMeasurement
                0x00000000200002d2                magY
                0x00000000200002d4                hi2c3
                0x0000000020000328                robotPeriod
                0x000000002000032c                magZ
                0x0000000020000330                bandPassReadings
                0x0000000020000358                accelZ
                0x000000002000035a                magX
                0x000000002000035c                accelMeasTime
                0x0000000020000364                beaconSamples
 COMMON         0x0000000020005184       0x98 ./src/main.o
                0x0000000020005184                hadc1
                0x00000000200051cc                hdac
                0x00000000200051e0                htim1
 COMMON         0x000000002000521c       0x24 ./src/motors.o
                0x000000002000521c                motorPulseTrain
 COMMON         0x0000000020005240       0xc8 ./src/serial.o
                0x0000000020005240                sendBuf
                0x000000002000524c                meltyAngle
                0x0000000020005250                packet
                0x000000002000525c                serialRxBuf
                0x0000000020005265                packetReceived
                0x0000000020005266                meltyThrottle
                0x0000000020005268                huart_radio
                0x00000000200052a8                hdma_usart_rx
 COMMON         0x0000000020005308        0xc ./src/watchdog.o
                0x0000000020005308                hiwdg
 COMMON         0x0000000020005314        0x9 c:/users/swallen/appdata/roaming/xpacks/@gnu-mcu-eclipse/arm-none-eabi-gcc/8.2.1-1.3.1/.content/bin/../lib/gcc/arm-none-eabi/8.2.1/../../../../arm-none-eabi/lib/thumb/v7e-m/nofp\libg_nano.a(lib_a-lock.o)
                0x0000000020005314                __lock___atexit_recursive_mutex
                0x0000000020005315                __lock___arc4random_mutex
                0x0000000020005316                __lock___env_recursive_mutex
                0x0000000020005317                __lock___sinit_recursive_mutex
                0x0000000020005318                __lock___malloc_recursive_mutex
                0x0000000020005319                __lock___at_quick_exit_mutex
                0x000000002000531a                __lock___dd_hash_mutex
                0x000000002000531b                __lock___tz_mutex
                0x000000002000531c                __lock___sfp_recursive_mutex
 *(.bss_end .bss_end.*)
 *fill*         0x000000002000531d        0x3 
 .bss_end       0x0000000020005320        0x4 ./system/src/newlib/_startup.o
                0x0000000020005324                . = ALIGN (0x4)
                0x0000000020005324                __bss_end__ = .
                0x0000000020005324                _ebss = .

.noinit_CCMRAM
 *(.noinit.CCMRAM .noinit.CCMRAM.*)

.noinit         0x0000000020005324        0x0
                0x0000000020005324                _noinit = .
 *(.noinit .noinit.*)
                0x0000000020005324                . = ALIGN (0x4)
                0x0000000020005324                _end_noinit = .
                [!provide]                        PROVIDE (end = _end_noinit)
                [!provide]                        PROVIDE (_end = _end_noinit)
                [!provide]                        PROVIDE (__end = _end_noinit)
                [!provide]                        PROVIDE (__end__ = _end_noinit)

._check_stack   0x0000000020005324      0x100
                0x0000000020005424                . = (. + _Minimum_Stack_Size)
 *fill*         0x0000000020005324      0x100 

.b1text
 *(.b1text)
 *(.b1rodata)
 *(.b1rodata.*)

.eb0text
 *(.eb0text)
 *(.eb0rodata)
 *(.eb0rodata.*)

.eb1text
 *(.eb1text)
 *(.eb1rodata)
 *(.eb1rodata.*)

.eb2text
 *(.eb2text)
 *(.eb2rodata)
 *(.eb2rodata.*)

.eb3text
 *(.eb3text)
 *(.eb3rodata)
 *(.eb3rodata.*)

.stab
 *(.stab)

.stabstr
 *(.stabstr)

.stab.excl
 *(.stab.excl)

.stab.exclstr
 *(.stab.exclstr)

.stab.index
 *(.stab.index)

.stab.indexstr
 *(.stab.indexstr)

.comment        0x0000000000000000       0x68
 *(.comment)
 .comment       0x0000000000000000       0x68 ./system/src/stm32f4-hal/stm32f4xx_hal.o
                                         0x69 (size before relaxing)
 .comment       0x0000000000000068       0x69 ./system/src/stm32f4-hal/stm32f4xx_hal_adc.o
 .comment       0x0000000000000068       0x69 ./system/src/stm32f4-hal/stm32f4xx_hal_cortex.o
 .comment       0x0000000000000068       0x69 ./system/src/stm32f4-hal/stm32f4xx_hal_dma.o
 .comment       0x0000000000000068       0x69 ./system/src/stm32f4-hal/stm32f4xx_hal_gpio.o
 .comment       0x0000000000000068       0x69 ./system/src/stm32f4-hal/stm32f4xx_hal_i2c.o
 .comment       0x0000000000000068       0x69 ./system/src/stm32f4-hal/stm32f4xx_hal_iwdg.o
 .comment       0x0000000000000068       0x69 ./system/src/stm32f4-hal/stm32f4xx_hal_rcc.o
 .comment       0x0000000000000068       0x69 ./system/src/stm32f4-hal/stm32f4xx_hal_tim.o
 .comment       0x0000000000000068       0x69 ./system/src/stm32f4-hal/stm32f4xx_hal_uart.o
 .comment       0x0000000000000068       0x69 ./system/src/newlib/_sbrk.o
 .comment       0x0000000000000068       0x69 ./system/src/newlib/_startup.o
 .comment       0x0000000000000068       0x69 ./system/src/newlib/_syscalls.o
 .comment       0x0000000000000068       0x69 ./system/src/diag/Trace.o
 .comment       0x0000000000000068       0x69 ./system/src/diag/trace_impl.o
 .comment       0x0000000000000068       0x69 ./system/src/cortexm/_initialize_hardware.o
 .comment       0x0000000000000068       0x69 ./system/src/cortexm/exception_handlers.o
 .comment       0x0000000000000068       0x69 ./system/src/cmsis/vectors_stm32f446xx.o
 .comment       0x0000000000000068       0x69 ./src/LEDs.o
 .comment       0x0000000000000068       0x69 ./src/accelerometer.o
 .comment       0x0000000000000068       0x69 ./src/adcs.o
 .comment       0x0000000000000068       0x69 ./src/main.o
 .comment       0x0000000000000068       0x69 ./src/motors.o
 .comment       0x0000000000000068       0x69 ./src/serial.o
 .comment       0x0000000000000068       0x69 ./src/stm32f4xx_hal_msp.o
 .comment       0x0000000000000068       0x69 ./src/stm32f4xx_it.o
 .comment       0x0000000000000068       0x69 ./src/system_stm32f4xx.o
 .comment       0x0000000000000068       0x69 ./src/time.o
 .comment       0x0000000000000068       0x69 ./src/topLoop.o
 .comment       0x0000000000000068       0x69 ./src/watchdog.o

.ARM.attributes
                0x0000000000000000       0x2c
 .ARM.attributes
                0x0000000000000000       0x2e ./system/src/stm32f4-hal/stm32f4xx_hal.o
 .ARM.attributes
                0x000000000000002e       0x2e ./system/src/stm32f4-hal/stm32f4xx_hal_adc.o
 .ARM.attributes
                0x000000000000005c       0x2e ./system/src/stm32f4-hal/stm32f4xx_hal_cortex.o
 .ARM.attributes
                0x000000000000008a       0x2e ./system/src/stm32f4-hal/stm32f4xx_hal_dma.o
 .ARM.attributes
                0x00000000000000b8       0x2e ./system/src/stm32f4-hal/stm32f4xx_hal_gpio.o
 .ARM.attributes
                0x00000000000000e6       0x2e ./system/src/stm32f4-hal/stm32f4xx_hal_i2c.o
 .ARM.attributes
                0x0000000000000114       0x2e ./system/src/stm32f4-hal/stm32f4xx_hal_iwdg.o
 .ARM.attributes
                0x0000000000000142       0x2e ./system/src/stm32f4-hal/stm32f4xx_hal_rcc.o
 .ARM.attributes
                0x0000000000000170       0x2e ./system/src/stm32f4-hal/stm32f4xx_hal_tim.o
 .ARM.attributes
                0x000000000000019e       0x2e ./system/src/stm32f4-hal/stm32f4xx_hal_uart.o
 .ARM.attributes
                0x00000000000001cc       0x2e ./system/src/newlib/_sbrk.o
 .ARM.attributes
                0x00000000000001fa       0x2e ./system/src/newlib/_startup.o
 .ARM.attributes
                0x0000000000000228       0x2e ./system/src/newlib/_syscalls.o
 .ARM.attributes
                0x0000000000000256       0x2e ./system/src/diag/Trace.o
 .ARM.attributes
                0x0000000000000284       0x2e ./system/src/diag/trace_impl.o
 .ARM.attributes
                0x00000000000002b2       0x2e ./system/src/cortexm/_initialize_hardware.o
 .ARM.attributes
                0x00000000000002e0       0x2e ./system/src/cortexm/exception_handlers.o
 .ARM.attributes
                0x000000000000030e       0x2e ./system/src/cmsis/vectors_stm32f446xx.o
 .ARM.attributes
                0x000000000000033c       0x2e ./src/LEDs.o
 .ARM.attributes
                0x000000000000036a       0x2e ./src/accelerometer.o
 .ARM.attributes
                0x0000000000000398       0x2e ./src/adcs.o
 .ARM.attributes
                0x00000000000003c6       0x2e ./src/main.o
 .ARM.attributes
                0x00000000000003f4       0x2e ./src/motors.o
 .ARM.attributes
                0x0000000000000422       0x2e ./src/serial.o
 .ARM.attributes
                0x0000000000000450       0x2e ./src/stm32f4xx_hal_msp.o
 .ARM.attributes
                0x000000000000047e       0x2e ./src/stm32f4xx_it.o
 .ARM.attributes
                0x00000000000004ac       0x2e ./src/system_stm32f4xx.o
 .ARM.attributes
                0x00000000000004da       0x2e ./src/time.o
 .ARM.attributes
                0x0000000000000508       0x2e ./src/topLoop.o
 .ARM.attributes
                0x0000000000000536       0x2e ./src/watchdog.o
 .ARM.attributes
                0x0000000000000564       0x2e c:/users/swallen/appdata/roaming/xpacks/@gnu-mcu-eclipse/arm-none-eabi-gcc/8.2.1-1.3.1/.content/bin/../lib/gcc/arm-none-eabi/8.2.1/../../../../arm-none-eabi/lib/thumb/v7e-m/nofp\libm.a(lib_a-w_atan2.o)
 .ARM.attributes
                0x0000000000000592       0x2e c:/users/swallen/appdata/roaming/xpacks/@gnu-mcu-eclipse/arm-none-eabi-gcc/8.2.1-1.3.1/.content/bin/../lib/gcc/arm-none-eabi/8.2.1/../../../../arm-none-eabi/lib/thumb/v7e-m/nofp\libm.a(lib_a-w_sqrt.o)
 .ARM.attributes
                0x00000000000005c0       0x2e c:/users/swallen/appdata/roaming/xpacks/@gnu-mcu-eclipse/arm-none-eabi-gcc/8.2.1-1.3.1/.content/bin/../lib/gcc/arm-none-eabi/8.2.1/../../../../arm-none-eabi/lib/thumb/v7e-m/nofp\libm.a(lib_a-e_atan2.o)
 .ARM.attributes
                0x00000000000005ee       0x2e c:/users/swallen/appdata/roaming/xpacks/@gnu-mcu-eclipse/arm-none-eabi-gcc/8.2.1-1.3.1/.content/bin/../lib/gcc/arm-none-eabi/8.2.1/../../../../arm-none-eabi/lib/thumb/v7e-m/nofp\libm.a(lib_a-e_sqrt.o)
 .ARM.attributes
                0x000000000000061c       0x2e c:/users/swallen/appdata/roaming/xpacks/@gnu-mcu-eclipse/arm-none-eabi-gcc/8.2.1-1.3.1/.content/bin/../lib/gcc/arm-none-eabi/8.2.1/../../../../arm-none-eabi/lib/thumb/v7e-m/nofp\libm.a(lib_a-s_atan.o)
 .ARM.attributes
                0x000000000000064a       0x2e c:/users/swallen/appdata/roaming/xpacks/@gnu-mcu-eclipse/arm-none-eabi-gcc/8.2.1-1.3.1/.content/bin/../lib/gcc/arm-none-eabi/8.2.1/../../../../arm-none-eabi/lib/thumb/v7e-m/nofp\libm.a(lib_a-s_fabs.o)
 .ARM.attributes
                0x0000000000000678       0x2e c:/users/swallen/appdata/roaming/xpacks/@gnu-mcu-eclipse/arm-none-eabi-gcc/8.2.1-1.3.1/.content/bin/../lib/gcc/arm-none-eabi/8.2.1/../../../../arm-none-eabi/lib/thumb/v7e-m/nofp\libm.a(lib_a-s_lib_ver.o)
 .ARM.attributes
                0x00000000000006a6       0x2e c:/users/swallen/appdata/roaming/xpacks/@gnu-mcu-eclipse/arm-none-eabi-gcc/8.2.1-1.3.1/.content/bin/../lib/gcc/arm-none-eabi/8.2.1/../../../../arm-none-eabi/lib/thumb/v7e-m/nofp\libm.a(lib_a-s_matherr.o)
 .ARM.attributes
                0x00000000000006d4       0x1e c:/users/swallen/appdata/roaming/xpacks/@gnu-mcu-eclipse/arm-none-eabi-gcc/8.2.1-1.3.1/.content/bin/../lib/gcc/arm-none-eabi/8.2.1/thumb/v7e-m/nofp\libgcc.a(_arm_addsubdf3.o)
 .ARM.attributes
                0x00000000000006f2       0x1e c:/users/swallen/appdata/roaming/xpacks/@gnu-mcu-eclipse/arm-none-eabi-gcc/8.2.1-1.3.1/.content/bin/../lib/gcc/arm-none-eabi/8.2.1/thumb/v7e-m/nofp\libgcc.a(_arm_muldivdf3.o)
 .ARM.attributes
                0x0000000000000710       0x1e c:/users/swallen/appdata/roaming/xpacks/@gnu-mcu-eclipse/arm-none-eabi-gcc/8.2.1-1.3.1/.content/bin/../lib/gcc/arm-none-eabi/8.2.1/thumb/v7e-m/nofp\libgcc.a(_arm_cmpdf2.o)
 .ARM.attributes
                0x000000000000072e       0x1e c:/users/swallen/appdata/roaming/xpacks/@gnu-mcu-eclipse/arm-none-eabi-gcc/8.2.1-1.3.1/.content/bin/../lib/gcc/arm-none-eabi/8.2.1/thumb/v7e-m/nofp\libgcc.a(_arm_unorddf2.o)
 .ARM.attributes
                0x000000000000074c       0x1e c:/users/swallen/appdata/roaming/xpacks/@gnu-mcu-eclipse/arm-none-eabi-gcc/8.2.1-1.3.1/.content/bin/../lib/gcc/arm-none-eabi/8.2.1/thumb/v7e-m/nofp\libgcc.a(_arm_fixdfsi.o)
 .ARM.attributes
                0x000000000000076a       0x1e c:/users/swallen/appdata/roaming/xpacks/@gnu-mcu-eclipse/arm-none-eabi-gcc/8.2.1-1.3.1/.content/bin/../lib/gcc/arm-none-eabi/8.2.1/thumb/v7e-m/nofp\libgcc.a(_arm_fixunsdfsi.o)
 .ARM.attributes
                0x0000000000000788       0x2e c:/users/swallen/appdata/roaming/xpacks/@gnu-mcu-eclipse/arm-none-eabi-gcc/8.2.1-1.3.1/.content/bin/../lib/gcc/arm-none-eabi/8.2.1/../../../../arm-none-eabi/lib/thumb/v7e-m/nofp\libg_nano.a(lib_a-ctype_.o)
 .ARM.attributes
                0x00000000000007b6       0x2e c:/users/swallen/appdata/roaming/xpacks/@gnu-mcu-eclipse/arm-none-eabi-gcc/8.2.1-1.3.1/.content/bin/../lib/gcc/arm-none-eabi/8.2.1/../../../../arm-none-eabi/lib/thumb/v7e-m/nofp\libg_nano.a(lib_a-errno.o)
 .ARM.attributes
                0x00000000000007e4       0x2e c:/users/swallen/appdata/roaming/xpacks/@gnu-mcu-eclipse/arm-none-eabi-gcc/8.2.1-1.3.1/.content/bin/../lib/gcc/arm-none-eabi/8.2.1/../../../../arm-none-eabi/lib/thumb/v7e-m/nofp\libg_nano.a(lib_a-findfp.o)
 .ARM.attributes
                0x0000000000000812       0x2e c:/users/swallen/appdata/roaming/xpacks/@gnu-mcu-eclipse/arm-none-eabi-gcc/8.2.1-1.3.1/.content/bin/../lib/gcc/arm-none-eabi/8.2.1/../../../../arm-none-eabi/lib/thumb/v7e-m/nofp\libg_nano.a(lib_a-fwalk.o)
 .ARM.attributes
                0x0000000000000840       0x2e c:/users/swallen/appdata/roaming/xpacks/@gnu-mcu-eclipse/arm-none-eabi-gcc/8.2.1-1.3.1/.content/bin/../lib/gcc/arm-none-eabi/8.2.1/../../../../arm-none-eabi/lib/thumb/v7e-m/nofp\libg_nano.a(lib_a-impure.o)
 .ARM.attributes
                0x000000000000086e       0x2e c:/users/swallen/appdata/roaming/xpacks/@gnu-mcu-eclipse/arm-none-eabi-gcc/8.2.1-1.3.1/.content/bin/../lib/gcc/arm-none-eabi/8.2.1/../../../../arm-none-eabi/lib/thumb/v7e-m/nofp\libg_nano.a(lib_a-lock.o)
 .ARM.attributes
                0x000000000000089c       0x2e c:/users/swallen/appdata/roaming/xpacks/@gnu-mcu-eclipse/arm-none-eabi-gcc/8.2.1-1.3.1/.content/bin/../lib/gcc/arm-none-eabi/8.2.1/../../../../arm-none-eabi/lib/thumb/v7e-m/nofp\libg_nano.a(lib_a-memset.o)
 .ARM.attributes
                0x00000000000008ca       0x2e c:/users/swallen/appdata/roaming/xpacks/@gnu-mcu-eclipse/arm-none-eabi-gcc/8.2.1-1.3.1/.content/bin/../lib/gcc/arm-none-eabi/8.2.1/../../../../arm-none-eabi/lib/thumb/v7e-m/nofp\libg_nano.a(lib_a-nano-mallocr.o)
 .ARM.attributes
                0x00000000000008f8       0x2e c:/users/swallen/appdata/roaming/xpacks/@gnu-mcu-eclipse/arm-none-eabi-gcc/8.2.1-1.3.1/.content/bin/../lib/gcc/arm-none-eabi/8.2.1/../../../../arm-none-eabi/lib/thumb/v7e-m/nofp\libg_nano.a(lib_a-printf.o)
 .ARM.attributes
                0x0000000000000926       0x2e c:/users/swallen/appdata/roaming/xpacks/@gnu-mcu-eclipse/arm-none-eabi-gcc/8.2.1-1.3.1/.content/bin/../lib/gcc/arm-none-eabi/8.2.1/../../../../arm-none-eabi/lib/thumb/v7e-m/nofp\libg_nano.a(lib_a-sbrkr.o)
 .ARM.attributes
                0x0000000000000954       0x2e c:/users/swallen/appdata/roaming/xpacks/@gnu-mcu-eclipse/arm-none-eabi-gcc/8.2.1-1.3.1/.content/bin/../lib/gcc/arm-none-eabi/8.2.1/../../../../arm-none-eabi/lib/thumb/v7e-m/nofp\libg_nano.a(lib_a-stdio.o)
 .ARM.attributes
                0x0000000000000982       0x1c c:/users/swallen/appdata/roaming/xpacks/@gnu-mcu-eclipse/arm-none-eabi-gcc/8.2.1-1.3.1/.content/bin/../lib/gcc/arm-none-eabi/8.2.1/../../../../arm-none-eabi/lib/thumb/v7e-m/nofp\libg_nano.a(lib_a-strcmp.o)
 .ARM.attributes
                0x000000000000099e       0x2e c:/users/swallen/appdata/roaming/xpacks/@gnu-mcu-eclipse/arm-none-eabi-gcc/8.2.1-1.3.1/.content/bin/../lib/gcc/arm-none-eabi/8.2.1/../../../../arm-none-eabi/lib/thumb/v7e-m/nofp\libg_nano.a(lib_a-vsnprintf.o)
 .ARM.attributes
                0x00000000000009cc       0x2e c:/users/swallen/appdata/roaming/xpacks/@gnu-mcu-eclipse/arm-none-eabi-gcc/8.2.1-1.3.1/.content/bin/../lib/gcc/arm-none-eabi/8.2.1/../../../../arm-none-eabi/lib/thumb/v7e-m/nofp\libg_nano.a(lib_a-writer.o)
 .ARM.attributes
                0x00000000000009fa       0x2e c:/users/swallen/appdata/roaming/xpacks/@gnu-mcu-eclipse/arm-none-eabi-gcc/8.2.1-1.3.1/.content/bin/../lib/gcc/arm-none-eabi/8.2.1/../../../../arm-none-eabi/lib/thumb/v7e-m/nofp\libg_nano.a(lib_a-closer.o)
 .ARM.attributes
                0x0000000000000a28       0x2e c:/users/swallen/appdata/roaming/xpacks/@gnu-mcu-eclipse/arm-none-eabi-gcc/8.2.1-1.3.1/.content/bin/../lib/gcc/arm-none-eabi/8.2.1/../../../../arm-none-eabi/lib/thumb/v7e-m/nofp\libg_nano.a(lib_a-fflush.o)
 .ARM.attributes
                0x0000000000000a56       0x2e c:/users/swallen/appdata/roaming/xpacks/@gnu-mcu-eclipse/arm-none-eabi-gcc/8.2.1-1.3.1/.content/bin/../lib/gcc/arm-none-eabi/8.2.1/../../../../arm-none-eabi/lib/thumb/v7e-m/nofp\libg_nano.a(lib_a-lseekr.o)
 .ARM.attributes
                0x0000000000000a84       0x2e c:/users/swallen/appdata/roaming/xpacks/@gnu-mcu-eclipse/arm-none-eabi-gcc/8.2.1-1.3.1/.content/bin/../lib/gcc/arm-none-eabi/8.2.1/../../../../arm-none-eabi/lib/thumb/v7e-m/nofp\libg_nano.a(lib_a-mlock.o)
 .ARM.attributes
                0x0000000000000ab2       0x2e c:/users/swallen/appdata/roaming/xpacks/@gnu-mcu-eclipse/arm-none-eabi-gcc/8.2.1-1.3.1/.content/bin/../lib/gcc/arm-none-eabi/8.2.1/../../../../arm-none-eabi/lib/thumb/v7e-m/nofp\libg_nano.a(lib_a-nano-freer.o)
 .ARM.attributes
                0x0000000000000ae0       0x2e c:/users/swallen/appdata/roaming/xpacks/@gnu-mcu-eclipse/arm-none-eabi-gcc/8.2.1-1.3.1/.content/bin/../lib/gcc/arm-none-eabi/8.2.1/../../../../arm-none-eabi/lib/thumb/v7e-m/nofp\libg_nano.a(lib_a-nano-svfprintf.o)
 .ARM.attributes
                0x0000000000000b0e       0x2e c:/users/swallen/appdata/roaming/xpacks/@gnu-mcu-eclipse/arm-none-eabi-gcc/8.2.1-1.3.1/.content/bin/../lib/gcc/arm-none-eabi/8.2.1/../../../../arm-none-eabi/lib/thumb/v7e-m/nofp\libg_nano.a(lib_a-nano-vfprintf.o)
 .ARM.attributes
                0x0000000000000b3c       0x2e c:/users/swallen/appdata/roaming/xpacks/@gnu-mcu-eclipse/arm-none-eabi-gcc/8.2.1-1.3.1/.content/bin/../lib/gcc/arm-none-eabi/8.2.1/../../../../arm-none-eabi/lib/thumb/v7e-m/nofp\libg_nano.a(lib_a-nano-vfprintf_i.o)
 .ARM.attributes
                0x0000000000000b6a       0x2e c:/users/swallen/appdata/roaming/xpacks/@gnu-mcu-eclipse/arm-none-eabi-gcc/8.2.1-1.3.1/.content/bin/../lib/gcc/arm-none-eabi/8.2.1/../../../../arm-none-eabi/lib/thumb/v7e-m/nofp\libg_nano.a(lib_a-readr.o)
 .ARM.attributes
                0x0000000000000b98       0x2e c:/users/swallen/appdata/roaming/xpacks/@gnu-mcu-eclipse/arm-none-eabi-gcc/8.2.1-1.3.1/.content/bin/../lib/gcc/arm-none-eabi/8.2.1/../../../../arm-none-eabi/lib/thumb/v7e-m/nofp\libg_nano.a(lib_a-wbuf.o)
 .ARM.attributes
                0x0000000000000bc6       0x2e c:/users/swallen/appdata/roaming/xpacks/@gnu-mcu-eclipse/arm-none-eabi-gcc/8.2.1-1.3.1/.content/bin/../lib/gcc/arm-none-eabi/8.2.1/../../../../arm-none-eabi/lib/thumb/v7e-m/nofp\libg_nano.a(lib_a-wsetup.o)
 .ARM.attributes
                0x0000000000000bf4       0x2e c:/users/swallen/appdata/roaming/xpacks/@gnu-mcu-eclipse/arm-none-eabi-gcc/8.2.1-1.3.1/.content/bin/../lib/gcc/arm-none-eabi/8.2.1/../../../../arm-none-eabi/lib/thumb/v7e-m/nofp\libg_nano.a(lib_a-makebuf.o)
 .ARM.attributes
                0x0000000000000c22       0x1c c:/users/swallen/appdata/roaming/xpacks/@gnu-mcu-eclipse/arm-none-eabi-gcc/8.2.1-1.3.1/.content/bin/../lib/gcc/arm-none-eabi/8.2.1/../../../../arm-none-eabi/lib/thumb/v7e-m/nofp\libg_nano.a(lib_a-memchr.o)
 .ARM.attributes
                0x0000000000000c3e       0x2e c:/users/swallen/appdata/roaming/xpacks/@gnu-mcu-eclipse/arm-none-eabi-gcc/8.2.1-1.3.1/.content/bin/../lib/gcc/arm-none-eabi/8.2.1/../../../../arm-none-eabi/lib/thumb/v7e-m/nofp\libg_nano.a(lib_a-memcpy-stub.o)
 .ARM.attributes
                0x0000000000000c6c       0x2e c:/users/swallen/appdata/roaming/xpacks/@gnu-mcu-eclipse/arm-none-eabi-gcc/8.2.1-1.3.1/.content/bin/../lib/gcc/arm-none-eabi/8.2.1/../../../../arm-none-eabi/lib/thumb/v7e-m/nofp\libg_nano.a(lib_a-memmove.o)
 .ARM.attributes